Archive member included to satisfy reference by file (symbol)

c:/intelfpga_lite/20.1/nios2eds/bin/gnu/h-x86_64-mingw32/bin/../lib/gcc/nios2-elf/10.1.1/../../../../../H-x86_64-mingw32/nios2-elf/lib\libsmallc.a(lib_a-impure.o)
                              obj/default/memtest_small.o (_impure_ptr)
c:/intelfpga_lite/20.1/nios2eds/bin/gnu/h-x86_64-mingw32/bin/../lib/gcc/nios2-elf/10.1.1/../../../../../H-x86_64-mingw32/nios2-elf/lib\libsmallc.a(lib_a-malloc.o)
                              obj/default/memtest_small.o (malloc)
c:/intelfpga_lite/20.1/nios2eds/bin/gnu/h-x86_64-mingw32/bin/../lib/gcc/nios2-elf/10.1.1/../../../../../H-x86_64-mingw32/nios2-elf/lib\libsmallc.a(lib_a-nano-freer.o)
                              c:/intelfpga_lite/20.1/nios2eds/bin/gnu/h-x86_64-mingw32/bin/../lib/gcc/nios2-elf/10.1.1/../../../../../H-x86_64-mingw32/nios2-elf/lib\libsmallc.a(lib_a-malloc.o) (_free_r)
c:/intelfpga_lite/20.1/nios2eds/bin/gnu/h-x86_64-mingw32/bin/../lib/gcc/nios2-elf/10.1.1/../../../../../H-x86_64-mingw32/nios2-elf/lib\libsmallc.a(lib_a-nano-mallocr.o)
                              c:/intelfpga_lite/20.1/nios2eds/bin/gnu/h-x86_64-mingw32/bin/../lib/gcc/nios2-elf/10.1.1/../../../../../H-x86_64-mingw32/nios2-elf/lib\libsmallc.a(lib_a-malloc.o) (_malloc_r)
c:/intelfpga_lite/20.1/nios2eds/bin/gnu/h-x86_64-mingw32/bin/../lib/gcc/nios2-elf/10.1.1/../../../../../H-x86_64-mingw32/nios2-elf/lib\libsmallc.a(lib_a-printf.o)
                              obj/default/memtest_small.o (printf)
c:/intelfpga_lite/20.1/nios2eds/bin/gnu/h-x86_64-mingw32/bin/../lib/gcc/nios2-elf/10.1.1/../../../../../H-x86_64-mingw32/nios2-elf/lib\libsmallc.a(lib_a-putchar.o)
                              obj/default/memtest_small.o (putchar)
c:/intelfpga_lite/20.1/nios2eds/bin/gnu/h-x86_64-mingw32/bin/../lib/gcc/nios2-elf/10.1.1/../../../../../H-x86_64-mingw32/nios2-elf/lib\libsmallc.a(lib_a-puts.o)
                              obj/default/memtest_small.o (puts)
c:/intelfpga_lite/20.1/nios2eds/bin/gnu/h-x86_64-mingw32/bin/../lib/gcc/nios2-elf/10.1.1/../../../../../H-x86_64-mingw32/nios2-elf/lib\libsmallc.a(lib_a-sbrkr.o)
                              c:/intelfpga_lite/20.1/nios2eds/bin/gnu/h-x86_64-mingw32/bin/../lib/gcc/nios2-elf/10.1.1/../../../../../H-x86_64-mingw32/nios2-elf/lib\libsmallc.a(lib_a-nano-mallocr.o) (_sbrk_r)
c:/intelfpga_lite/20.1/nios2eds/bin/gnu/h-x86_64-mingw32/bin/../lib/gcc/nios2-elf/10.1.1/../../../../../H-x86_64-mingw32/nios2-elf/lib\libsmallc.a(lib_a-strlen.o)
                              c:/intelfpga_lite/20.1/nios2eds/bin/gnu/h-x86_64-mingw32/bin/../lib/gcc/nios2-elf/10.1.1/../../../../../H-x86_64-mingw32/nios2-elf/lib\libsmallc.a(lib_a-puts.o) (strlen)
c:/intelfpga_lite/20.1/nios2eds/bin/gnu/h-x86_64-mingw32/bin/../lib/gcc/nios2-elf/10.1.1/../../../../../H-x86_64-mingw32/nios2-elf/lib\libsmallc.a(lib_a-strtol.o)
                              obj/default/memtest_small.o (strtol)
c:/intelfpga_lite/20.1/nios2eds/bin/gnu/h-x86_64-mingw32/bin/../lib/gcc/nios2-elf/10.1.1/../../../../../H-x86_64-mingw32/nios2-elf/lib\libsmallc.a(lib_a-vfprintf.o)
                              c:/intelfpga_lite/20.1/nios2eds/bin/gnu/h-x86_64-mingw32/bin/../lib/gcc/nios2-elf/10.1.1/../../../../../H-x86_64-mingw32/nios2-elf/lib\libsmallc.a(lib_a-printf.o) (___vfprintf_internal_r)
c:/intelfpga_lite/20.1/nios2eds/bin/gnu/h-x86_64-mingw32/bin/../lib/gcc/nios2-elf/10.1.1/../../../../../H-x86_64-mingw32/nios2-elf/lib\libsmallc.a(lib_a-ctype_.o)
                              c:/intelfpga_lite/20.1/nios2eds/bin/gnu/h-x86_64-mingw32/bin/../lib/gcc/nios2-elf/10.1.1/../../../../../H-x86_64-mingw32/nios2-elf/lib\libsmallc.a(lib_a-strtol.o) (_ctype_)
c:/intelfpga_lite/20.1/nios2eds/bin/gnu/h-x86_64-mingw32/bin/../lib/gcc/nios2-elf/10.1.1/../../../../../H-x86_64-mingw32/nios2-elf/lib\libsmallc.a(lib_a-errno.o)
                              c:/intelfpga_lite/20.1/nios2eds/bin/gnu/h-x86_64-mingw32/bin/../lib/gcc/nios2-elf/10.1.1/../../../../../H-x86_64-mingw32/nios2-elf/lib\libsmallc.a(lib_a-strtol.o) (__errno)
c:/intelfpga_lite/20.1/nios2eds/bin/gnu/h-x86_64-mingw32/bin/../lib/gcc/nios2-elf/10.1.1/../../../../../H-x86_64-mingw32/nios2-elf/lib\libsmallc.a(lib_a-fvwrite_small_dev.o)
                              c:/intelfpga_lite/20.1/nios2eds/bin/gnu/h-x86_64-mingw32/bin/../lib/gcc/nios2-elf/10.1.1/../../../../../H-x86_64-mingw32/nios2-elf/lib\libsmallc.a(lib_a-printf.o) (__sfvwrite_small_dev)
c:/intelfpga_lite/20.1/nios2eds/bin/gnu/h-x86_64-mingw32/bin/../lib/gcc/nios2-elf/10.1.1/../../../../../H-x86_64-mingw32/nios2-elf/lib\libsmallc.a(lib_a-int_errno.o)
                              c:/intelfpga_lite/20.1/nios2eds/bin/gnu/h-x86_64-mingw32/bin/../lib/gcc/nios2-elf/10.1.1/../../../../../H-x86_64-mingw32/nios2-elf/lib\libsmallc.a(lib_a-sbrkr.o) (errno)
c:/intelfpga_lite/20.1/nios2eds/bin/gnu/h-x86_64-mingw32/bin/../lib/gcc/nios2-elf/10.1.1/../../../../../H-x86_64-mingw32/nios2-elf/lib\libsmallc.a(lib_a-putc.o)
[...]
Memory Configuration

Name             Origin             Length             Attributes
reset            0x0000000000008000 0x0000000000000020
onchip_mem       0x0000000000008020 0x0000000000004fe0
*default*        0x0000000000000000 0xffffffffffffffff

Linker script and memory map

LOAD c:/Users/dlerner/Documents/FPGA/EC544_Project/software/mem_test_small_custom_bsp//obj/HAL/src/crt0.o
LOAD obj/default/memtest_small.o
LOAD c:/intelfpga_lite/20.1/nios2eds/bin/gnu/h-x86_64-mingw32/bin/../lib/gcc/nios2-elf/10.1.1/../../../../../H-x86_64-mingw32/nios2-elf/lib\libstdc++.a
LOAD c:/intelfpga_lite/20.1/nios2eds/bin/gnu/h-x86_64-mingw32/bin/../lib/gcc/nios2-elf/10.1.1/../../../../../H-x86_64-mingw32/nios2-elf/lib\libm.a
LOAD c:/intelfpga_lite/20.1/nios2eds/bin/gnu/h-x86_64-mingw32/bin/../lib/gcc/nios2-elf/10.1.1\libgcc.a
START GROUP
LOAD c:/intelfpga_lite/20.1/nios2eds/bin/gnu/h-x86_64-mingw32/bin/../lib/gcc/nios2-elf/10.1.1/../../../../../H-x86_64-mingw32/nios2-elf/lib\libsmallc.a
LOAD c:/intelfpga_lite/20.1/nios2eds/bin/gnu/h-x86_64-mingw32/bin/../lib/gcc/nios2-elf/10.1.1\libgcc.a
LOAD c:/Users/dlerner/Documents/FPGA/EC544_Project/software/mem_test_small_custom_bsp/\libhal_bsp.a
LOAD c:/intelfpga_lite/20.1/nios2eds/bin/gnu/h-x86_64-mingw32/bin/../lib/gcc/nios2-elf/10.1.1/../../../../../H-x86_64-mingw32/nios2-elf/lib\libm.a
END GROUP
LOAD c:/intelfpga_lite/20.1/nios2eds/bin/gnu/h-x86_64-mingw32/bin/../lib/gcc/nios2-elf/10.1.1\libgcc.a
                0x0000000000008000                __alt_mem_onchip_mem = 0x8000

.entry          0x0000000000008000       0x20
 *(.entry)
 .entry         0x0000000000008000       0x20 c:/Users/dlerner/Documents/FPGA/EC544_Project/software/mem_test_small_custom_bsp//obj/HAL/src/crt0.o
                0x0000000000008000                __reset
                0x000000000000801c                _exit

.exceptions     0x0000000000008020        0x0
                0x0000000000008020                PROVIDE (__ram_exceptions_start = ABSOLUTE (.))
                0x0000000000008020                . = ALIGN (0x20)
 *(.irq)
 *(.exceptions.entry.label)
 *(.exceptions.entry.user)
 *(.exceptions.entry.ecc_fatal)
 *(.exceptions.entry)
 *(.exceptions.irqtest.user)
 *(.exceptions.irqtest)
 *(.exceptions.irqhandler.user)
 *(.exceptions.irqhandler)
 *(.exceptions.irqreturn.user)
 *(.exceptions.irqreturn)
 *(.exceptions.notirq.label)
 *(.exceptions.notirq.user)
 *(.exceptions.notirq)
 *(.exceptions.soft.user)
 *(.exceptions.soft)
 *(.exceptions.unknown.user)
 *(.exceptions.unknown)
 *(.exceptions.exit.label)
 *(.exceptions.exit.user)
 *(.exceptions.exit)
 *(.exceptions)
                0x0000000000008020                PROVIDE (__ram_exceptions_end = ABSOLUTE (.))
                0x0000000000008020                PROVIDE (__flash_exceptions_start = LOADADDR (.exceptions))

.text           0x0000000000008020     0x1560
                [!provide]                        PROVIDE (stext = ABSOLUTE (.))
 *(.interp)
 *(.hash)
 *(.dynsym)
 *(.dynstr)
 *(.gnu.version)
 *(.gnu.version_d)
 *(.gnu.version_r)
 *(.rel.init)
 *(.rela.init)
 *(.rel.text .rel.text.* .rel.gnu.linkonce.t.*)
 *(.rela.text .rela.text.* .rela.gnu.linkonce.t.*)
 *(.rel.fini)
 *(.rela.fini)
 *(.rel.rodata .rel.rodata.* .rel.gnu.linkonce.r.*)
 *(.rela.rodata .rela.rodata.* .rela.gnu.linkonce.r.*)
 *(.rel.data .rel.data.* .rel.gnu.linkonce.d.*)
 *(.rela.data .rela.data.* .rela.gnu.linkonce.d.*)
 *(.rel.tdata .rel.tdata.* .rel.gnu.linkonce.td.*)
 *(.rela.tdata .rela.tdata.* .rela.gnu.linkonce.td.*)
 *(.rel.tbss .rel.tbss.* .rel.gnu.linkonce.tb.*)
 *(.rela.tbss .rela.tbss.* .rela.gnu.linkonce.tb.*)
 *(.rel.ctors)
 *(.rela.ctors)
 *(.rel.dtors)
 *(.rela.dtors)
 *(.rel.got)
 *(.rela.got)
 *(.rel.sdata .rel.sdata.* .rel.gnu.linkonce.s.*)
 *(.rela.sdata .rela.sdata.* .rela.gnu.linkonce.s.*)
 *(.rel.sbss .rel.sbss.* .rel.gnu.linkonce.sb.*)
 *(.rela.sbss .rela.sbss.* .rela.gnu.linkonce.sb.*)
 *(.rel.sdata2 .rel.sdata2.* .rel.gnu.linkonce.s2.*)
 *(.rela.sdata2 .rela.sdata2.* .rela.gnu.linkonce.s2.*)
 *(.rel.sbss2 .rel.sbss2.* .rel.gnu.linkonce.sb2.*)
 *(.rela.sbss2 .rela.sbss2.* .rela.gnu.linkonce.sb2.*)
 *(.rel.bss .rel.bss.* .rel.gnu.linkonce.b.*)
 *(.rela.bss .rela.bss.* .rela.gnu.linkonce.b.*)
 *(.rel.plt)
 *(.rela.plt)
 *(.rel.dyn)
 *(.init)
 *(.plt)
 *(.text .stub .text.* .gnu.linkonce.t.*)
 .text          0x0000000000008020       0x3c c:/Users/dlerner/Documents/FPGA/EC544_Project/software/mem_test_small_custom_bsp//obj/HAL/src/crt0.o
                0x0000000000008020                _start
 .text          0x000000000000805c       0x70 obj/default/memtest_small.o
                0x000000000000805c                GetInputString
 .text.startup  0x00000000000080cc      0x2ac obj/default/memtest_small.o
                0x00000000000080cc                main
 .text          0x0000000000008378        0x0 c:/intelfpga_lite/20.1/nios2eds/bin/gnu/h-x86_64-mingw32/bin/../lib/gcc/nios2-elf/10.1.1/../../../../../H-x86_64-mingw32/nios2-elf/lib\libsmallc.a(lib_a-impure.o)
 .text          0x0000000000008378        0x0 c:/intelfpga_lite/20.1/nios2eds/bin/gnu/h-x86_64-mingw32/bin/../lib/gcc/nios2-elf/10.1.1/../../../../../H-x86_64-mingw32/nios2-elf/lib\libsmallc.a(lib_a-malloc.o)
 .text.malloc   0x0000000000008378       0x10 c:/intelfpga_lite/20.1/nios2eds/bin/gnu/h-x86_64-mingw32/bin/../lib/gcc/nios2-elf/10.1.1/../../../../../H-x86_64-mingw32/nios2-elf/lib\libsmallc.a(lib_a-malloc.o)
                0x0000000000008378                malloc
 .text.free     0x0000000000008388       0x10 c:/intelfpga_lite/20.1/nios2eds/bin/gnu/h-x86_64-mingw32/bin/../lib/gcc/nios2-elf/10.1.1/../../../../../H-x86_64-mingw32/nios2-elf/lib\libsmallc.a(lib_a-malloc.o)
                0x0000000000008388                free
 .text          0x0000000000008398        0x0 c:/intelfpga_lite/20.1/nios2eds/bin/gnu/h-x86_64-mingw32/bin/../lib/gcc/nios2-elf/10.1.1/../../../../../H-x86_64-mingw32/nios2-elf/lib\libsmallc.a(lib_a-nano-freer.o)
 .text._free_r  0x0000000000008398      0x100 c:/intelfpga_lite/20.1/nios2eds/bin/gnu/h-x86_64-mingw32/bin/../lib/gcc/nios2-elf/10.1.1/../../../../../H-x86_64-mingw32/nios2-elf/lib\libsmallc.a(lib_a-nano-freer.o)
                0x0000000000008398                _free_r
 .text          0x0000000000008498        0x0 c:/intelfpga_lite/20.1/nios2eds/bin/gnu/h-x86_64-mingw32/bin/../lib/gcc/nios2-elf/10.1.1/../../../../../H-x86_64-mingw32/nios2-elf/lib\libsmallc.a(lib_a-nano-mallocr.o)
 .text._malloc_r
                0x0000000000008498      0x160 c:/intelfpga_lite/20.1/nios2eds/bin/gnu/h-x86_64-mingw32/bin/../lib/gcc/nios2-elf/10.1.1/../../../../../H-x86_64-mingw32/nios2-elf/lib\libsmallc.a(lib_a-nano-mallocr.o)
                0x0000000000008498                _malloc_r
 .text          0x00000000000085f8        0x0 c:/intelfpga_lite/20.1/nios2eds/bin/gnu/h-x86_64-mingw32/bin/../lib/gcc/nios2-elf/10.1.1/../../../../../H-x86_64-mingw32/nios2-elf/lib\libsmallc.a(lib_a-printf.o)
 .text._printf_r
                0x00000000000085f8       0x3c c:/intelfpga_lite/20.1/nios2eds/bin/gnu/h-x86_64-mingw32/bin/../lib/gcc/nios2-elf/10.1.1/../../../../../H-x86_64-mingw32/nios2-elf/lib\libsmallc.a(lib_a-printf.o)
                0x00000000000085f8                _printf_r
 .text.printf   0x0000000000008634       0x48 c:/intelfpga_lite/20.1/nios2eds/bin/gnu/h-x86_64-mingw32/bin/../lib/gcc/nios2-elf/10.1.1/../../../../../H-x86_64-mingw32/nios2-elf/lib\libsmallc.a(lib_a-printf.o)
                0x0000000000008634                printf
 .text          0x000000000000867c        0x0 c:/intelfpga_lite/20.1/nios2eds/bin/gnu/h-x86_64-mingw32/bin/../lib/gcc/nios2-elf/10.1.1/../../../../../H-x86_64-mingw32/nios2-elf/lib\libsmallc.a(lib_a-putchar.o)
 .text._putchar_r
                0x000000000000867c        0x8 c:/intelfpga_lite/20.1/nios2eds/bin/gnu/h-x86_64-mingw32/bin/../lib/gcc/nios2-elf/10.1.1/../../../../../H-x86_64-mingw32/nios2-elf/lib\libsmallc.a(lib_a-putchar.o)
                0x000000000000867c                _putchar_r
 .text.putchar  0x0000000000008684       0x18 c:/intelfpga_lite/20.1/nios2eds/bin/gnu/h-x86_64-mingw32/bin/../lib/gcc/nios2-elf/10.1.1/../../../../../H-x86_64-mingw32/nios2-elf/lib\libsmallc.a(lib_a-putchar.o)
                0x0000000000008684                putchar
 .text          0x000000000000869c        0x0 c:/intelfpga_lite/20.1/nios2eds/bin/gnu/h-x86_64-mingw32/bin/../lib/gcc/nios2-elf/10.1.1/../../../../../H-x86_64-mingw32/nios2-elf/lib\libsmallc.a(lib_a-puts.o)
 .text._puts_r  0x000000000000869c       0x80 c:/intelfpga_lite/20.1/nios2eds/bin/gnu/h-x86_64-mingw32/bin/../lib/gcc/nios2-elf/10.1.1/../../../../../H-x86_64-mingw32/nios2-elf/lib\libsmallc.a(lib_a-puts.o)
                0x000000000000869c                _puts_r
 .text.puts     0x000000000000871c       0x10 c:/intelfpga_lite/20.1/nios2eds/bin/gnu/h-x86_64-mingw32/bin/../lib/gcc/nios2-elf/10.1.1/../../../../../H-x86_64-mingw32/nios2-elf/lib\libsmallc.a(lib_a-puts.o)
                0x000000000000871c                puts
 .text          0x000000000000872c        0x0 c:/intelfpga_lite/20.1/nios2eds/bin/gnu/h-x86_64-mingw32/bin/../lib/gcc/nios2-elf/10.1.1/../../../../../H-x86_64-mingw32/nios2-elf/lib\libsmallc.a(lib_a-sbrkr.o)
 .text._sbrk_r  0x000000000000872c       0x48 c:/intelfpga_lite/20.1/nios2eds/bin/gnu/h-x86_64-mingw32/bin/../lib/gcc/nios2-elf/10.1.1/../../../../../H-x86_64-mingw32/nios2-elf/lib\libsmallc.a(lib_a-sbrkr.o)
                0x000000000000872c                _sbrk_r
 .text          0x0000000000008774        0x0 c:/intelfpga_lite/20.1/nios2eds/bin/gnu/h-x86_64-mingw32/bin/../lib/gcc/nios2-elf/10.1.1/../../../../../H-x86_64-mingw32/nios2-elf/lib\libsmallc.a(lib_a-strlen.o)
 .text.strlen   0x0000000000008774       0x1c c:/intelfpga_lite/20.1/nios2eds/bin/gnu/h-x86_64-mingw32/bin/../lib/gcc/nios2-elf/10.1.1/../../../../../H-x86_64-mingw32/nios2-elf/lib\libsmallc.a(lib_a-strlen.o)
                0x0000000000008774                strlen
 .text          0x0000000000008790        0x0 c:/intelfpga_lite/20.1/nios2eds/bin/gnu/h-x86_64-mingw32/bin/../lib/gcc/nios2-elf/10.1.1/../../../../../H-x86_64-mingw32/nios2-elf/lib\libsmallc.a(lib_a-strtol.o)
 .text._strtol_l.constprop.0
                0x0000000000008790      0x200 c:/intelfpga_lite/20.1/nios2eds/bin/gnu/h-x86_64-mingw32/bin/../lib/gcc/nios2-elf/10.1.1/../../../../../H-x86_64-mingw32/nios2-elf/lib\libsmallc.a(lib_a-strtol.o)
 .text._strtol_r
                0x0000000000008990        0x4 c:/intelfpga_lite/20.1/nios2eds/bin/gnu/h-x86_64-mingw32/bin/../lib/gcc/nios2-elf/10.1.1/../../../../../H-x86_64-mingw32/nios2-elf/lib\libsmallc.a(lib_a-strtol.o)
                0x0000000000008990                _strtol_r
 .text.strtol_l
                0x0000000000008994       0x18 c:/intelfpga_lite/20.1/nios2eds/bin/gnu/h-x86_64-mingw32/bin/../lib/gcc/nios2-elf/10.1.1/../../../../../H-x86_64-mingw32/nios2-elf/lib\libsmallc.a(lib_a-strtol.o)
                0x0000000000008994                strtol_l
 .text.strtol   0x00000000000089ac       0x18 c:/intelfpga_lite/20.1/nios2eds/bin/gnu/h-x86_64-mingw32/bin/../lib/gcc/nios2-elf/10.1.1/../../../../../H-x86_64-mingw32/nios2-elf/lib\libsmallc.a(lib_a-strtol.o)
                0x00000000000089ac                strtol
 .text          0x00000000000089c4        0x0 c:/intelfpga_lite/20.1/nios2eds/bin/gnu/h-x86_64-mingw32/bin/../lib/gcc/nios2-elf/10.1.1/../../../../../H-x86_64-mingw32/nios2-elf/lib\libsmallc.a(lib_a-vfprintf.o)
 .text.print_repeat
                0x00000000000089c4       0x6c c:/intelfpga_lite/20.1/nios2eds/bin/gnu/h-x86_64-mingw32/bin/../lib/gcc/nios2-elf/10.1.1/../../../../../H-x86_64-mingw32/nios2-elf/lib\libsmallc.a(lib_a-vfprintf.o)
 .text.___vfprintf_internal_r
                0x0000000000008a30      0x4ec c:/intelfpga_lite/20.1/nios2eds/bin/gnu/h-x86_64-mingw32/bin/../lib/gcc/nios2-elf/10.1.1/../../../../../H-x86_64-mingw32/nios2-elf/lib\libsmallc.a(lib_a-vfprintf.o)
                0x0000000000008a30                ___vfprintf_internal_r
 .text.__vfprintf_internal
                0x0000000000008f1c       0x18 c:/intelfpga_lite/20.1/nios2eds/bin/gnu/h-x86_64-mingw32/bin/../lib/gcc/nios2-elf/10.1.1/../../../../../H-x86_64-mingw32/nios2-elf/lib\libsmallc.a(lib_a-vfprintf.o)
                0x0000000000008f1c                __vfprintf_internal
 .text          0x0000000000008f34        0x0 c:/intelfpga_lite/20.1/nios2eds/bin/gnu/h-x86_64-mingw32/bin/../lib/gcc/nios2-elf/10.1.1/../../../../../H-x86_64-mingw32/nios2-elf/lib\libsmallc.a(lib_a-ctype_.o)
 .text          0x0000000000008f34        0x0 c:/intelfpga_lite/20.1/nios2eds/bin/gnu/h-x86_64-mingw32/bin/../lib/gcc/nios2-elf/10.1.1/../../../../../H-x86_64-mingw32/nios2-elf/lib\libsmallc.a(lib_a-errno.o)
 .text.__errno  0x0000000000008f34        0xc c:/intelfpga_lite/20.1/nios2eds/bin/gnu/h-x86_64-mingw32/bin/../lib/gcc/nios2-elf/10.1.1/../../../../../H-x86_64-mingw32/nios2-elf/lib\libsmallc.a(lib_a-errno.o)
                0x0000000000008f34                __errno
 .text          0x0000000000008f40        0x0 c:/intelfpga_lite/20.1/nios2eds/bin/gnu/h-x86_64-mingw32/bin/../lib/gcc/nios2-elf/10.1.1/../../../../../H-x86_64-mingw32/nios2-elf/lib\libsmallc.a(lib_a-fvwrite_small_dev.o)
 .text.__sfvwrite_small_dev
                0x0000000000008f40       0xa8 c:/intelfpga_lite/20.1/nios2eds/bin/gnu/h-x86_64-mingw32/bin/../lib/gcc/nios2-elf/10.1.1/../../../../../H-x86_64-mingw32/nios2-elf/lib\libsmallc.a(lib_a-fvwrite_small_dev.o)
                0x0000000000008f40                __sfvwrite_small_dev
 .text          0x0000000000008fe8        0x0 c:/intelfpga_lite/20.1/nios2eds/bin/gnu/h-x86_64-mingw32/bin/../lib/gcc/nios2-elf/10.1.1/../../../../../H-x86_64-mingw32/nios2-elf/lib\libsmallc.a(lib_a-int_errno.o)
 .text          0x0000000000008fe8        0x0 c:/intelfpga_lite/20.1/nios2eds/bin/gnu/h-x86_64-mingw32/bin/../lib/gcc/nios2-elf/10.1.1/../../../../../H-x86_64-mingw32/nios2-elf/lib\libsmallc.a(lib_a-putc.o)
 .text.putc     0x0000000000008fe8       0x50 c:/intelfpga_lite/20.1/nios2eds/bin/gnu/h-x86_64-mingw32/bin/../lib/gcc/nios2-elf/10.1.1/../../../../../H-x86_64-mingw32/nios2-elf/lib\libsmallc.a(lib_a-putc.o)
                0x0000000000008fe8                putc
 .text._putc_r  0x0000000000009038       0x54 c:/intelfpga_lite/20.1/nios2eds/bin/gnu/h-x86_64-mingw32/bin/../lib/gcc/nios2-elf/10.1.1/../../../../../H-x86_64-mingw32/nios2-elf/lib\libsmallc.a(lib_a-putc.o)
                0x0000000000009038                _putc_r
 .text          0x000000000000908c        0x0 c:/intelfpga_lite/20.1/nios2eds/bin/gnu/h-x86_64-mingw32/bin/../lib/gcc/nios2-elf/10.1.1/../../../../../H-x86_64-mingw32/nios2-elf/lib\libsmallc.a(lib_a-writer.o)
 .text._write_r
                0x000000000000908c       0x50 c:/intelfpga_lite/20.1/nios2eds/bin/gnu/h-x86_64-mingw32/bin/../lib/gcc/nios2-elf/10.1.1/../../../../../H-x86_64-mingw32/nios2-elf/lib\libsmallc.a(lib_a-writer.o)
                0x000000000000908c                _write_r
 .text          0x00000000000090dc      0x1b4 c:/intelfpga_lite/20.1/nios2eds/bin/gnu/h-x86_64-mingw32/bin/../lib/gcc/nios2-elf/10.1.1\libgcc.a(lib2-divmod.o)
                0x00000000000090dc                __divsi3
                0x000000000000915c                __modsi3
                0x00000000000091d0                __udivsi3
                0x0000000000009234                __umodsi3
 .text          0x0000000000009290       0x40 c:/Users/dlerner/Documents/FPGA/EC544_Project/software/mem_test_small_custom_bsp/\libhal_bsp.a(alt_getchar.o)
                0x0000000000009290                alt_getchar
 .text          0x00000000000092d0       0x84 c:/Users/dlerner/Documents/FPGA/EC544_Project/software/mem_test_small_custom_bsp/\libhal_bsp.a(alt_load.o)
                0x00000000000092d0                alt_load
 .text          0x0000000000009354       0x2c c:/Users/dlerner/Documents/FPGA/EC544_Project/software/mem_test_small_custom_bsp/\libhal_bsp.a(alt_main.o)
                0x0000000000009354                alt_main
 .text          0x0000000000009380        0x8 c:/Users/dlerner/Documents/FPGA/EC544_Project/software/mem_test_small_custom_bsp/\libhal_bsp.a(alt_malloc_lock.o)
                0x0000000000009380                __malloc_lock
                0x0000000000009384                __malloc_unlock
 .text          0x0000000000009388       0x4c c:/Users/dlerner/Documents/FPGA/EC544_Project/software/mem_test_small_custom_bsp/\libhal_bsp.a(alt_sbrk.o)
                0x0000000000009388                sbrk
 .text          0x00000000000093d4       0x5c c:/Users/dlerner/Documents/FPGA/EC544_Project/software/mem_test_small_custom_bsp/\libhal_bsp.a(alt_write.o)
                0x00000000000093d4                write
 .text          0x0000000000009430       0x24 c:/Users/dlerner/Documents/FPGA/EC544_Project/software/mem_test_small_custom_bsp/\libhal_bsp.a(alt_sys_init.o)
                0x0000000000009430                alt_irq_init
                0x0000000000009450                alt_sys_init
 .text          0x0000000000009454       0x58 c:/Users/dlerner/Documents/FPGA/EC544_Project/software/mem_test_small_custom_bsp/\libhal_bsp.a(altera_avalon_jtag_uart_read.o)
                0x0000000000009454                altera_avalon_jtag_uart_read
 .text          0x00000000000094ac       0x30 c:/Users/dlerner/Documents/FPGA/EC544_Project/software/mem_test_small_custom_bsp/\libhal_bsp.a(altera_avalon_jtag_uart_write.o)
                0x00000000000094ac                altera_avalon_jtag_uart_write
 .text          0x00000000000094dc        0x4 c:/Users/dlerner/Documents/FPGA/EC544_Project/software/mem_test_small_custom_bsp/\libhal_bsp.a(alt_dcache_flush_all.o)
                0x00000000000094dc                alt_dcache_flush_all
 .text          0x00000000000094e0        0x8 c:/Users/dlerner/Documents/FPGA/EC544_Project/software/mem_test_small_custom_bsp/\libhal_bsp.a(alt_dev.o)
 .text          0x00000000000094e8        0x0 c:/Users/dlerner/Documents/FPGA/EC544_Project/software/mem_test_small_custom_bsp/\libhal_bsp.a(alt_errno.o)
 .text          0x00000000000094e8        0xc c:/Users/dlerner/Documents/FPGA/EC544_Project/software/mem_test_small_custom_bsp/\libhal_bsp.a(alt_icache_flush_all.o)
                0x00000000000094e8                alt_icache_flush_all
 .text          0x00000000000094f4        0x8 c:/Users/dlerner/Documents/FPGA/EC544_Project/software/mem_test_small_custom_bsp/\libhal_bsp.a(altera_nios2_gen2_irq.o)
                0x00000000000094f4                altera_nios2_gen2_irq_init
 .text          0x00000000000094fc       0x5c c:/Users/dlerner/Documents/FPGA/EC544_Project/software/mem_test_small_custom_bsp/\libhal_bsp.a(alt_icache_flush.o)
                0x00000000000094fc                alt_icache_flush
 .text          0x0000000000009558        0x0 c:/intelfpga_lite/20.1/nios2eds/bin/gnu/h-x86_64-mingw32/bin/../lib/gcc/nios2-elf/10.1.1/../../../../../H-x86_64-mingw32/nios2-elf/lib\libsmallc.a(lib_a-memcpy.o)
 .text.memcpy   0x0000000000009558       0x28 c:/intelfpga_lite/20.1/nios2eds/bin/gnu/h-x86_64-mingw32/bin/../lib/gcc/nios2-elf/10.1.1/../../../../../H-x86_64-mingw32/nios2-elf/lib\libsmallc.a(lib_a-memcpy.o)
                0x0000000000009558                memcpy
 *(.gnu.warning.*)
 *(.fini)
                [!provide]                        PROVIDE (__etext = ABSOLUTE (.))
                [!provide]                        PROVIDE (_etext = ABSOLUTE (.))
                [!provide]                        PROVIDE (etext = ABSOLUTE (.))
 *(.eh_frame_hdr)
                0x0000000000009580                . = ALIGN (0x4)
                [!provide]                        PROVIDE (__preinit_array_start = ABSOLUTE (.))
 *(.preinit_array)
                [!provide]                        PROVIDE (__preinit_array_end = ABSOLUTE (.))
                [!provide]                        PROVIDE (__init_array_start = ABSOLUTE (.))
 *(.init_array)
                [!provide]                        PROVIDE (__init_array_end = ABSOLUTE (.))
                [!provide]                        PROVIDE (__fini_array_start = ABSOLUTE (.))
 *(.fini_array)
                [!provide]                        PROVIDE (__fini_array_end = ABSOLUTE (.))
 *(.eh_frame)
 *(.gcc_except_table .gcc_except_table.*)
 *(.dynamic)
                [!provide]                        PROVIDE (__CTOR_LIST__ = ABSOLUTE (.))
 *(.ctors)
 *(SORT_BY_NAME(.ctors.*))
                [!provide]                        PROVIDE (__CTOR_END__ = ABSOLUTE (.))
                [!provide]                        PROVIDE (__DTOR_LIST__ = ABSOLUTE (.))
 *(.dtors)
 *(SORT_BY_NAME(.dtors.*))
                [!provide]                        PROVIDE (__DTOR_END__ = ABSOLUTE (.))
 *(.jcr)
                0x0000000000009580                . = ALIGN (0x4)

.rodata         0x0000000000009580      0x570
                0x0000000000009580                PROVIDE (__ram_rodata_start = ABSOLUTE (.))
                0x0000000000009580                . = ALIGN (0x4)
 *(.rodata .rodata.* .gnu.linkonce.r.*)
 .rodata.str1.4
                0x0000000000009580      0x2df obj/default/memtest_small.o
                                        0x2e3 (size before relaxing)
 .rodata._puts_r.str1.4
                0x000000000000985f        0x2 c:/intelfpga_lite/20.1/nios2eds/bin/gnu/h-x86_64-mingw32/bin/../lib/gcc/nios2-elf/10.1.1/../../../../../H-x86_64-mingw32/nios2-elf/lib\libsmallc.a(lib_a-puts.o)
 *fill*         0x000000000000985f        0x1 
 .rodata._ctype_
                0x0000000000009860      0x101 c:/intelfpga_lite/20.1/nios2eds/bin/gnu/h-x86_64-mingw32/bin/../lib/gcc/nios2-elf/10.1.1/../../../../../H-x86_64-mingw32/nios2-elf/lib\libsmallc.a(lib_a-ctype_.o)
                0x0000000000009860                _ctype_
 *fill*         0x0000000000009961        0x3 
 .rodata._ctype_b
                0x0000000000009964      0x180 c:/intelfpga_lite/20.1/nios2eds/bin/gnu/h-x86_64-mingw32/bin/../lib/gcc/nios2-elf/10.1.1/../../../../../H-x86_64-mingw32/nios2-elf/lib\libsmallc.a(lib_a-ctype_.o)
                0x0000000000009964                _ctype_b
 .rodata.str1.4
                0x0000000000009ae4        0xa c:/Users/dlerner/Documents/FPGA/EC544_Project/software/mem_test_small_custom_bsp/\libhal_bsp.a(alt_dev.o)
 *(.rodata1)
                0x0000000000009af0                . = ALIGN (0x4)
 *fill*         0x0000000000009aee        0x2 
                0x0000000000009af0                PROVIDE (__ram_rodata_end = ABSOLUTE (.))
                0x0000000000009580                PROVIDE (__flash_rodata_start = LOADADDR (.rodata))

.rwdata         0x0000000000009af0      0x164 load address 0x0000000000009c54
                0x0000000000009af0                PROVIDE (__ram_rwdata_start = ABSOLUTE (.))
                0x0000000000009af0                . = ALIGN (0x4)
 *(.got.plt)
 *(.got)
 *(.data1)
 *(.data .data.* .gnu.linkonce.d.*)
 .data          0x0000000000009af0        0x0 c:/Users/dlerner/Documents/FPGA/EC544_Project/software/mem_test_small_custom_bsp//obj/HAL/src/crt0.o
 .data          0x0000000000009af0        0x0 obj/default/memtest_small.o
 .data          0x0000000000009af0        0x0 c:/intelfpga_lite/20.1/nios2eds/bin/gnu/h-x86_64-mingw32/bin/../lib/gcc/nios2-elf/10.1.1/../../../../../H-x86_64-mingw32/nios2-elf/lib\libsmallc.a(lib_a-impure.o)
 .data.impure_data
                0x0000000000009af0       0xe4 c:/intelfpga_lite/20.1/nios2eds/bin/gnu/h-x86_64-mingw32/bin/../lib/gcc/nios2-elf/10.1.1/../../../../../H-x86_64-mingw32/nios2-elf/lib\libsmallc.a(lib_a-impure.o)
 .data          0x0000000000009bd4        0x0 c:/intelfpga_lite/20.1/nios2eds/bin/gnu/h-x86_64-mingw32/bin/../lib/gcc/nios2-elf/10.1.1/../../../../../H-x86_64-mingw32/nios2-elf/lib\libsmallc.a(lib_a-malloc.o)
 .data          0x0000000000009bd4        0x0 c:/intelfpga_lite/20.1/nios2eds/bin/gnu/h-x86_64-mingw32/bin/../lib/gcc/nios2-elf/10.1.1/../../../../../H-x86_64-mingw32/nios2-elf/lib\libsmallc.a(lib_a-nano-freer.o)
 .data          0x0000000000009bd4        0x0 c:/intelfpga_lite/20.1/nios2eds/bin/gnu/h-x86_64-mingw32/bin/../lib/gcc/nios2-elf/10.1.1/../../../../../H-x86_64-mingw32/nios2-elf/lib\libsmallc.a(lib_a-nano-mallocr.o)
 .data          0x0000000000009bd4        0x0 c:/intelfpga_lite/20.1/nios2eds/bin/gnu/h-x86_64-mingw32/bin/../lib/gcc/nios2-elf/10.1.1/../../../../../H-x86_64-mingw32/nios2-elf/lib\libsmallc.a(lib_a-printf.o)
 .data          0x0000000000009bd4        0x0 c:/intelfpga_lite/20.1/nios2eds/bin/gnu/h-x86_64-mingw32/bin/../lib/gcc/nios2-elf/10.1.1/../../../../../H-x86_64-mingw32/nios2-elf/lib\libsmallc.a(lib_a-putchar.o)
 .data          0x0000000000009bd4        0x0 c:/intelfpga_lite/20.1/nios2eds/bin/gnu/h-x86_64-mingw32/bin/../lib/gcc/nios2-elf/10.1.1/../../../../../H-x86_64-mingw32/nios2-elf/lib\libsmallc.a(lib_a-puts.o)
 .data          0x0000000000009bd4        0x0 c:/intelfpga_lite/20.1/nios2eds/bin/gnu/h-x86_64-mingw32/bin/../lib/gcc/nios2-elf/10.1.1/../../../../../H-x86_64-mingw32/nios2-elf/lib\libsmallc.a(lib_a-sbrkr.o)
 .data          0x0000000000009bd4        0x0 c:/intelfpga_lite/20.1/nios2eds/bin/gnu/h-x86_64-mingw32/bin/../lib/gcc/nios2-elf/10.1.1/../../../../../H-x86_64-mingw32/nios2-elf/lib\libsmallc.a(lib_a-strlen.o)
 .data          0x0000000000009bd4        0x0 c:/intelfpga_lite/20.1/nios2eds/bin/gnu/h-x86_64-mingw32/bin/../lib/gcc/nios2-elf/10.1.1/../../../../../H-x86_64-mingw32/nios2-elf/lib\libsmallc.a(lib_a-strtol.o)
 .data          0x0000000000009bd4        0x0 c:/intelfpga_lite/20.1/nios2eds/bin/gnu/h-x86_64-mingw32/bin/../lib/gcc/nios2-elf/10.1.1/../../../../../H-x86_64-mingw32/nios2-elf/lib\libsmallc.a(lib_a-vfprintf.o)
 .data          0x0000000000009bd4        0x0 c:/intelfpga_lite/20.1/nios2eds/bin/gnu/h-x86_64-mingw32/bin/../lib/gcc/nios2-elf/10.1.1/../../../../../H-x86_64-mingw32/nios2-elf/lib\libsmallc.a(lib_a-ctype_.o)
 .data          0x0000000000009bd4        0x0 c:/intelfpga_lite/20.1/nios2eds/bin/gnu/h-x86_64-mingw32/bin/../lib/gcc/nios2-elf/10.1.1/../../../../../H-x86_64-mingw32/nios2-elf/lib\libsmallc.a(lib_a-errno.o)
 .data          0x0000000000009bd4        0x0 c:/intelfpga_lite/20.1/nios2eds/bin/gnu/h-x86_64-mingw32/bin/../lib/gcc/nios2-elf/10.1.1/../../../../../H-x86_64-mingw32/nios2-elf/lib\libsmallc.a(lib_a-fvwrite_small_dev.o)
 .data          0x0000000000009bd4        0x0 c:/intelfpga_lite/20.1/nios2eds/bin/gnu/h-x86_64-mingw32/bin/../lib/gcc/nios2-elf/10.1.1/../../../../../H-x86_64-mingw32/nios2-elf/lib\libsmallc.a(lib_a-int_errno.o)
 .data          0x0000000000009bd4        0x0 c:/intelfpga_lite/20.1/nios2eds/bin/gnu/h-x86_64-mingw32/bin/../lib/gcc/nios2-elf/10.1.1/../../../../../H-x86_64-mingw32/nios2-elf/lib\libsmallc.a(lib_a-putc.o)
 .data          0x0000000000009bd4        0x0 c:/intelfpga_lite/20.1/nios2eds/bin/gnu/h-x86_64-mingw32/bin/../lib/gcc/nios2-elf/10.1.1/../../../../../H-x86_64-mingw32/nios2-elf/lib\libsmallc.a(lib_a-writer.o)
 .data          0x0000000000009bd4        0x0 c:/intelfpga_lite/20.1/nios2eds/bin/gnu/h-x86_64-mingw32/bin/../lib/gcc/nios2-elf/10.1.1\libgcc.a(lib2-divmod.o)
 .data          0x0000000000009bd4        0x0 c:/Users/dlerner/Documents/FPGA/EC544_Project/software/mem_test_small_custom_bsp/\libhal_bsp.a(alt_getchar.o)
 .data          0x0000000000009bd4        0x0 c:/Users/dlerner/Documents/FPGA/EC544_Project/software/mem_test_small_custom_bsp/\libhal_bsp.a(alt_load.o)
 .data          0x0000000000009bd4        0x0 c:/Users/dlerner/Documents/FPGA/EC544_Project/software/mem_test_small_custom_bsp/\libhal_bsp.a(alt_main.o)
 .data          0x0000000000009bd4        0x0 c:/Users/dlerner/Documents/FPGA/EC544_Project/software/mem_test_small_custom_bsp/\libhal_bsp.a(alt_malloc_lock.o)
 .data          0x0000000000009bd4        0x0 c:/Users/dlerner/Documents/FPGA/EC544_Project/software/mem_test_small_custom_bsp/\libhal_bsp.a(alt_sbrk.o)
 .data          0x0000000000009bd4        0x0 c:/Users/dlerner/Documents/FPGA/EC544_Project/software/mem_test_small_custom_bsp/\libhal_bsp.a(alt_write.o)
 .data          0x0000000000009bd4        0x0 c:/Users/dlerner/Documents/FPGA/EC544_Project/software/mem_test_small_custom_bsp/\libhal_bsp.a(alt_sys_init.o)
 .data          0x0000000000009bd4        0x0 c:/Users/dlerner/Documents/FPGA/EC544_Project/software/mem_test_small_custom_bsp/\libhal_bsp.a(altera_avalon_jtag_uart_read.o)
 .data          0x0000000000009bd4        0x0 c:/Users/dlerner/Documents/FPGA/EC544_Project/software/mem_test_small_custom_bsp/\libhal_bsp.a(altera_avalon_jtag_uart_write.o)
 .data          0x0000000000009bd4        0x0 c:/Users/dlerner/Documents/FPGA/EC544_Project/software/mem_test_small_custom_bsp/\libhal_bsp.a(alt_dcache_flush_all.o)
 .data          0x0000000000009bd4       0x58 c:/Users/dlerner/Documents/FPGA/EC544_Project/software/mem_test_small_custom_bsp/\libhal_bsp.a(alt_dev.o)
                0x0000000000009bd4                alt_fd_list
                0x0000000000009c04                alt_dev_null
 .data          0x0000000000009c2c        0x0 c:/Users/dlerner/Documents/FPGA/EC544_Project/software/mem_test_small_custom_bsp/\libhal_bsp.a(alt_errno.o)
 .data          0x0000000000009c2c        0x0 c:/Users/dlerner/Documents/FPGA/EC544_Project/software/mem_test_small_custom_bsp/\libhal_bsp.a(alt_icache_flush_all.o)
 .data          0x0000000000009c2c        0x0 c:/Users/dlerner/Documents/FPGA/EC544_Project/software/mem_test_small_custom_bsp/\libhal_bsp.a(altera_nios2_gen2_irq.o)
 .data          0x0000000000009c2c        0x0 c:/Users/dlerner/Documents/FPGA/EC544_Project/software/mem_test_small_custom_bsp/\libhal_bsp.a(alt_icache_flush.o)
 .data          0x0000000000009c2c        0x0 c:/intelfpga_lite/20.1/nios2eds/bin/gnu/h-x86_64-mingw32/bin/../lib/gcc/nios2-elf/10.1.1/../../../../../H-x86_64-mingw32/nios2-elf/lib\libsmallc.a(lib_a-memcpy.o)
                0x0000000000011c2c                _gp = ABSOLUTE ((. + 0x8000))
                [!provide]                        PROVIDE (gp = _gp)
 *(.rwdata .rwdata.*)
 *(.sdata .sdata.* .gnu.linkonce.s.*)
 .sdata._global_impure_ptr
                0x0000000000009c2c        0x4 c:/intelfpga_lite/20.1/nios2eds/bin/gnu/h-x86_64-mingw32/bin/../lib/gcc/nios2-elf/10.1.1/../../../../../H-x86_64-mingw32/nios2-elf/lib\libsmallc.a(lib_a-impure.o)
                0x0000000000009c2c                _global_impure_ptr
 .sdata._impure_ptr
                0x0000000000009c30        0x4 c:/intelfpga_lite/20.1/nios2eds/bin/gnu/h-x86_64-mingw32/bin/../lib/gcc/nios2-elf/10.1.1/../../../../../H-x86_64-mingw32/nios2-elf/lib\libsmallc.a(lib_a-impure.o)
                0x0000000000009c30                _impure_ptr
 .sdata         0x0000000000009c34        0x4 c:/Users/dlerner/Documents/FPGA/EC544_Project/software/mem_test_small_custom_bsp/\libhal_bsp.a(alt_sbrk.o)
 .sdata         0x0000000000009c38        0x4 c:/Users/dlerner/Documents/FPGA/EC544_Project/software/mem_test_small_custom_bsp/\libhal_bsp.a(alt_sys_init.o)
                0x0000000000009c38                jtag_uart
 .sdata         0x0000000000009c3c       0x14 c:/Users/dlerner/Documents/FPGA/EC544_Project/software/mem_test_small_custom_bsp/\libhal_bsp.a(alt_dev.o)
                0x0000000000009c3c                alt_max_fd
                0x0000000000009c40                alt_dev_list
                0x0000000000009c48                alt_fs_list
 .sdata         0x0000000000009c50        0x4 c:/Users/dlerner/Documents/FPGA/EC544_Project/software/mem_test_small_custom_bsp/\libhal_bsp.a(alt_errno.o)
                0x0000000000009c50                alt_errno
 *(.sdata2 .sdata2.* .gnu.linkonce.s2.*)
                0x0000000000009c54                . = ALIGN (0x4)
                0x0000000000009c54                _edata = ABSOLUTE (.)
                [!provide]                        PROVIDE (edata = ABSOLUTE (.))
                0x0000000000009c54                PROVIDE (__ram_rwdata_end = ABSOLUTE (.))
                0x0000000000009c54                PROVIDE (__flash_rwdata_start = LOADADDR (.rwdata))

.bss            0x0000000000009db8       0x18
                0x0000000000009db8                __bss_start = ABSOLUTE (.)
                [!provide]                        PROVIDE (__sbss_start = ABSOLUTE (.))
                [!provide]                        PROVIDE (___sbss_start = ABSOLUTE (.))
 *(.dynsbss)
 *(.sbss .sbss.* .gnu.linkonce.sb.*)
 .sbss.__malloc_sbrk_start
                0x0000000000009db8        0x4 c:/intelfpga_lite/20.1/nios2eds/bin/gnu/h-x86_64-mingw32/bin/../lib/gcc/nios2-elf/10.1.1/../../../../../H-x86_64-mingw32/nios2-elf/lib\libsmallc.a(lib_a-nano-mallocr.o)
                0x0000000000009db8                __malloc_sbrk_start
 .sbss.__malloc_free_list
                0x0000000000009dbc        0x4 c:/intelfpga_lite/20.1/nios2eds/bin/gnu/h-x86_64-mingw32/bin/../lib/gcc/nios2-elf/10.1.1/../../../../../H-x86_64-mingw32/nios2-elf/lib\libsmallc.a(lib_a-nano-mallocr.o)
                0x0000000000009dbc                __malloc_free_list
 .sbss.errno    0x0000000000009dc0        0x4 c:/intelfpga_lite/20.1/nios2eds/bin/gnu/h-x86_64-mingw32/bin/../lib/gcc/nios2-elf/10.1.1/../../../../../H-x86_64-mingw32/nios2-elf/lib\libsmallc.a(lib_a-int_errno.o)
                0x0000000000009dc0                errno
 .sbss          0x0000000000009dc4        0xc c:/Users/dlerner/Documents/FPGA/EC544_Project/software/mem_test_small_custom_bsp/\libhal_bsp.a(alt_main.o)
                0x0000000000009dc4                alt_envp
                0x0000000000009dc8                alt_argv
                0x0000000000009dcc                alt_argc
 *(.sbss2 .sbss2.* .gnu.linkonce.sb2.*)
 *(.scommon)
                [!provide]                        PROVIDE (__sbss_end = ABSOLUTE (.))
                [!provide]                        PROVIDE (___sbss_end = ABSOLUTE (.))
 *(.dynbss)
 *(.bss .bss.* .gnu.linkonce.b.*)
 .bss           0x0000000000009dd0        0x0 c:/Users/dlerner/Documents/FPGA/EC544_Project/software/mem_test_small_custom_bsp//obj/HAL/src/crt0.o
 .bss           0x0000000000009dd0        0x0 obj/default/memtest_small.o
 .bss           0x0000000000009dd0        0x0 c:/intelfpga_lite/20.1/nios2eds/bin/gnu/h-x86_64-mingw32/bin/../lib/gcc/nios2-elf/10.1.1/../../../../../H-x86_64-mingw32/nios2-elf/lib\libsmallc.a(lib_a-impure.o)
 .bss           0x0000000000009dd0        0x0 c:/intelfpga_lite/20.1/nios2eds/bin/gnu/h-x86_64-mingw32/bin/../lib/gcc/nios2-elf/10.1.1/../../../../../H-x86_64-mingw32/nios2-elf/lib\libsmallc.a(lib_a-malloc.o)
 .bss           0x0000000000009dd0        0x0 c:/intelfpga_lite/20.1/nios2eds/bin/gnu/h-x86_64-mingw32/bin/../lib/gcc/nios2-elf/10.1.1/../../../../../H-x86_64-mingw32/nios2-elf/lib\libsmallc.a(lib_a-nano-freer.o)
 .bss           0x0000000000009dd0        0x0 c:/intelfpga_lite/20.1/nios2eds/bin/gnu/h-x86_64-mingw32/bin/../lib/gcc/nios2-elf/10.1.1/../../../../../H-x86_64-mingw32/nios2-elf/lib\libsmallc.a(lib_a-nano-mallocr.o)
 .bss           0x0000000000009dd0        0x0 c:/intelfpga_lite/20.1/nios2eds/bin/gnu/h-x86_64-mingw32/bin/../lib/gcc/nios2-elf/10.1.1/../../../../../H-x86_64-mingw32/nios2-elf/lib\libsmallc.a(lib_a-printf.o)
 .bss           0x0000000000009dd0        0x0 c:/intelfpga_lite/20.1/nios2eds/bin/gnu/h-x86_64-mingw32/bin/../lib/gcc/nios2-elf/10.1.1/../../../../../H-x86_64-mingw32/nios2-elf/lib\libsmallc.a(lib_a-putchar.o)
 .bss           0x0000000000009dd0        0x0 c:/intelfpga_lite/20.1/nios2eds/bin/gnu/h-x86_64-mingw32/bin/../lib/gcc/nios2-elf/10.1.1/../../../../../H-x86_64-mingw32/nios2-elf/lib\libsmallc.a(lib_a-puts.o)
 .bss           0x0000000000009dd0        0x0 c:/intelfpga_lite/20.1/nios2eds/bin/gnu/h-x86_64-mingw32/bin/../lib/gcc/nios2-elf/10.1.1/../../../../../H-x86_64-mingw32/nios2-elf/lib\libsmallc.a(lib_a-sbrkr.o)
 .bss           0x0000000000009dd0        0x0 c:/intelfpga_lite/20.1/nios2eds/bin/gnu/h-x86_64-mingw32/bin/../lib/gcc/nios2-elf/10.1.1/../../../../../H-x86_64-mingw32/nios2-elf/lib\libsmallc.a(lib_a-strlen.o)
 .bss           0x0000000000009dd0        0x0 c:/intelfpga_lite/20.1/nios2eds/bin/gnu/h-x86_64-mingw32/bin/../lib/gcc/nios2-elf/10.1.1/../../../../../H-x86_64-mingw32/nios2-elf/lib\libsmallc.a(lib_a-strtol.o)
 .bss           0x0000000000009dd0        0x0 c:/intelfpga_lite/20.1/nios2eds/bin/gnu/h-x86_64-mingw32/bin/../lib/gcc/nios2-elf/10.1.1/../../../../../H-x86_64-mingw32/nios2-elf/lib\libsmallc.a(lib_a-vfprintf.o)
 .bss           0x0000000000009dd0        0x0 c:/intelfpga_lite/20.1/nios2eds/bin/gnu/h-x86_64-mingw32/bin/../lib/gcc/nios2-elf/10.1.1/../../../../../H-x86_64-mingw32/nios2-elf/lib\libsmallc.a(lib_a-ctype_.o)
 .bss           0x0000000000009dd0        0x0 c:/intelfpga_lite/20.1/nios2eds/bin/gnu/h-x86_64-mingw32/bin/../lib/gcc/nios2-elf/10.1.1/../../../../../H-x86_64-mingw32/nios2-elf/lib\libsmallc.a(lib_a-errno.o)
 .bss           0x0000000000009dd0        0x0 c:/intelfpga_lite/20.1/nios2eds/bin/gnu/h-x86_64-mingw32/bin/../lib/gcc/nios2-elf/10.1.1/../../../../../H-x86_64-mingw32/nios2-elf/lib\libsmallc.a(lib_a-fvwrite_small_dev.o)
 .bss           0x0000000000009dd0        0x0 c:/intelfpga_lite/20.1/nios2eds/bin/gnu/h-x86_64-mingw32/bin/../lib/gcc/nios2-elf/10.1.1/../../../../../H-x86_64-mingw32/nios2-elf/lib\libsmallc.a(lib_a-int_errno.o)
 .bss           0x0000000000009dd0        0x0 c:/intelfpga_lite/20.1/nios2eds/bin/gnu/h-x86_64-mingw32/bin/../lib/gcc/nios2-elf/10.1.1/../../../../../H-x86_64-mingw32/nios2-elf/lib\libsmallc.a(lib_a-putc.o)
 .bss           0x0000000000009dd0        0x0 c:/intelfpga_lite/20.1/nios2eds/bin/gnu/h-x86_64-mingw32/bin/../lib/gcc/nios2-elf/10.1.1/../../../../../H-x86_64-mingw32/nios2-elf/lib\libsmallc.a(lib_a-writer.o)
 .bss           0x0000000000009dd0        0x0 c:/intelfpga_lite/20.1/nios2eds/bin/gnu/h-x86_64-mingw32/bin/../lib/gcc/nios2-elf/10.1.1\libgcc.a(lib2-divmod.o)
 .bss           0x0000000000009dd0        0x0 c:/Users/dlerner/Documents/FPGA/EC544_Project/software/mem_test_small_custom_bsp/\libhal_bsp.a(alt_getchar.o)
 .bss           0x0000000000009dd0        0x0 c:/Users/dlerner/Documents/FPGA/EC544_Project/software/mem_test_small_custom_bsp/\libhal_bsp.a(alt_load.o)
 .bss           0x0000000000009dd0        0x0 c:/Users/dlerner/Documents/FPGA/EC544_Project/software/mem_test_small_custom_bsp/\libhal_bsp.a(alt_main.o)
 .bss           0x0000000000009dd0        0x0 c:/Users/dlerner/Documents/FPGA/EC544_Project/software/mem_test_small_custom_bsp/\libhal_bsp.a(alt_malloc_lock.o)
 .bss           0x0000000000009dd0        0x0 c:/Users/dlerner/Documents/FPGA/EC544_Project/software/mem_test_small_custom_bsp/\libhal_bsp.a(alt_sbrk.o)
 .bss           0x0000000000009dd0        0x0 c:/Users/dlerner/Documents/FPGA/EC544_Project/software/mem_test_small_custom_bsp/\libhal_bsp.a(alt_write.o)
 .bss           0x0000000000009dd0        0x0 c:/Users/dlerner/Documents/FPGA/EC544_Project/software/mem_test_small_custom_bsp/\libhal_bsp.a(alt_sys_init.o)
 .bss           0x0000000000009dd0        0x0 c:/Users/dlerner/Documents/FPGA/EC544_Project/software/mem_test_small_custom_bsp/\libhal_bsp.a(altera_avalon_jtag_uart_read.o)
 .bss           0x0000000000009dd0        0x0 c:/Users/dlerner/Documents/FPGA/EC544_Project/software/mem_test_small_custom_bsp/\libhal_bsp.a(altera_avalon_jtag_uart_write.o)
 .bss           0x0000000000009dd0        0x0 c:/Users/dlerner/Documents/FPGA/EC544_Project/software/mem_test_small_custom_bsp/\libhal_bsp.a(alt_dcache_flush_all.o)
 .bss           0x0000000000009dd0        0x0 c:/Users/dlerner/Documents/FPGA/EC544_Project/software/mem_test_small_custom_bsp/\libhal_bsp.a(alt_dev.o)
 .bss           0x0000000000009dd0        0x0 c:/Users/dlerner/Documents/FPGA/EC544_Project/software/mem_test_small_custom_bsp/\libhal_bsp.a(alt_errno.o)
 .bss           0x0000000000009dd0        0x0 c:/Users/dlerner/Documents/FPGA/EC544_Project/software/mem_test_small_custom_bsp/\libhal_bsp.a(alt_icache_flush_all.o)
 .bss           0x0000000000009dd0        0x0 c:/Users/dlerner/Documents/FPGA/EC544_Project/software/mem_test_small_custom_bsp/\libhal_bsp.a(altera_nios2_gen2_irq.o)
 .bss           0x0000000000009dd0        0x0 c:/Users/dlerner/Documents/FPGA/EC544_Project/software/mem_test_small_custom_bsp/\libhal_bsp.a(alt_icache_flush.o)
 .bss           0x0000000000009dd0        0x0 c:/intelfpga_lite/20.1/nios2eds/bin/gnu/h-x86_64-mingw32/bin/../lib/gcc/nios2-elf/10.1.1/../../../../../H-x86_64-mingw32/nios2-elf/lib\libsmallc.a(lib_a-memcpy.o)
 *(COMMON)
                0x0000000000009dd0                . = ALIGN (0x4)
                0x0000000000009dd0                __bss_end = ABSOLUTE (.)

.onchip_mem     0x0000000000009dd0        0x0
                [!provide]                        PROVIDE (_alt_partition_onchip_mem_start = ABSOLUTE (.))
 *(.onchip_mem .onchip_mem. onchip_mem.*)
                0x0000000000009dd0                . = ALIGN (0x4)
                [!provide]                        PROVIDE (_alt_partition_onchip_mem_end = ABSOLUTE (.))
                0x0000000000009dd0                _end = ABSOLUTE (.)
                0x0000000000009dd0                end = ABSOLUTE (.)
                0x0000000000009dd0                __alt_stack_base = ABSOLUTE (.)
                [!provide]                        PROVIDE (_alt_partition_onchip_mem_load_addr = LOADADDR (.onchip_mem))

.stab
 *(.stab)

.stabstr
 *(.stabstr)

.stab.excl
 *(.stab.excl)

.stab.exclstr
 *(.stab.exclstr)

.stab.index
 *(.stab.index)

.stab.indexstr
 *(.stab.indexstr)

.comment        0x0000000000000000       0x2d
 *(.comment)
 .comment       0x0000000000000000       0x2d obj/default/memtest_small.o
                                         0x2e (size before relaxing)
 .comment       0x000000000000002d       0x2e c:/intelfpga_lite/20.1/nios2eds/bin/gnu/h-x86_64-mingw32/bin/../lib/gcc/nios2-elf/10.1.1/../../../../../H-x86_64-mingw32/nios2-elf/lib\libsmallc.a(lib_a-impure.o)
 .comment       0x000000000000002d       0x2e c:/intelfpga_lite/20.1/nios2eds/bin/gnu/h-x86_64-mingw32/bin/../lib/gcc/nios2-elf/10.1.1/../../../../../H-x86_64-mingw32/nios2-elf/lib\libsmallc.a(lib_a-malloc.o)
 .comment       0x000000000000002d       0x2e c:/intelfpga_lite/20.1/nios2eds/bin/gnu/h-x86_64-mingw32/bin/../lib/gcc/nios2-elf/10.1.1/../../../../../H-x86_64-mingw32/nios2-elf/lib\libsmallc.a(lib_a-nano-freer.o)
 .comment       0x000000000000002d       0x2e c:/intelfpga_lite/20.1/nios2eds/bin/gnu/h-x86_64-mingw32/bin/../lib/gcc/nios2-elf/10.1.1/../../../../../H-x86_64-mingw32/nios2-elf/lib\libsmallc.a(lib_a-nano-mallocr.o)
 .comment       0x000000000000002d       0x2e c:/intelfpga_lite/20.1/nios2eds/bin/gnu/h-x86_64-mingw32/bin/../lib/gcc/nios2-elf/10.1.1/../../../../../H-x86_64-mingw32/nios2-elf/lib\libsmallc.a(lib_a-printf.o)
 .comment       0x000000000000002d       0x2e c:/intelfpga_lite/20.1/nios2eds/bin/gnu/h-x86_64-mingw32/bin/../lib/gcc/nios2-elf/10.1.1/../../../../../H-x86_64-mingw32/nios2-elf/lib\libsmallc.a(lib_a-putchar.o)
 .comment       0x000000000000002d       0x2e c:/intelfpga_lite/20.1/nios2eds/bin/gnu/h-x86_64-mingw32/bin/../lib/gcc/nios2-elf/10.1.1/../../../../../H-x86_64-mingw32/nios2-elf/lib\libsmallc.a(lib_a-puts.o)
 .comment       0x000000000000002d       0x2e c:/intelfpga_lite/20.1/nios2eds/bin/gnu/h-x86_64-mingw32/bin/../lib/gcc/nios2-elf/10.1.1/../../../../../H-x86_64-mingw32/nios2-elf/lib\libsmallc.a(lib_a-sbrkr.o)
 .comment       0x000000000000002d       0x2e c:/intelfpga_lite/20.1/nios2eds/bin/gnu/h-x86_64-mingw32/bin/../lib/gcc/nios2-elf/10.1.1/../../../../../H-x86_64-mingw32/nios2-elf/lib\libsmallc.a(lib_a-strlen.o)
 .comment       0x000000000000002d       0x2e c:/intelfpga_lite/20.1/nios2eds/bin/gnu/h-x86_64-mingw32/bin/../lib/gcc/nios2-elf/10.1.1/../../../../../H-x86_64-mingw32/nios2-elf/lib\libsmallc.a(lib_a-strtol.o)
 .comment       0x000000000000002d       0x2e c:/intelfpga_lite/20.1/nios2eds/bin/gnu/h-x86_64-mingw32/bin/../lib/gcc/nios2-elf/10.1.1/../../../../../H-x86_64-mingw32/nios2-elf/lib\libsmallc.a(lib_a-vfprintf.o)
 .comment       0x000000000000002d       0x2e c:/intelfpga_lite/20.1/nios2eds/bin/gnu/h-x86_64-mingw32/bin/../lib/gcc/nios2-elf/10.1.1/../../../../../H-x86_64-mingw32/nios2-elf/lib\libsmallc.a(lib_a-ctype_.o)
 .comment       0x000000000000002d       0x2e c:/intelfpga_lite/20.1/nios2eds/bin/gnu/h-x86_64-mingw32/bin/../lib/gcc/nios2-elf/10.1.1/../../../../../H-x86_64-mingw32/nios2-elf/lib\libsmallc.a(lib_a-errno.o)
 .comment       0x000000000000002d       0x2e c:/intelfpga_lite/20.1/nios2eds/bin/gnu/h-x86_64-mingw32/bin/../lib/gcc/nios2-elf/10.1.1/../../../../../H-x86_64-mingw32/nios2-elf/lib\libsmallc.a(lib_a-fvwrite_small_dev.o)
 .comment       0x000000000000002d       0x2e c:/intelfpga_lite/20.1/nios2eds/bin/gnu/h-x86_64-mingw32/bin/../lib/gcc/nios2-elf/10.1.1/../../../../../H-x86_64-mingw32/nios2-elf/lib\libsmallc.a(lib_a-int_errno.o)
 .comment       0x000000000000002d       0x2e c:/intelfpga_lite/20.1/nios2eds/bin/gnu/h-x86_64-mingw32/bin/../lib/gcc/nios2-elf/10.1.1/../../../../../H-x86_64-mingw32/nios2-elf/lib\libsmallc.a(lib_a-putc.o)
 .comment       0x000000000000002d       0x2e c:/intelfpga_lite/20.1/nios2eds/bin/gnu/h-x86_64-mingw32/bin/../lib/gcc/nios2-elf/10.1.1/../../../../../H-x86_64-mingw32/nios2-elf/lib\libsmallc.a(lib_a-writer.o)
 .comment       0x000000000000002d       0x2e c:/intelfpga_lite/20.1/nios2eds/bin/gnu/h-x86_64-mingw32/bin/../lib/gcc/nios2-elf/10.1.1\libgcc.a(lib2-divmod.o)
 .comment       0x000000000000002d       0x2e c:/Users/dlerner/Documents/FPGA/EC544_Project/software/mem_test_small_custom_bsp/\libhal_bsp.a(alt_getchar.o)
 .comment       0x000000000000002d       0x2e c:/Users/dlerner/Documents/FPGA/EC544_Project/software/mem_test_small_custom_bsp/\libhal_bsp.a(alt_load.o)
 .comment       0x000000000000002d       0x2e c:/Users/dlerner/Documents/FPGA/EC544_Project/software/mem_test_small_custom_bsp/\libhal_bsp.a(alt_main.o)
 .comment       0x000000000000002d       0x2e c:/Users/dlerner/Documents/FPGA/EC544_Project/software/mem_test_small_custom_bsp/\libhal_bsp.a(alt_malloc_lock.o)
 .comment       0x000000000000002d       0x2e c:/Users/dlerner/Documents/FPGA/EC544_Project/software/mem_test_small_custom_bsp/\libhal_bsp.a(alt_sbrk.o)
 .comment       0x000000000000002d       0x2e c:/Users/dlerner/Documents/FPGA/EC544_Project/software/mem_test_small_custom_bsp/\libhal_bsp.a(alt_write.o)
 .comment       0x000000000000002d       0x2e c:/Users/dlerner/Documents/FPGA/EC544_Project/software/mem_test_small_custom_bsp/\libhal_bsp.a(alt_sys_init.o)
 .comment       0x000000000000002d       0x2e c:/Users/dlerner/Documents/FPGA/EC544_Project/software/mem_test_small_custom_bsp/\libhal_bsp.a(altera_avalon_jtag_uart_read.o)
 .comment       0x000000000000002d       0x2e c:/Users/dlerner/Documents/FPGA/EC544_Project/software/mem_test_small_custom_bsp/\libhal_bsp.a(altera_avalon_jtag_uart_write.o)
 .comment       0x000000000000002d       0x2e c:/Users/dlerner/Documents/FPGA/EC544_Project/software/mem_test_small_custom_bsp/\libhal_bsp.a(alt_dcache_flush_all.o)
 .comment       0x000000000000002d       0x2e c:/Users/dlerner/Documents/FPGA/EC544_Project/software/mem_test_small_custom_bsp/\libhal_bsp.a(alt_dev.o)
 .comment       0x000000000000002d       0x2e c:/Users/dlerner/Documents/FPGA/EC544_Project/software/mem_test_small_custom_bsp/\libhal_bsp.a(alt_errno.o)
 .comment       0x000000000000002d       0x2e c:/Users/dlerner/Documents/FPGA/EC544_Project/software/mem_test_small_custom_bsp/\libhal_bsp.a(alt_icache_flush_all.o)
 .comment       0x000000000000002d       0x2e c:/Users/dlerner/Documents/FPGA/EC544_Project/software/mem_test_small_custom_bsp/\libhal_bsp.a(altera_nios2_gen2_irq.o)
 .comment       0x000000000000002d       0x2e c:/Users/dlerner/Documents/FPGA/EC544_Project/software/mem_test_small_custom_bsp/\libhal_bsp.a(alt_icache_flush.o)
 .comment       0x000000000000002d       0x2e c:/intelfpga_lite/20.1/nios2eds/bin/gnu/h-x86_64-mingw32/bin/../lib/gcc/nios2-elf/10.1.1/../../../../../H-x86_64-mingw32/nios2-elf/lib\libsmallc.a(lib_a-memcpy.o)

.debug
 *(.debug)

.line
 *(.line)

.debug_srcinfo
 *(.debug_srcinfo)

.debug_sfnames
 *(.debug_sfnames)

.debug_aranges  0x0000000000000000      0x4c0
 *(.debug_aranges)
 .debug_aranges
                0x0000000000000000       0x28 c:/Users/dlerner/Documents/FPGA/EC544_Project/software/mem_test_small_custom_bsp//obj/HAL/src/crt0.o
 .debug_aranges
                0x0000000000000028       0x28 obj/default/memtest_small.o
 .debug_aranges
                0x0000000000000050       0x18 c:/intelfpga_lite/20.1/nios2eds/bin/gnu/h-x86_64-mingw32/bin/../lib/gcc/nios2-elf/10.1.1/../../../../../H-x86_64-mingw32/nios2-elf/lib\libsmallc.a(lib_a-impure.o)
 .debug_aranges
                0x0000000000000068       0x28 c:/intelfpga_lite/20.1/nios2eds/bin/gnu/h-x86_64-mingw32/bin/../lib/gcc/nios2-elf/10.1.1/../../../../../H-x86_64-mingw32/nios2-elf/lib\libsmallc.a(lib_a-malloc.o)
 .debug_aranges
                0x0000000000000090       0x20 c:/intelfpga_lite/20.1/nios2eds/bin/gnu/h-x86_64-mingw32/bin/../lib/gcc/nios2-elf/10.1.1/../../../../../H-x86_64-mingw32/nios2-elf/lib\libsmallc.a(lib_a-nano-freer.o)
 .debug_aranges
                0x00000000000000b0       0x20 c:/intelfpga_lite/20.1/nios2eds/bin/gnu/h-x86_64-mingw32/bin/../lib/gcc/nios2-elf/10.1.1/../../../../../H-x86_64-mingw32/nios2-elf/lib\libsmallc.a(lib_a-nano-mallocr.o)
 .debug_aranges
                0x00000000000000d0       0x28 c:/intelfpga_lite/20.1/nios2eds/bin/gnu/h-x86_64-mingw32/bin/../lib/gcc/nios2-elf/10.1.1/../../../../../H-x86_64-mingw32/nios2-elf/lib\libsmallc.a(lib_a-printf.o)
 .debug_aranges
                0x00000000000000f8       0x28 c:/intelfpga_lite/20.1/nios2eds/bin/gnu/h-x86_64-mingw32/bin/../lib/gcc/nios2-elf/10.1.1/../../../../../H-x86_64-mingw32/nios2-elf/lib\libsmallc.a(lib_a-putchar.o)
 .debug_aranges
                0x0000000000000120       0x28 c:/intelfpga_lite/20.1/nios2eds/bin/gnu/h-x86_64-mingw32/bin/../lib/gcc/nios2-elf/10.1.1/../../../../../H-x86_64-mingw32/nios2-elf/lib\libsmallc.a(lib_a-puts.o)
 .debug_aranges
                0x0000000000000148       0x20 c:/intelfpga_lite/20.1/nios2eds/bin/gnu/h-x86_64-mingw32/bin/../lib/gcc/nios2-elf/10.1.1/../../../../../H-x86_64-mingw32/nios2-elf/lib\libsmallc.a(lib_a-sbrkr.o)
 .debug_aranges
                0x0000000000000168       0x20 c:/intelfpga_lite/20.1/nios2eds/bin/gnu/h-x86_64-mingw32/bin/../lib/gcc/nios2-elf/10.1.1/../../../../../H-x86_64-mingw32/nios2-elf/lib\libsmallc.a(lib_a-strlen.o)
 .debug_aranges
                0x0000000000000188       0x38 c:/intelfpga_lite/20.1/nios2eds/bin/gnu/h-x86_64-mingw32/bin/../lib/gcc/nios2-elf/10.1.1/../../../../../H-x86_64-mingw32/nios2-elf/lib\libsmallc.a(lib_a-strtol.o)
 .debug_aranges
                0x00000000000001c0       0x30 c:/intelfpga_lite/20.1/nios2eds/bin/gnu/h-x86_64-mingw32/bin/../lib/gcc/nios2-elf/10.1.1/../../../../../H-x86_64-mingw32/nios2-elf/lib\libsmallc.a(lib_a-vfprintf.o)
 .debug_aranges
                0x00000000000001f0       0x18 c:/intelfpga_lite/20.1/nios2eds/bin/gnu/h-x86_64-mingw32/bin/../lib/gcc/nios2-elf/10.1.1/../../../../../H-x86_64-mingw32/nios2-elf/lib\libsmallc.a(lib_a-ctype_.o)
 .debug_aranges
                0x0000000000000208       0x20 c:/intelfpga_lite/20.1/nios2eds/bin/gnu/h-x86_64-mingw32/bin/../lib/gcc/nios2-elf/10.1.1/../../../../../H-x86_64-mingw32/nios2-elf/lib\libsmallc.a(lib_a-errno.o)
 .debug_aranges
                0x0000000000000228       0x20 c:/intelfpga_lite/20.1/nios2eds/bin/gnu/h-x86_64-mingw32/bin/../lib/gcc/nios2-elf/10.1.1/../../../../../H-x86_64-mingw32/nios2-elf/lib\libsmallc.a(lib_a-fvwrite_small_dev.o)
 .debug_aranges
                0x0000000000000248       0x18 c:/intelfpga_lite/20.1/nios2eds/bin/gnu/h-x86_64-mingw32/bin/../lib/gcc/nios2-elf/10.1.1/../../../../../H-x86_64-mingw32/nios2-elf/lib\libsmallc.a(lib_a-int_errno.o)
 .debug_aranges
                0x0000000000000260       0x28 c:/intelfpga_lite/20.1/nios2eds/bin/gnu/h-x86_64-mingw32/bin/../lib/gcc/nios2-elf/10.1.1/../../../../../H-x86_64-mingw32/nios2-elf/lib\libsmallc.a(lib_a-putc.o)
 .debug_aranges
                0x0000000000000288       0x20 c:/intelfpga_lite/20.1/nios2eds/bin/gnu/h-x86_64-mingw32/bin/../lib/gcc/nios2-elf/10.1.1/../../../../../H-x86_64-mingw32/nios2-elf/lib\libsmallc.a(lib_a-writer.o)
 .debug_aranges
                0x00000000000002a8       0x20 c:/intelfpga_lite/20.1/nios2eds/bin/gnu/h-x86_64-mingw32/bin/../lib/gcc/nios2-elf/10.1.1\libgcc.a(lib2-divmod.o)
 .debug_aranges
                0x00000000000002c8       0x20 c:/Users/dlerner/Documents/FPGA/EC544_Project/software/mem_test_small_custom_bsp/\libhal_bsp.a(alt_getchar.o)
 .debug_aranges
                0x00000000000002e8       0x20 c:/Users/dlerner/Documents/FPGA/EC544_Project/software/mem_test_small_custom_bsp/\libhal_bsp.a(alt_load.o)
 .debug_aranges
                0x0000000000000308       0x20 c:/Users/dlerner/Documents/FPGA/EC544_Project/software/mem_test_small_custom_bsp/\libhal_bsp.a(alt_main.o)
 .debug_aranges
                0x0000000000000328       0x20 c:/Users/dlerner/Documents/FPGA/EC544_Project/software/mem_test_small_custom_bsp/\libhal_bsp.a(alt_malloc_lock.o)
 .debug_aranges
                0x0000000000000348       0x20 c:/Users/dlerner/Documents/FPGA/EC544_Project/software/mem_test_small_custom_bsp/\libhal_bsp.a(alt_sbrk.o)
 .debug_aranges
                0x0000000000000368       0x20 c:/Users/dlerner/Documents/FPGA/EC544_Project/software/mem_test_small_custom_bsp/\libhal_bsp.a(alt_write.o)
 .debug_aranges
                0x0000000000000388       0x20 c:/Users/dlerner/Documents/FPGA/EC544_Project/software/mem_test_small_custom_bsp/\libhal_bsp.a(alt_sys_init.o)
 .debug_aranges
                0x00000000000003a8       0x20 c:/Users/dlerner/Documents/FPGA/EC544_Project/software/mem_test_small_custom_bsp/\libhal_bsp.a(altera_avalon_jtag_uart_read.o)
 .debug_aranges
                0x00000000000003c8       0x20 c:/Users/dlerner/Documents/FPGA/EC544_Project/software/mem_test_small_custom_bsp/\libhal_bsp.a(altera_avalon_jtag_uart_write.o)
 .debug_aranges
                0x00000000000003e8       0x20 c:/Users/dlerner/Documents/FPGA/EC544_Project/software/mem_test_small_custom_bsp/\libhal_bsp.a(alt_dcache_flush_all.o)
 .debug_aranges
                0x0000000000000408       0x20 c:/Users/dlerner/Documents/FPGA/EC544_Project/software/mem_test_small_custom_bsp/\libhal_bsp.a(alt_dev.o)
 .debug_aranges
                0x0000000000000428       0x18 c:/Users/dlerner/Documents/FPGA/EC544_Project/software/mem_test_small_custom_bsp/\libhal_bsp.a(alt_errno.o)
 .debug_aranges
                0x0000000000000440       0x20 c:/Users/dlerner/Documents/FPGA/EC544_Project/software/mem_test_small_custom_bsp/\libhal_bsp.a(alt_icache_flush_all.o)
 .debug_aranges
                0x0000000000000460       0x20 c:/Users/dlerner/Documents/FPGA/EC544_Project/software/mem_test_small_custom_bsp/\libhal_bsp.a(altera_nios2_gen2_irq.o)
 .debug_aranges
                0x0000000000000480       0x20 c:/Users/dlerner/Documents/FPGA/EC544_Project/software/mem_test_small_custom_bsp/\libhal_bsp.a(alt_icache_flush.o)
 .debug_aranges
                0x00000000000004a0       0x20 c:/intelfpga_lite/20.1/nios2eds/bin/gnu/h-x86_64-mingw32/bin/../lib/gcc/nios2-elf/10.1.1/../../../../../H-x86_64-mingw32/nios2-elf/lib\libsmallc.a(lib_a-memcpy.o)

.debug_pubnames
 *(.debug_pubnames)

.debug_info     0x0000000000000000     0xa527
 *(.debug_info .gnu.linkonce.wi.*)
 .debug_info    0x0000000000000000       0x22 c:/Users/dlerner/Documents/FPGA/EC544_Project/software/mem_test_small_custom_bsp//obj/HAL/src/crt0.o
 .debug_info    0x0000000000000022     0x112d obj/default/memtest_small.o
 .debug_info    0x000000000000114f      0x61e c:/intelfpga_lite/20.1/nios2eds/bin/gnu/h-x86_64-mingw32/bin/../lib/gcc/nios2-elf/10.1.1/../../../../../H-x86_64-mingw32/nios2-elf/lib\libsmallc.a(lib_a-impure.o)
 .debug_info    0x000000000000176d      0x68c c:/intelfpga_lite/20.1/nios2eds/bin/gnu/h-x86_64-mingw32/bin/../lib/gcc/nios2-elf/10.1.1/../../../../../H-x86_64-mingw32/nios2-elf/lib\libsmallc.a(lib_a-malloc.o)
 .debug_info    0x0000000000001df9      0x754 c:/intelfpga_lite/20.1/nios2eds/bin/gnu/h-x86_64-mingw32/bin/../lib/gcc/nios2-elf/10.1.1/../../../../../H-x86_64-mingw32/nios2-elf/lib\libsmallc.a(lib_a-nano-freer.o)
 .debug_info    0x000000000000254d      0x863 c:/intelfpga_lite/20.1/nios2eds/bin/gnu/h-x86_64-mingw32/bin/../lib/gcc/nios2-elf/10.1.1/../../../../../H-x86_64-mingw32/nios2-elf/lib\libsmallc.a(lib_a-nano-mallocr.o)
 .debug_info    0x0000000000002db0      0x72b c:/intelfpga_lite/20.1/nios2eds/bin/gnu/h-x86_64-mingw32/bin/../lib/gcc/nios2-elf/10.1.1/../../../../../H-x86_64-mingw32/nios2-elf/lib\libsmallc.a(lib_a-printf.o)
 .debug_info    0x00000000000034db      0x6a5 c:/intelfpga_lite/20.1/nios2eds/bin/gnu/h-x86_64-mingw32/bin/../lib/gcc/nios2-elf/10.1.1/../../../../../H-x86_64-mingw32/nios2-elf/lib\libsmallc.a(lib_a-putchar.o)
 .debug_info    0x0000000000003b80      0x6ea c:/intelfpga_lite/20.1/nios2eds/bin/gnu/h-x86_64-mingw32/bin/../lib/gcc/nios2-elf/10.1.1/../../../../../H-x86_64-mingw32/nios2-elf/lib\libsmallc.a(lib_a-puts.o)
 .debug_info    0x000000000000426a      0x681 c:/intelfpga_lite/20.1/nios2eds/bin/gnu/h-x86_64-mingw32/bin/../lib/gcc/nios2-elf/10.1.1/../../../../../H-x86_64-mingw32/nios2-elf/lib\libsmallc.a(lib_a-sbrkr.o)
 .debug_info    0x00000000000048eb       0xd0 c:/intelfpga_lite/20.1/nios2eds/bin/gnu/h-x86_64-mingw32/bin/../lib/gcc/nios2-elf/10.1.1/../../../../../H-x86_64-mingw32/nios2-elf/lib\libsmallc.a(lib_a-strlen.o)
 .debug_info    0x00000000000049bb      0xc55 c:/intelfpga_lite/20.1/nios2eds/bin/gnu/h-x86_64-mingw32/bin/../lib/gcc/nios2-elf/10.1.1/../../../../../H-x86_64-mingw32/nios2-elf/lib\libsmallc.a(lib_a-strtol.o)
 .debug_info    0x0000000000005610      0xea3 c:/intelfpga_lite/20.1/nios2eds/bin/gnu/h-x86_64-mingw32/bin/../lib/gcc/nios2-elf/10.1.1/../../../../../H-x86_64-mingw32/nios2-elf/lib\libsmallc.a(lib_a-vfprintf.o)
 .debug_info    0x00000000000064b3       0xec c:/intelfpga_lite/20.1/nios2eds/bin/gnu/h-x86_64-mingw32/bin/../lib/gcc/nios2-elf/10.1.1/../../../../../H-x86_64-mingw32/nios2-elf/lib\libsmallc.a(lib_a-ctype_.o)
 .debug_info    0x000000000000659f      0x608 c:/intelfpga_lite/20.1/nios2eds/bin/gnu/h-x86_64-mingw32/bin/../lib/gcc/nios2-elf/10.1.1/../../../../../H-x86_64-mingw32/nios2-elf/lib\libsmallc.a(lib_a-errno.o)
 .debug_info    0x0000000000006ba7      0x6b3 c:/intelfpga_lite/20.1/nios2eds/bin/gnu/h-x86_64-mingw32/bin/../lib/gcc/nios2-elf/10.1.1/../../../../../H-x86_64-mingw32/nios2-elf/lib\libsmallc.a(lib_a-fvwrite_small_dev.o)
 .debug_info    0x000000000000725a       0x84 c:/intelfpga_lite/20.1/nios2eds/bin/gnu/h-x86_64-mingw32/bin/../lib/gcc/nios2-elf/10.1.1/../../../../../H-x86_64-mingw32/nios2-elf/lib\libsmallc.a(lib_a-int_errno.o)
 .debug_info    0x00000000000072de      0x6f5 c:/intelfpga_lite/20.1/nios2eds/bin/gnu/h-x86_64-mingw32/bin/../lib/gcc/nios2-elf/10.1.1/../../../../../H-x86_64-mingw32/nios2-elf/lib\libsmallc.a(lib_a-putc.o)
 .debug_info    0x00000000000079d3      0x6b3 c:/intelfpga_lite/20.1/nios2eds/bin/gnu/h-x86_64-mingw32/bin/../lib/gcc/nios2-elf/10.1.1/../../../../../H-x86_64-mingw32/nios2-elf/lib\libsmallc.a(lib_a-writer.o)
 .debug_info    0x0000000000008086      0x368 c:/intelfpga_lite/20.1/nios2eds/bin/gnu/h-x86_64-mingw32/bin/../lib/gcc/nios2-elf/10.1.1\libgcc.a(lib2-divmod.o)
 .debug_info    0x00000000000083ee      0x32b c:/Users/dlerner/Documents/FPGA/EC544_Project/software/mem_test_small_custom_bsp/\libhal_bsp.a(alt_getchar.o)
 .debug_info    0x0000000000008719      0x267 c:/Users/dlerner/Documents/FPGA/EC544_Project/software/mem_test_small_custom_bsp/\libhal_bsp.a(alt_load.o)
 .debug_info    0x0000000000008980      0x129 c:/Users/dlerner/Documents/FPGA/EC544_Project/software/mem_test_small_custom_bsp/\libhal_bsp.a(alt_main.o)
 .debug_info    0x0000000000008aa9      0x93a c:/Users/dlerner/Documents/FPGA/EC544_Project/software/mem_test_small_custom_bsp/\libhal_bsp.a(alt_malloc_lock.o)
 .debug_info    0x00000000000093e3      0x1c9 c:/Users/dlerner/Documents/FPGA/EC544_Project/software/mem_test_small_custom_bsp/\libhal_bsp.a(alt_sbrk.o)
 .debug_info    0x00000000000095ac      0x19b c:/Users/dlerner/Documents/FPGA/EC544_Project/software/mem_test_small_custom_bsp/\libhal_bsp.a(alt_write.o)
 .debug_info    0x0000000000009747      0x12a c:/Users/dlerner/Documents/FPGA/EC544_Project/software/mem_test_small_custom_bsp/\libhal_bsp.a(alt_sys_init.o)
 .debug_info    0x0000000000009871      0x173 c:/Users/dlerner/Documents/FPGA/EC544_Project/software/mem_test_small_custom_bsp/\libhal_bsp.a(altera_avalon_jtag_uart_read.o)
 .debug_info    0x00000000000099e4      0x14a c:/Users/dlerner/Documents/FPGA/EC544_Project/software/mem_test_small_custom_bsp/\libhal_bsp.a(altera_avalon_jtag_uart_write.o)
 .debug_info    0x0000000000009b2e       0x8c c:/Users/dlerner/Documents/FPGA/EC544_Project/software/mem_test_small_custom_bsp/\libhal_bsp.a(alt_dcache_flush_all.o)
 .debug_info    0x0000000000009bba      0x57a c:/Users/dlerner/Documents/FPGA/EC544_Project/software/mem_test_small_custom_bsp/\libhal_bsp.a(alt_dev.o)
 .debug_info    0x000000000000a134       0x9d c:/Users/dlerner/Documents/FPGA/EC544_Project/software/mem_test_small_custom_bsp/\libhal_bsp.a(alt_errno.o)
 .debug_info    0x000000000000a1d1       0xb3 c:/Users/dlerner/Documents/FPGA/EC544_Project/software/mem_test_small_custom_bsp/\libhal_bsp.a(alt_icache_flush_all.o)
 .debug_info    0x000000000000a284       0x8c c:/Users/dlerner/Documents/FPGA/EC544_Project/software/mem_test_small_custom_bsp/\libhal_bsp.a(altera_nios2_gen2_irq.o)
 .debug_info    0x000000000000a310       0xef c:/Users/dlerner/Documents/FPGA/EC544_Project/software/mem_test_small_custom_bsp/\libhal_bsp.a(alt_icache_flush.o)
 .debug_info    0x000000000000a3ff      0x128 c:/intelfpga_lite/20.1/nios2eds/bin/gnu/h-x86_64-mingw32/bin/../lib/gcc/nios2-elf/10.1.1/../../../../../H-x86_64-mingw32/nios2-elf/lib\libsmallc.a(lib_a-memcpy.o)

.debug_abbrev   0x0000000000000000     0x3184
 *(.debug_abbrev)
 .debug_abbrev  0x0000000000000000       0x12 c:/Users/dlerner/Documents/FPGA/EC544_Project/software/mem_test_small_custom_bsp//obj/HAL/src/crt0.o
 .debug_abbrev  0x0000000000000012      0x38d obj/default/memtest_small.o
 .debug_abbrev  0x000000000000039f      0x17a c:/intelfpga_lite/20.1/nios2eds/bin/gnu/h-x86_64-mingw32/bin/../lib/gcc/nios2-elf/10.1.1/../../../../../H-x86_64-mingw32/nios2-elf/lib\libsmallc.a(lib_a-impure.o)
 .debug_abbrev  0x0000000000000519      0x1df c:/intelfpga_lite/20.1/nios2eds/bin/gnu/h-x86_64-mingw32/bin/../lib/gcc/nios2-elf/10.1.1/../../../../../H-x86_64-mingw32/nios2-elf/lib\libsmallc.a(lib_a-malloc.o)
 .debug_abbrev  0x00000000000006f8      0x25e c:/intelfpga_lite/20.1/nios2eds/bin/gnu/h-x86_64-mingw32/bin/../lib/gcc/nios2-elf/10.1.1/../../../../../H-x86_64-mingw32/nios2-elf/lib\libsmallc.a(lib_a-nano-freer.o)
 .debug_abbrev  0x0000000000000956      0x2c0 c:/intelfpga_lite/20.1/nios2eds/bin/gnu/h-x86_64-mingw32/bin/../lib/gcc/nios2-elf/10.1.1/../../../../../H-x86_64-mingw32/nios2-elf/lib\libsmallc.a(lib_a-nano-mallocr.o)
 .debug_abbrev  0x0000000000000c16      0x216 c:/intelfpga_lite/20.1/nios2eds/bin/gnu/h-x86_64-mingw32/bin/../lib/gcc/nios2-elf/10.1.1/../../../../../H-x86_64-mingw32/nios2-elf/lib\libsmallc.a(lib_a-printf.o)
 .debug_abbrev  0x0000000000000e2c      0x1f5 c:/intelfpga_lite/20.1/nios2eds/bin/gnu/h-x86_64-mingw32/bin/../lib/gcc/nios2-elf/10.1.1/../../../../../H-x86_64-mingw32/nios2-elf/lib\libsmallc.a(lib_a-putchar.o)
 .debug_abbrev  0x0000000000001021      0x20b c:/intelfpga_lite/20.1/nios2eds/bin/gnu/h-x86_64-mingw32/bin/../lib/gcc/nios2-elf/10.1.1/../../../../../H-x86_64-mingw32/nios2-elf/lib\libsmallc.a(lib_a-puts.o)
 .debug_abbrev  0x000000000000122c      0x1ff c:/intelfpga_lite/20.1/nios2eds/bin/gnu/h-x86_64-mingw32/bin/../lib/gcc/nios2-elf/10.1.1/../../../../../H-x86_64-mingw32/nios2-elf/lib\libsmallc.a(lib_a-sbrkr.o)
 .debug_abbrev  0x000000000000142b       0x8d c:/intelfpga_lite/20.1/nios2eds/bin/gnu/h-x86_64-mingw32/bin/../lib/gcc/nios2-elf/10.1.1/../../../../../H-x86_64-mingw32/nios2-elf/lib\libsmallc.a(lib_a-strlen.o)
 .debug_abbrev  0x00000000000014b8      0x2dc c:/intelfpga_lite/20.1/nios2eds/bin/gnu/h-x86_64-mingw32/bin/../lib/gcc/nios2-elf/10.1.1/../../../../../H-x86_64-mingw32/nios2-elf/lib\libsmallc.a(lib_a-strtol.o)
 .debug_abbrev  0x0000000000001794      0x2f7 c:/intelfpga_lite/20.1/nios2eds/bin/gnu/h-x86_64-mingw32/bin/../lib/gcc/nios2-elf/10.1.1/../../../../../H-x86_64-mingw32/nios2-elf/lib\libsmallc.a(lib_a-vfprintf.o)
 .debug_abbrev  0x0000000000001a8b       0x73 c:/intelfpga_lite/20.1/nios2eds/bin/gnu/h-x86_64-mingw32/bin/../lib/gcc/nios2-elf/10.1.1/../../../../../H-x86_64-mingw32/nios2-elf/lib\libsmallc.a(lib_a-ctype_.o)
 .debug_abbrev  0x0000000000001afe      0x180 c:/intelfpga_lite/20.1/nios2eds/bin/gnu/h-x86_64-mingw32/bin/../lib/gcc/nios2-elf/10.1.1/../../../../../H-x86_64-mingw32/nios2-elf/lib\libsmallc.a(lib_a-errno.o)
 .debug_abbrev  0x0000000000001c7e      0x1ed c:/intelfpga_lite/20.1/nios2eds/bin/gnu/h-x86_64-mingw32/bin/../lib/gcc/nios2-elf/10.1.1/../../../../../H-x86_64-mingw32/nios2-elf/lib\libsmallc.a(lib_a-fvwrite_small_dev.o)
 .debug_abbrev  0x0000000000001e6b       0x39 c:/intelfpga_lite/20.1/nios2eds/bin/gnu/h-x86_64-mingw32/bin/../lib/gcc/nios2-elf/10.1.1/../../../../../H-x86_64-mingw32/nios2-elf/lib\libsmallc.a(lib_a-int_errno.o)
 .debug_abbrev  0x0000000000001ea4      0x1ef c:/intelfpga_lite/20.1/nios2eds/bin/gnu/h-x86_64-mingw32/bin/../lib/gcc/nios2-elf/10.1.1/../../../../../H-x86_64-mingw32/nios2-elf/lib\libsmallc.a(lib_a-putc.o)
 .debug_abbrev  0x0000000000002093      0x1d9 c:/intelfpga_lite/20.1/nios2eds/bin/gnu/h-x86_64-mingw32/bin/../lib/gcc/nios2-elf/10.1.1/../../../../../H-x86_64-mingw32/nios2-elf/lib\libsmallc.a(lib_a-writer.o)
 .debug_abbrev  0x000000000000226c      0x103 c:/intelfpga_lite/20.1/nios2eds/bin/gnu/h-x86_64-mingw32/bin/../lib/gcc/nios2-elf/10.1.1\libgcc.a(lib2-divmod.o)
 .debug_abbrev  0x000000000000236f      0x12f c:/Users/dlerner/Documents/FPGA/EC544_Project/software/mem_test_small_custom_bsp/\libhal_bsp.a(alt_getchar.o)
 .debug_abbrev  0x000000000000249e      0x125 c:/Users/dlerner/Documents/FPGA/EC544_Project/software/mem_test_small_custom_bsp/\libhal_bsp.a(alt_load.o)
 .debug_abbrev  0x00000000000025c3       0xba c:/Users/dlerner/Documents/FPGA/EC544_Project/software/mem_test_small_custom_bsp/\libhal_bsp.a(alt_main.o)
 .debug_abbrev  0x000000000000267d      0x1f0 c:/Users/dlerner/Documents/FPGA/EC544_Project/software/mem_test_small_custom_bsp/\libhal_bsp.a(alt_malloc_lock.o)
 .debug_abbrev  0x000000000000286d      0x144 c:/Users/dlerner/Documents/FPGA/EC544_Project/software/mem_test_small_custom_bsp/\libhal_bsp.a(alt_sbrk.o)
 .debug_abbrev  0x00000000000029b1      0x12b c:/Users/dlerner/Documents/FPGA/EC544_Project/software/mem_test_small_custom_bsp/\libhal_bsp.a(alt_write.o)
 .debug_abbrev  0x0000000000002adc      0x10b c:/Users/dlerner/Documents/FPGA/EC544_Project/software/mem_test_small_custom_bsp/\libhal_bsp.a(alt_sys_init.o)
 .debug_abbrev  0x0000000000002be7       0xea c:/Users/dlerner/Documents/FPGA/EC544_Project/software/mem_test_small_custom_bsp/\libhal_bsp.a(altera_avalon_jtag_uart_read.o)
 .debug_abbrev  0x0000000000002cd1       0xea c:/Users/dlerner/Documents/FPGA/EC544_Project/software/mem_test_small_custom_bsp/\libhal_bsp.a(altera_avalon_jtag_uart_write.o)
 .debug_abbrev  0x0000000000002dbb       0x44 c:/Users/dlerner/Documents/FPGA/EC544_Project/software/mem_test_small_custom_bsp/\libhal_bsp.a(alt_dcache_flush_all.o)
 .debug_abbrev  0x0000000000002dff      0x117 c:/Users/dlerner/Documents/FPGA/EC544_Project/software/mem_test_small_custom_bsp/\libhal_bsp.a(alt_dev.o)
 .debug_abbrev  0x0000000000002f16       0x5a c:/Users/dlerner/Documents/FPGA/EC544_Project/software/mem_test_small_custom_bsp/\libhal_bsp.a(alt_errno.o)
 .debug_abbrev  0x0000000000002f70       0x73 c:/Users/dlerner/Documents/FPGA/EC544_Project/software/mem_test_small_custom_bsp/\libhal_bsp.a(alt_icache_flush_all.o)
 .debug_abbrev  0x0000000000002fe3       0x44 c:/Users/dlerner/Documents/FPGA/EC544_Project/software/mem_test_small_custom_bsp/\libhal_bsp.a(altera_nios2_gen2_irq.o)
 .debug_abbrev  0x0000000000003027       0x9f c:/Users/dlerner/Documents/FPGA/EC544_Project/software/mem_test_small_custom_bsp/\libhal_bsp.a(alt_icache_flush.o)
 .debug_abbrev  0x00000000000030c6       0xbe c:/intelfpga_lite/20.1/nios2eds/bin/gnu/h-x86_64-mingw32/bin/../lib/gcc/nios2-elf/10.1.1/../../../../../H-x86_64-mingw32/nios2-elf/lib\libsmallc.a(lib_a-memcpy.o)

.debug_line     0x0000000000000000     0x4136
 *(.debug_line)
 .debug_line    0x0000000000000000       0x6c c:/Users/dlerner/Documents/FPGA/EC544_Project/software/mem_test_small_custom_bsp//obj/HAL/src/crt0.o
 .debug_line    0x000000000000006c      0x56c obj/default/memtest_small.o
 .debug_line    0x00000000000005d8      0x15a c:/intelfpga_lite/20.1/nios2eds/bin/gnu/h-x86_64-mingw32/bin/../lib/gcc/nios2-elf/10.1.1/../../../../../H-x86_64-mingw32/nios2-elf/lib\libsmallc.a(lib_a-impure.o)
 .debug_line    0x0000000000000732      0x203 c:/intelfpga_lite/20.1/nios2eds/bin/gnu/h-x86_64-mingw32/bin/../lib/gcc/nios2-elf/10.1.1/../../../../../H-x86_64-mingw32/nios2-elf/lib\libsmallc.a(lib_a-malloc.o)
 .debug_line    0x0000000000000935      0x32c c:/intelfpga_lite/20.1/nios2eds/bin/gnu/h-x86_64-mingw32/bin/../lib/gcc/nios2-elf/10.1.1/../../../../../H-x86_64-mingw32/nios2-elf/lib\libsmallc.a(lib_a-nano-freer.o)
 .debug_line    0x0000000000000c61      0x371 c:/intelfpga_lite/20.1/nios2eds/bin/gnu/h-x86_64-mingw32/bin/../lib/gcc/nios2-elf/10.1.1/../../../../../H-x86_64-mingw32/nios2-elf/lib\libsmallc.a(lib_a-nano-mallocr.o)
 .debug_line    0x0000000000000fd2      0x249 c:/intelfpga_lite/20.1/nios2eds/bin/gnu/h-x86_64-mingw32/bin/../lib/gcc/nios2-elf/10.1.1/../../../../../H-x86_64-mingw32/nios2-elf/lib\libsmallc.a(lib_a-printf.o)
 .debug_line    0x000000000000121b      0x213 c:/intelfpga_lite/20.1/nios2eds/bin/gnu/h-x86_64-mingw32/bin/../lib/gcc/nios2-elf/10.1.1/../../../../../H-x86_64-mingw32/nios2-elf/lib\libsmallc.a(lib_a-putchar.o)
 .debug_line    0x000000000000142e      0x23d c:/intelfpga_lite/20.1/nios2eds/bin/gnu/h-x86_64-mingw32/bin/../lib/gcc/nios2-elf/10.1.1/../../../../../H-x86_64-mingw32/nios2-elf/lib\libsmallc.a(lib_a-puts.o)
 .debug_line    0x000000000000166b      0x215 c:/intelfpga_lite/20.1/nios2eds/bin/gnu/h-x86_64-mingw32/bin/../lib/gcc/nios2-elf/10.1.1/../../../../../H-x86_64-mingw32/nios2-elf/lib\libsmallc.a(lib_a-sbrkr.o)
 .debug_line    0x0000000000001880      0x17a c:/intelfpga_lite/20.1/nios2eds/bin/gnu/h-x86_64-mingw32/bin/../lib/gcc/nios2-elf/10.1.1/../../../../../H-x86_64-mingw32/nios2-elf/lib\libsmallc.a(lib_a-strlen.o)
 .debug_line    0x00000000000019fa      0x48e c:/intelfpga_lite/20.1/nios2eds/bin/gnu/h-x86_64-mingw32/bin/../lib/gcc/nios2-elf/10.1.1/../../../../../H-x86_64-mingw32/nios2-elf/lib\libsmallc.a(lib_a-strtol.o)
 .debug_line    0x0000000000001e88      0x736 c:/intelfpga_lite/20.1/nios2eds/bin/gnu/h-x86_64-mingw32/bin/../lib/gcc/nios2-elf/10.1.1/../../../../../H-x86_64-mingw32/nios2-elf/lib\libsmallc.a(lib_a-vfprintf.o)
 .debug_line    0x00000000000025be       0xd5 c:/intelfpga_lite/20.1/nios2eds/bin/gnu/h-x86_64-mingw32/bin/../lib/gcc/nios2-elf/10.1.1/../../../../../H-x86_64-mingw32/nios2-elf/lib\libsmallc.a(lib_a-ctype_.o)
 .debug_line    0x0000000000002693      0x17c c:/intelfpga_lite/20.1/nios2eds/bin/gnu/h-x86_64-mingw32/bin/../lib/gcc/nios2-elf/10.1.1/../../../../../H-x86_64-mingw32/nios2-elf/lib\libsmallc.a(lib_a-errno.o)
 .debug_line    0x000000000000280f      0x250 c:/intelfpga_lite/20.1/nios2eds/bin/gnu/h-x86_64-mingw32/bin/../lib/gcc/nios2-elf/10.1.1/../../../../../H-x86_64-mingw32/nios2-elf/lib\libsmallc.a(lib_a-fvwrite_small_dev.o)
 .debug_line    0x0000000000002a5f       0x5e c:/intelfpga_lite/20.1/nios2eds/bin/gnu/h-x86_64-mingw32/bin/../lib/gcc/nios2-elf/10.1.1/../../../../../H-x86_64-mingw32/nios2-elf/lib\libsmallc.a(lib_a-int_errno.o)
 .debug_line    0x0000000000002abd      0x259 c:/intelfpga_lite/20.1/nios2eds/bin/gnu/h-x86_64-mingw32/bin/../lib/gcc/nios2-elf/10.1.1/../../../../../H-x86_64-mingw32/nios2-elf/lib\libsmallc.a(lib_a-putc.o)
 .debug_line    0x0000000000002d16      0x223 c:/intelfpga_lite/20.1/nios2eds/bin/gnu/h-x86_64-mingw32/bin/../lib/gcc/nios2-elf/10.1.1/../../../../../H-x86_64-mingw32/nios2-elf/lib\libsmallc.a(lib_a-writer.o)
 .debug_line    0x0000000000002f39      0x303 c:/intelfpga_lite/20.1/nios2eds/bin/gnu/h-x86_64-mingw32/bin/../lib/gcc/nios2-elf/10.1.1\libgcc.a(lib2-divmod.o)
 .debug_line    0x000000000000323c       0xdd c:/Users/dlerner/Documents/FPGA/EC544_Project/software/mem_test_small_custom_bsp/\libhal_bsp.a(alt_getchar.o)
 .debug_line    0x0000000000003319      0x101 c:/Users/dlerner/Documents/FPGA/EC544_Project/software/mem_test_small_custom_bsp/\libhal_bsp.a(alt_load.o)
 .debug_line    0x000000000000341a       0xe0 c:/Users/dlerner/Documents/FPGA/EC544_Project/software/mem_test_small_custom_bsp/\libhal_bsp.a(alt_main.o)
 .debug_line    0x00000000000034fa      0x122 c:/Users/dlerner/Documents/FPGA/EC544_Project/software/mem_test_small_custom_bsp/\libhal_bsp.a(alt_malloc_lock.o)
 .debug_line    0x000000000000361c      0x146 c:/Users/dlerner/Documents/FPGA/EC544_Project/software/mem_test_small_custom_bsp/\libhal_bsp.a(alt_sbrk.o)
 .debug_line    0x0000000000003762      0x182 c:/Users/dlerner/Documents/FPGA/EC544_Project/software/mem_test_small_custom_bsp/\libhal_bsp.a(alt_write.o)
 .debug_line    0x00000000000038e4       0xe7 c:/Users/dlerner/Documents/FPGA/EC544_Project/software/mem_test_small_custom_bsp/\libhal_bsp.a(alt_sys_init.o)
 .debug_line    0x00000000000039cb      0x11d c:/Users/dlerner/Documents/FPGA/EC544_Project/software/mem_test_small_custom_bsp/\libhal_bsp.a(altera_avalon_jtag_uart_read.o)
 .debug_line    0x0000000000003ae8       0xd6 c:/Users/dlerner/Documents/FPGA/EC544_Project/software/mem_test_small_custom_bsp/\libhal_bsp.a(altera_avalon_jtag_uart_write.o)
 .debug_line    0x0000000000003bbe       0x53 c:/Users/dlerner/Documents/FPGA/EC544_Project/software/mem_test_small_custom_bsp/\libhal_bsp.a(alt_dcache_flush_all.o)
 .debug_line    0x0000000000003c11      0x1a0 c:/Users/dlerner/Documents/FPGA/EC544_Project/software/mem_test_small_custom_bsp/\libhal_bsp.a(alt_dev.o)
 .debug_line    0x0000000000003db1       0x51 c:/Users/dlerner/Documents/FPGA/EC544_Project/software/mem_test_small_custom_bsp/\libhal_bsp.a(alt_errno.o)
 .debug_line    0x0000000000003e02       0x77 c:/Users/dlerner/Documents/FPGA/EC544_Project/software/mem_test_small_custom_bsp/\libhal_bsp.a(alt_icache_flush_all.o)
 .debug_line    0x0000000000003e79       0x5a c:/Users/dlerner/Documents/FPGA/EC544_Project/software/mem_test_small_custom_bsp/\libhal_bsp.a(altera_nios2_gen2_irq.o)
 .debug_line    0x0000000000003ed3       0xd9 c:/Users/dlerner/Documents/FPGA/EC544_Project/software/mem_test_small_custom_bsp/\libhal_bsp.a(alt_icache_flush.o)
 .debug_line    0x0000000000003fac      0x18a c:/intelfpga_lite/20.1/nios2eds/bin/gnu/h-x86_64-mingw32/bin/../lib/gcc/nios2-elf/10.1.1/../../../../../H-x86_64-mingw32/nios2-elf/lib\libsmallc.a(lib_a-memcpy.o)

.debug_frame    0x0000000000000000      0x6b0
 *(.debug_frame)
 .debug_frame   0x0000000000000000       0x7c obj/default/memtest_small.o
 .debug_frame   0x000000000000007c       0x30 c:/intelfpga_lite/20.1/nios2eds/bin/gnu/h-x86_64-mingw32/bin/../lib/gcc/nios2-elf/10.1.1/../../../../../H-x86_64-mingw32/nios2-elf/lib\libsmallc.a(lib_a-malloc.o)
 .debug_frame   0x00000000000000ac       0x38 c:/intelfpga_lite/20.1/nios2eds/bin/gnu/h-x86_64-mingw32/bin/../lib/gcc/nios2-elf/10.1.1/../../../../../H-x86_64-mingw32/nios2-elf/lib\libsmallc.a(lib_a-nano-freer.o)
 .debug_frame   0x00000000000000e4       0x3c c:/intelfpga_lite/20.1/nios2eds/bin/gnu/h-x86_64-mingw32/bin/../lib/gcc/nios2-elf/10.1.1/../../../../../H-x86_64-mingw32/nios2-elf/lib\libsmallc.a(lib_a-nano-mallocr.o)
 .debug_frame   0x0000000000000120       0x48 c:/intelfpga_lite/20.1/nios2eds/bin/gnu/h-x86_64-mingw32/bin/../lib/gcc/nios2-elf/10.1.1/../../../../../H-x86_64-mingw32/nios2-elf/lib\libsmallc.a(lib_a-printf.o)
 .debug_frame   0x0000000000000168       0x30 c:/intelfpga_lite/20.1/nios2eds/bin/gnu/h-x86_64-mingw32/bin/../lib/gcc/nios2-elf/10.1.1/../../../../../H-x86_64-mingw32/nios2-elf/lib\libsmallc.a(lib_a-putchar.o)
 .debug_frame   0x0000000000000198       0x48 c:/intelfpga_lite/20.1/nios2eds/bin/gnu/h-x86_64-mingw32/bin/../lib/gcc/nios2-elf/10.1.1/../../../../../H-x86_64-mingw32/nios2-elf/lib\libsmallc.a(lib_a-puts.o)
 .debug_frame   0x00000000000001e0       0x30 c:/intelfpga_lite/20.1/nios2eds/bin/gnu/h-x86_64-mingw32/bin/../lib/gcc/nios2-elf/10.1.1/../../../../../H-x86_64-mingw32/nios2-elf/lib\libsmallc.a(lib_a-sbrkr.o)
 .debug_frame   0x0000000000000210       0x20 c:/intelfpga_lite/20.1/nios2eds/bin/gnu/h-x86_64-mingw32/bin/../lib/gcc/nios2-elf/10.1.1/../../../../../H-x86_64-mingw32/nios2-elf/lib\libsmallc.a(lib_a-strlen.o)
 .debug_frame   0x0000000000000230       0x84 c:/intelfpga_lite/20.1/nios2eds/bin/gnu/h-x86_64-mingw32/bin/../lib/gcc/nios2-elf/10.1.1/../../../../../H-x86_64-mingw32/nios2-elf/lib\libsmallc.a(lib_a-strtol.o)
 .debug_frame   0x00000000000002b4       0x90 c:/intelfpga_lite/20.1/nios2eds/bin/gnu/h-x86_64-mingw32/bin/../lib/gcc/nios2-elf/10.1.1/../../../../../H-x86_64-mingw32/nios2-elf/lib\libsmallc.a(lib_a-vfprintf.o)
 .debug_frame   0x0000000000000344       0x20 c:/intelfpga_lite/20.1/nios2eds/bin/gnu/h-x86_64-mingw32/bin/../lib/gcc/nios2-elf/10.1.1/../../../../../H-x86_64-mingw32/nios2-elf/lib\libsmallc.a(lib_a-errno.o)
 .debug_frame   0x0000000000000364       0x3c c:/intelfpga_lite/20.1/nios2eds/bin/gnu/h-x86_64-mingw32/bin/../lib/gcc/nios2-elf/10.1.1/../../../../../H-x86_64-mingw32/nios2-elf/lib\libsmallc.a(lib_a-fvwrite_small_dev.o)
 .debug_frame   0x00000000000003a0       0x50 c:/intelfpga_lite/20.1/nios2eds/bin/gnu/h-x86_64-mingw32/bin/../lib/gcc/nios2-elf/10.1.1/../../../../../H-x86_64-mingw32/nios2-elf/lib\libsmallc.a(lib_a-putc.o)
 .debug_frame   0x00000000000003f0       0x30 c:/intelfpga_lite/20.1/nios2eds/bin/gnu/h-x86_64-mingw32/bin/../lib/gcc/nios2-elf/10.1.1/../../../../../H-x86_64-mingw32/nios2-elf/lib\libsmallc.a(lib_a-writer.o)
 .debug_frame   0x0000000000000420       0x50 c:/intelfpga_lite/20.1/nios2eds/bin/gnu/h-x86_64-mingw32/bin/../lib/gcc/nios2-elf/10.1.1\libgcc.a(lib2-divmod.o)
 .debug_frame   0x0000000000000470       0x30 c:/Users/dlerner/Documents/FPGA/EC544_Project/software/mem_test_small_custom_bsp/\libhal_bsp.a(alt_getchar.o)
 .debug_frame   0x00000000000004a0       0x2c c:/Users/dlerner/Documents/FPGA/EC544_Project/software/mem_test_small_custom_bsp/\libhal_bsp.a(alt_load.o)
 .debug_frame   0x00000000000004cc       0x2c c:/Users/dlerner/Documents/FPGA/EC544_Project/software/mem_test_small_custom_bsp/\libhal_bsp.a(alt_main.o)
 .debug_frame   0x00000000000004f8       0x30 c:/Users/dlerner/Documents/FPGA/EC544_Project/software/mem_test_small_custom_bsp/\libhal_bsp.a(alt_malloc_lock.o)
 .debug_frame   0x0000000000000528       0x20 c:/Users/dlerner/Documents/FPGA/EC544_Project/software/mem_test_small_custom_bsp/\libhal_bsp.a(alt_sbrk.o)
 .debug_frame   0x0000000000000548       0x2c c:/Users/dlerner/Documents/FPGA/EC544_Project/software/mem_test_small_custom_bsp/\libhal_bsp.a(alt_write.o)
 .debug_frame   0x0000000000000574       0x3c c:/Users/dlerner/Documents/FPGA/EC544_Project/software/mem_test_small_custom_bsp/\libhal_bsp.a(alt_sys_init.o)
 .debug_frame   0x00000000000005b0       0x20 c:/Users/dlerner/Documents/FPGA/EC544_Project/software/mem_test_small_custom_bsp/\libhal_bsp.a(altera_avalon_jtag_uart_read.o)
 .debug_frame   0x00000000000005d0       0x20 c:/Users/dlerner/Documents/FPGA/EC544_Project/software/mem_test_small_custom_bsp/\libhal_bsp.a(altera_avalon_jtag_uart_write.o)
 .debug_frame   0x00000000000005f0       0x20 c:/Users/dlerner/Documents/FPGA/EC544_Project/software/mem_test_small_custom_bsp/\libhal_bsp.a(alt_dcache_flush_all.o)
 .debug_frame   0x0000000000000610       0x20 c:/Users/dlerner/Documents/FPGA/EC544_Project/software/mem_test_small_custom_bsp/\libhal_bsp.a(alt_dev.o)
 .debug_frame   0x0000000000000630       0x20 c:/Users/dlerner/Documents/FPGA/EC544_Project/software/mem_test_small_custom_bsp/\libhal_bsp.a(alt_icache_flush_all.o)
 .debug_frame   0x0000000000000650       0x20 c:/Users/dlerner/Documents/FPGA/EC544_Project/software/mem_test_small_custom_bsp/\libhal_bsp.a(altera_nios2_gen2_irq.o)
 .debug_frame   0x0000000000000670       0x20 c:/Users/dlerner/Documents/FPGA/EC544_Project/software/mem_test_small_custom_bsp/\libhal_bsp.a(alt_icache_flush.o)
 .debug_frame   0x0000000000000690       0x20 c:/intelfpga_lite/20.1/nios2eds/bin/gnu/h-x86_64-mingw32/bin/../lib/gcc/nios2-elf/10.1.1/../../../../../H-x86_64-mingw32/nios2-elf/lib\libsmallc.a(lib_a-memcpy.o)

.debug_str      0x0000000000000000     0x1a14
 *(.debug_str)
 .debug_str     0x0000000000000000       0x6f c:/Users/dlerner/Documents/FPGA/EC544_Project/software/mem_test_small_custom_bsp//obj/HAL/src/crt0.o
 .debug_str     0x000000000000006f      0x54e obj/default/memtest_small.o
                                        0x62b (size before relaxing)
 .debug_str     0x00000000000005bd      0x188 c:/intelfpga_lite/20.1/nios2eds/bin/gnu/h-x86_64-mingw32/bin/../lib/gcc/nios2-elf/10.1.1/../../../../../H-x86_64-mingw32/nios2-elf/lib\libsmallc.a(lib_a-impure.o)
                                        0x4ae (size before relaxing)
 .debug_str     0x0000000000000745       0xe5 c:/intelfpga_lite/20.1/nios2eds/bin/gnu/h-x86_64-mingw32/bin/../lib/gcc/nios2-elf/10.1.1/../../../../../H-x86_64-mingw32/nios2-elf/lib\libsmallc.a(lib_a-malloc.o)
                                        0x4c2 (size before relaxing)
 .debug_str     0x000000000000082a       0xbc c:/intelfpga_lite/20.1/nios2eds/bin/gnu/h-x86_64-mingw32/bin/../lib/gcc/nios2-elf/10.1.1/../../../../../H-x86_64-mingw32/nios2-elf/lib\libsmallc.a(lib_a-nano-freer.o)
                                        0x524 (size before relaxing)
 .debug_str     0x00000000000008e6       0x46 c:/intelfpga_lite/20.1/nios2eds/bin/gnu/h-x86_64-mingw32/bin/../lib/gcc/nios2-elf/10.1.1/../../../../../H-x86_64-mingw32/nios2-elf/lib\libsmallc.a(lib_a-nano-mallocr.o)
                                        0x54f (size before relaxing)
 .debug_str     0x000000000000092c      0x11b c:/intelfpga_lite/20.1/nios2eds/bin/gnu/h-x86_64-mingw32/bin/../lib/gcc/nios2-elf/10.1.1/../../../../../H-x86_64-mingw32/nios2-elf/lib\libsmallc.a(lib_a-printf.o)
                                        0x4f4 (size before relaxing)
 .debug_str     0x0000000000000a47       0x4f c:/intelfpga_lite/20.1/nios2eds/bin/gnu/h-x86_64-mingw32/bin/../lib/gcc/nios2-elf/10.1.1/../../../../../H-x86_64-mingw32/nios2-elf/lib\libsmallc.a(lib_a-putchar.o)
                                        0x4b1 (size before relaxing)
 .debug_str     0x0000000000000a96       0x5d c:/intelfpga_lite/20.1/nios2eds/bin/gnu/h-x86_64-mingw32/bin/../lib/gcc/nios2-elf/10.1.1/../../../../../H-x86_64-mingw32/nios2-elf/lib\libsmallc.a(lib_a-puts.o)
                                        0x4bd (size before relaxing)
 .debug_str     0x0000000000000af3       0x4e c:/intelfpga_lite/20.1/nios2eds/bin/gnu/h-x86_64-mingw32/bin/../lib/gcc/nios2-elf/10.1.1/../../../../../H-x86_64-mingw32/nios2-elf/lib\libsmallc.a(lib_a-sbrkr.o)
                                        0x4a4 (size before relaxing)
 .debug_str     0x0000000000000b41       0xc7 c:/intelfpga_lite/20.1/nios2eds/bin/gnu/h-x86_64-mingw32/bin/../lib/gcc/nios2-elf/10.1.1/../../../../../H-x86_64-mingw32/nios2-elf/lib\libsmallc.a(lib_a-strlen.o)
                                        0x1c2 (size before relaxing)
 .debug_str     0x0000000000000c08      0x216 c:/intelfpga_lite/20.1/nios2eds/bin/gnu/h-x86_64-mingw32/bin/../lib/gcc/nios2-elf/10.1.1/../../../../../H-x86_64-mingw32/nios2-elf/lib\libsmallc.a(lib_a-strtol.o)
                                        0x71d (size before relaxing)
 .debug_str     0x0000000000000e1e      0x181 c:/intelfpga_lite/20.1/nios2eds/bin/gnu/h-x86_64-mingw32/bin/../lib/gcc/nios2-elf/10.1.1/../../../../../H-x86_64-mingw32/nios2-elf/lib\libsmallc.a(lib_a-vfprintf.o)
                                        0x84e (size before relaxing)
 .debug_str     0x0000000000000f9f       0xce c:/intelfpga_lite/20.1/nios2eds/bin/gnu/h-x86_64-mingw32/bin/../lib/gcc/nios2-elf/10.1.1/../../../../../H-x86_64-mingw32/nios2-elf/lib\libsmallc.a(lib_a-ctype_.o)
                                        0x1bd (size before relaxing)
 .debug_str     0x000000000000106d       0xc4 c:/intelfpga_lite/20.1/nios2eds/bin/gnu/h-x86_64-mingw32/bin/../lib/gcc/nios2-elf/10.1.1/../../../../../H-x86_64-mingw32/nios2-elf/lib\libsmallc.a(lib_a-errno.o)
                                        0x496 (size before relaxing)
 .debug_str     0x0000000000001131       0x62 c:/intelfpga_lite/20.1/nios2eds/bin/gnu/h-x86_64-mingw32/bin/../lib/gcc/nios2-elf/10.1.1/../../../../../H-x86_64-mingw32/nios2-elf/lib\libsmallc.a(lib_a-fvwrite_small_dev.o)
                                        0x4c4 (size before relaxing)
 .debug_str     0x0000000000001193       0x3e c:/intelfpga_lite/20.1/nios2eds/bin/gnu/h-x86_64-mingw32/bin/../lib/gcc/nios2-elf/10.1.1/../../../../../H-x86_64-mingw32/nios2-elf/lib\libsmallc.a(lib_a-int_errno.o)
                                        0x1b5 (size before relaxing)
 .debug_str     0x00000000000011d1       0x45 c:/intelfpga_lite/20.1/nios2eds/bin/gnu/h-x86_64-mingw32/bin/../lib/gcc/nios2-elf/10.1.1/../../../../../H-x86_64-mingw32/nios2-elf/lib\libsmallc.a(lib_a-putc.o)
                                        0x4bb (size before relaxing)
 .debug_str     0x0000000000001216       0x44 c:/intelfpga_lite/20.1/nios2eds/bin/gnu/h-x86_64-mingw32/bin/../lib/gcc/nios2-elf/10.1.1/../../../../../H-x86_64-mingw32/nios2-elf/lib\libsmallc.a(lib_a-writer.o)
                                        0x4a8 (size before relaxing)
 .debug_str     0x000000000000125a      0x167 c:/intelfpga_lite/20.1/nios2eds/bin/gnu/h-x86_64-mingw32/bin/../lib/gcc/nios2-elf/10.1.1\libgcc.a(lib2-divmod.o)
                                        0x1c6 (size before relaxing)
 .debug_str     0x00000000000013c1       0xd4 c:/Users/dlerner/Documents/FPGA/EC544_Project/software/mem_test_small_custom_bsp/\libhal_bsp.a(alt_getchar.o)
                                        0x23e (size before relaxing)
 .debug_str     0x0000000000001495      0x12c c:/Users/dlerner/Documents/FPGA/EC544_Project/software/mem_test_small_custom_bsp/\libhal_bsp.a(alt_load.o)
                                        0x269 (size before relaxing)
 .debug_str     0x00000000000015c1       0x5e c:/Users/dlerner/Documents/FPGA/EC544_Project/software/mem_test_small_custom_bsp/\libhal_bsp.a(alt_main.o)
                                        0x199 (size before relaxing)
 .debug_str     0x000000000000161f       0x1a c:/Users/dlerner/Documents/FPGA/EC544_Project/software/mem_test_small_custom_bsp/\libhal_bsp.a(alt_malloc_lock.o)
                                        0x52e (size before relaxing)
 .debug_str     0x0000000000001639       0x82 c:/Users/dlerner/Documents/FPGA/EC544_Project/software/mem_test_small_custom_bsp/\libhal_bsp.a(alt_sbrk.o)
                                        0x1d3 (size before relaxing)
 .debug_str     0x00000000000016bb       0x4a c:/Users/dlerner/Documents/FPGA/EC544_Project/software/mem_test_small_custom_bsp/\libhal_bsp.a(alt_write.o)
                                        0x1c2 (size before relaxing)
 .debug_str     0x0000000000001705       0x66 c:/Users/dlerner/Documents/FPGA/EC544_Project/software/mem_test_small_custom_bsp/\libhal_bsp.a(alt_sys_init.o)
                                        0x1e5 (size before relaxing)
 .debug_str     0x000000000000176b       0x32 c:/Users/dlerner/Documents/FPGA/EC544_Project/software/mem_test_small_custom_bsp/\libhal_bsp.a(altera_avalon_jtag_uart_read.o)
                                        0x1e0 (size before relaxing)
 .debug_str     0x000000000000179d       0x2c c:/Users/dlerner/Documents/FPGA/EC544_Project/software/mem_test_small_custom_bsp/\libhal_bsp.a(altera_avalon_jtag_uart_write.o)
                                        0x1d6 (size before relaxing)
 .debug_str     0x00000000000017c9       0x1f c:/Users/dlerner/Documents/FPGA/EC544_Project/software/mem_test_small_custom_bsp/\libhal_bsp.a(alt_dcache_flush_all.o)
                                        0x16a (size before relaxing)
 .debug_str     0x00000000000017e8      0x15d c:/Users/dlerner/Documents/FPGA/EC544_Project/software/mem_test_small_custom_bsp/\libhal_bsp.a(alt_dev.o)
                                        0x379 (size before relaxing)
 .debug_str     0x0000000000001945       0x14 c:/Users/dlerner/Documents/FPGA/EC544_Project/software/mem_test_small_custom_bsp/\libhal_bsp.a(alt_errno.o)
                                        0x154 (size before relaxing)
 .debug_str     0x0000000000001959       0x30 c:/Users/dlerner/Documents/FPGA/EC544_Project/software/mem_test_small_custom_bsp/\libhal_bsp.a(alt_icache_flush_all.o)
                                        0x17b (size before relaxing)
 .debug_str     0x0000000000001989       0x20 c:/Users/dlerner/Documents/FPGA/EC544_Project/software/mem_test_small_custom_bsp/\libhal_bsp.a(altera_nios2_gen2_irq.o)
                                        0x171 (size before relaxing)
 .debug_str     0x00000000000019a9       0x1b c:/Users/dlerner/Documents/FPGA/EC544_Project/software/mem_test_small_custom_bsp/\libhal_bsp.a(alt_icache_flush.o)
                                        0x170 (size before relaxing)
 .debug_str     0x00000000000019c4       0x50 c:/intelfpga_lite/20.1/nios2eds/bin/gnu/h-x86_64-mingw32/bin/../lib/gcc/nios2-elf/10.1.1/../../../../../H-x86_64-mingw32/nios2-elf/lib\libsmallc.a(lib_a-memcpy.o)
                                        0x1d0 (size before relaxing)

.debug_loc      0x0000000000000000     0x2d27
 *(.debug_loc)
 .debug_loc     0x0000000000000000      0x69d obj/default/memtest_small.o
 .debug_loc     0x000000000000069d       0x64 c:/intelfpga_lite/20.1/nios2eds/bin/gnu/h-x86_64-mingw32/bin/../lib/gcc/nios2-elf/10.1.1/../../../../../H-x86_64-mingw32/nios2-elf/lib\libsmallc.a(lib_a-malloc.o)
 .debug_loc     0x0000000000000701      0x145 c:/intelfpga_lite/20.1/nios2eds/bin/gnu/h-x86_64-mingw32/bin/../lib/gcc/nios2-elf/10.1.1/../../../../../H-x86_64-mingw32/nios2-elf/lib\libsmallc.a(lib_a-nano-freer.o)
 .debug_loc     0x0000000000000846      0x291 c:/intelfpga_lite/20.1/nios2eds/bin/gnu/h-x86_64-mingw32/bin/../lib/gcc/nios2-elf/10.1.1/../../../../../H-x86_64-mingw32/nios2-elf/lib\libsmallc.a(lib_a-nano-mallocr.o)
 .debug_loc     0x0000000000000ad7       0xe1 c:/intelfpga_lite/20.1/nios2eds/bin/gnu/h-x86_64-mingw32/bin/../lib/gcc/nios2-elf/10.1.1/../../../../../H-x86_64-mingw32/nios2-elf/lib\libsmallc.a(lib_a-printf.o)
 .debug_loc     0x0000000000000bb8       0x91 c:/intelfpga_lite/20.1/nios2eds/bin/gnu/h-x86_64-mingw32/bin/../lib/gcc/nios2-elf/10.1.1/../../../../../H-x86_64-mingw32/nios2-elf/lib\libsmallc.a(lib_a-putchar.o)
 .debug_loc     0x0000000000000c49       0xab c:/intelfpga_lite/20.1/nios2eds/bin/gnu/h-x86_64-mingw32/bin/../lib/gcc/nios2-elf/10.1.1/../../../../../H-x86_64-mingw32/nios2-elf/lib\libsmallc.a(lib_a-puts.o)
 .debug_loc     0x0000000000000cf4       0x6c c:/intelfpga_lite/20.1/nios2eds/bin/gnu/h-x86_64-mingw32/bin/../lib/gcc/nios2-elf/10.1.1/../../../../../H-x86_64-mingw32/nios2-elf/lib\libsmallc.a(lib_a-sbrkr.o)
 .debug_loc     0x0000000000000d60       0x44 c:/intelfpga_lite/20.1/nios2eds/bin/gnu/h-x86_64-mingw32/bin/../lib/gcc/nios2-elf/10.1.1/../../../../../H-x86_64-mingw32/nios2-elf/lib\libsmallc.a(lib_a-strlen.o)
 .debug_loc     0x0000000000000da4      0x6ca c:/intelfpga_lite/20.1/nios2eds/bin/gnu/h-x86_64-mingw32/bin/../lib/gcc/nios2-elf/10.1.1/../../../../../H-x86_64-mingw32/nios2-elf/lib\libsmallc.a(lib_a-strtol.o)
 .debug_loc     0x000000000000146e      0xb0d c:/intelfpga_lite/20.1/nios2eds/bin/gnu/h-x86_64-mingw32/bin/../lib/gcc/nios2-elf/10.1.1/../../../../../H-x86_64-mingw32/nios2-elf/lib\libsmallc.a(lib_a-vfprintf.o)
 .debug_loc     0x0000000000001f7b      0x123 c:/intelfpga_lite/20.1/nios2eds/bin/gnu/h-x86_64-mingw32/bin/../lib/gcc/nios2-elf/10.1.1/../../../../../H-x86_64-mingw32/nios2-elf/lib\libsmallc.a(lib_a-fvwrite_small_dev.o)
 .debug_loc     0x000000000000209e       0xe0 c:/intelfpga_lite/20.1/nios2eds/bin/gnu/h-x86_64-mingw32/bin/../lib/gcc/nios2-elf/10.1.1/../../../../../H-x86_64-mingw32/nios2-elf/lib\libsmallc.a(lib_a-putc.o)
 .debug_loc     0x000000000000217e       0xd0 c:/intelfpga_lite/20.1/nios2eds/bin/gnu/h-x86_64-mingw32/bin/../lib/gcc/nios2-elf/10.1.1/../../../../../H-x86_64-mingw32/nios2-elf/lib\libsmallc.a(lib_a-writer.o)
 .debug_loc     0x000000000000224e      0x5d0 c:/intelfpga_lite/20.1/nios2eds/bin/gnu/h-x86_64-mingw32/bin/../lib/gcc/nios2-elf/10.1.1\libgcc.a(lib2-divmod.o)
 .debug_loc     0x000000000000281e       0x8e c:/Users/dlerner/Documents/FPGA/EC544_Project/software/mem_test_small_custom_bsp/\libhal_bsp.a(alt_sbrk.o)
 .debug_loc     0x00000000000028ac       0xd2 c:/Users/dlerner/Documents/FPGA/EC544_Project/software/mem_test_small_custom_bsp/\libhal_bsp.a(alt_write.o)
 .debug_loc     0x000000000000297e       0x25 c:/Users/dlerner/Documents/FPGA/EC544_Project/software/mem_test_small_custom_bsp/\libhal_bsp.a(alt_sys_init.o)
 .debug_loc     0x00000000000029a3      0x130 c:/Users/dlerner/Documents/FPGA/EC544_Project/software/mem_test_small_custom_bsp/\libhal_bsp.a(altera_avalon_jtag_uart_read.o)
 .debug_loc     0x0000000000002ad3       0x93 c:/Users/dlerner/Documents/FPGA/EC544_Project/software/mem_test_small_custom_bsp/\libhal_bsp.a(altera_avalon_jtag_uart_write.o)
 .debug_loc     0x0000000000002b66       0x97 c:/Users/dlerner/Documents/FPGA/EC544_Project/software/mem_test_small_custom_bsp/\libhal_bsp.a(alt_icache_flush.o)
 .debug_loc     0x0000000000002bfd      0x12a c:/intelfpga_lite/20.1/nios2eds/bin/gnu/h-x86_64-mingw32/bin/../lib/gcc/nios2-elf/10.1.1/../../../../../H-x86_64-mingw32/nios2-elf/lib\libsmallc.a(lib_a-memcpy.o)

.debug_macinfo
 *(.debug_macinfo)

.debug_weaknames
 *(.debug_weaknames)

.debug_funcnames
 *(.debug_funcnames)

.debug_typenames
 *(.debug_typenames)

.debug_varnames
 *(.debug_varnames)

.debug_alt_sim_info
                0x0000000000000000       0x20
 *(.debug_alt_sim_info)
 .debug_alt_sim_info
                0x0000000000000000       0x20 c:/Users/dlerner/Documents/FPGA/EC544_Project/software/mem_test_small_custom_bsp//obj/HAL/src/crt0.o
                0x000000000000d000                __alt_data_end = 0xd000
                0x000000000000d000                PROVIDE (__alt_stack_pointer = __alt_data_end)
                [!provide]                        PROVIDE (__alt_stack_limit = __alt_stack_base)
                0x0000000000009dd0                PROVIDE (__alt_heap_start = end)
                0x000000000000d000                PROVIDE (__alt_heap_limit = 0xd000)