Archive member included to satisfy reference by file (symbol)

c:/intelfpga_lite/20.1/nios2eds/bin/gnu/h-x86_64-mingw32/bin/../lib/gcc/nios2-elf/10.1.1/../../../../../H-x86_64-mingw32/nios2-elf/lib\libsmallc.a(lib_a-impure.o)
                              obj/default/memtest_small.o (_impure_ptr)
c:/intelfpga_lite/20.1/nios2eds/bin/gnu/h-x86_64-mingw32/bin/../lib/gcc/nios2-elf/10.1.1/../../../../../H-x86_64-mingw32/nios2-elf/lib\libsmallc.a(lib_a-printf.o)
                              obj/default/memtest_small.o (printf)
c:/intelfpga_lite/20.1/nios2eds/bin/gnu/h-x86_64-mingw32/bin/../lib/gcc/nios2-elf/10.1.1/../../../../../H-x86_64-mingw32/nios2-elf/lib\libsmallc.a(lib_a-putchar.o)
                              obj/default/memtest_small.o (putchar)
c:/intelfpga_lite/20.1/nios2eds/bin/gnu/h-x86_64-mingw32/bin/../lib/gcc/nios2-elf/10.1.1/../../../../../H-x86_64-mingw32/nios2-elf/lib\libsmallc.a(lib_a-puts.o)
                              obj/default/memtest_small.o (puts)
c:/intelfpga_lite/20.1/nios2eds/bin/gnu/h-x86_64-mingw32/bin/../lib/gcc/nios2-elf/10.1.1/../../../../../H-x86_64-mingw32/nios2-elf/lib\libsmallc.a(lib_a-strlen.o)
                              c:/intelfpga_lite/20.1/nios2eds/bin/gnu/h-x86_64-mingw32/bin/../lib/gcc/nios2-elf/10.1.1/../../../../../H-x86_64-mingw32/nios2-elf/lib\libsmallc.a(lib_a-puts.o) (strlen)
c:/intelfpga_lite/20.1/nios2eds/bin/gnu/h-x86_64-mingw32/bin/../lib/gcc/nios2-elf/10.1.1/../../../../../H-x86_64-mingw32/nios2-elf/lib\libsmallc.a(lib_a-strtol.o)
                              obj/default/memtest_small.o (strtol)
c:/intelfpga_lite/20.1/nios2eds/bin/gnu/h-x86_64-mingw32/bin/../lib/gcc/nios2-elf/10.1.1/../../../../../H-x86_64-mingw32/nios2-elf/lib\libsmallc.a(lib_a-vfprintf.o)
                              c:/intelfpga_lite/20.1/nios2eds/bin/gnu/h-x86_64-mingw32/bin/../lib/gcc/nios2-elf/10.1.1/../../../../../H-x86_64-mingw32/nios2-elf/lib\libsmallc.a(lib_a-printf.o) (___vfprintf_internal_r)
c:/intelfpga_lite/20.1/nios2eds/bin/gnu/h-x86_64-mingw32/bin/../lib/gcc/nios2-elf/10.1.1/../../../../../H-x86_64-mingw32/nios2-elf/lib\libsmallc.a(lib_a-ctype_.o)
                              c:/intelfpga_lite/20.1/nios2eds/bin/gnu/h-x86_64-mingw32/bin/../lib/gcc/nios2-elf/10.1.1/../../../../../H-x86_64-mingw32/nios2-elf/lib\libsmallc.a(lib_a-strtol.o) (_ctype_)
c:/intelfpga_lite/20.1/nios2eds/bin/gnu/h-x86_64-mingw32/bin/../lib/gcc/nios2-elf/10.1.1/../../../../../H-x86_64-mingw32/nios2-elf/lib\libsmallc.a(lib_a-errno.o)
                              c:/intelfpga_lite/20.1/nios2eds/bin/gnu/h-x86_64-mingw32/bin/../lib/gcc/nios2-elf/10.1.1/../../../../../H-x86_64-mingw32/nios2-elf/lib\libsmallc.a(lib_a-strtol.o) (__errno)
c:/intelfpga_lite/20.1/nios2eds/bin/gnu/h-x86_64-mingw32/bin/../lib/gcc/nios2-elf/10.1.1/../../../../../H-x86_64-mingw32/nios2-elf/lib\libsmallc.a(lib_a-fvwrite_small_dev.o)
                              c:/intelfpga_lite/20.1/nios2eds/bin/gnu/h-x86_64-mingw32/bin/../lib/gcc/nios2-elf/10.1.1/../../../../../H-x86_64-mingw32/nios2-elf/lib\libsmallc.a(lib_a-printf.o) (__sfvwrite_small_dev)
c:/intelfpga_lite/20.1/nios2eds/bin/gnu/h-x86_64-mingw32/bin/../lib/gcc/nios2-elf/10.1.1/../../../../../H-x86_64-mingw32/nios2-elf/lib\libsmallc.a(lib_a-putc.o)
                              c:/intelfpga_lite/20.1/nios2eds/bin/gnu/h-x86_64-mingw32/bin/../lib/gcc/nios2-elf/10.1.1/../../../../../H-x86_64-mingw32/nios2-elf/lib\libsmallc.a(lib_a-putchar.o) (_putc_r)
c:/intelfpga_lite/20.1/nios2eds/bin/gnu/h-x86_64-mingw32/bin/../lib/gcc/nios2-elf/10.1.1/../../../../../H-x86_64-mingw32/nios2-elf/lib\libsmallc.a(lib_a-writer.o)
                              c:/intelfpga_lite/20.1/nios2eds/bin/gnu/h-x86_64-mingw32/bin/../lib/gcc/nios2-elf/10.1.1/../../../../../H-x86_64-mingw32/nios2-elf/lib\libsmallc.a(lib_a-fvwrite_small_dev.o) (_write_r)
c:/intelfpga_lite/20.1/nios2eds/bin/gnu/h-x86_64-mingw32/bin/../lib/gcc/nios2-elf/10.1.1/../../../../../H-x86_64-mingw32/nios2-elf/lib\libsmallc.a(lib_a-int_errno.o)
                              c:/intelfpga_lite/20.1/nios2eds/bin/gnu/h-x86_64-mingw32/bin/../lib/gcc/nios2-elf/10.1.1/../../../../../H-x86_64-mingw32/nios2-elf/lib\libsmallc.a(lib_a-writer.o) (errno)
c:/intelfpga_lite/20.1/nios2eds/bin/gnu/h-x86_64-mingw32/bin/../lib/gcc/nios2-elf/10.1.1\libgcc.a(lib2-divmod.o)
                              c:/intelfpga_lite/20.1/nios2eds/bin/gnu/h-x86_64-mingw32/bin/../lib/gcc/nios2-elf/10.1.1/../../../../../H-x86_64-mingw32/nios2-elf/lib\libsmallc.a(lib_a-strtol.o) (__udivsi3)
c:/Users/dlerner/Documents/FPGA/EC544_Project/software/mem_test_small_custom_bsp/\libhal_bsp.a(alt_getchar.o)
                              obj/default/memtest_small.o (alt_getchar)
c:/Users/dlerner/Documents/FPGA/EC544_Project/software/mem_test_small_custom_bsp/\libhal_bsp.a(alt_load.o)
                              c:/Users/dlerner/Documents/FPGA/EC544_Project/software/mem_test_small_custom_bsp//obj/HAL/src/crt0.o (alt_load)
c:/Users/dlerner/Documents/FPGA/EC544_Project/software/mem_test_small_custom_bsp/\libhal_bsp.a(alt_main.o)
                              c:/Users/dlerner/Documents/FPGA/EC544_Project/software/mem_test_small_custom_bsp//obj/HAL/src/crt0.o (alt_main)
c:/Users/dlerner/Documents/FPGA/EC544_Project/software/mem_test_small_custom_bsp/\libhal_bsp.a(alt_write.o)
                              c:/intelfpga_lite/20.1/nios2eds/bin/gnu/h-x86_64-mingw32/bin/../lib/gcc/nios2-elf/10.1.1/../../../../../H-x86_64-mingw32/nios2-elf/lib\libsmallc.a(lib_a-writer.o) (write)
c:/Users/dlerner/Documents/FPGA/EC544_Project/software/mem_test_small_custom_bsp/\libhal_bsp.a(alt_sys_init.o)
                              c:/Users/dlerner/Documents/FPGA/EC544_Project/software/mem_test_small_custom_bsp/\libhal_bsp.a(alt_main.o) (alt_irq_init)
c:/Users/dlerner/Documents/FPGA/EC544_Project/software/mem_test_small_custom_bsp/\libhal_bsp.a(altera_avalon_jtag_uart_read.o)
                              c:/Users/dlerner/Documents/FPGA/EC544_Project/software/mem_test_small_custom_bsp/\libhal_bsp.a(alt_getchar.o) (altera_avalon_jtag_uart_read)
c:/Users/dlerner/Documents/FPGA/EC544_Project/software/mem_test_small_custom_bsp/\libhal_bsp.a(altera_avalon_jtag_uart_write.o)
                              c:/Users/dlerner/Documents/FPGA/EC544_Project/software/mem_test_small_custom_bsp/\libhal_bsp.a(alt_write.o) (altera_avalon_jtag_uart_write)
c:/Users/dlerner/Documents/FPGA/EC544_Project/software/mem_test_small_custom_bsp/\libhal_bsp.a(alt_dcache_flush_all.o)
                              c:/Users/dlerner/Documents/FPGA/EC544_Project/software/mem_test_small_custom_bsp/\libhal_bsp.a(alt_load.o) (alt_dcache_flush_all)
c:/Users/dlerner/Documents/FPGA/EC544_Project/software/mem_test_small_custom_bsp/\libhal_bsp.a(alt_dev.o)
                              c:/Users/dlerner/Documents/FPGA/EC544_Project/software/mem_test_small_custom_bsp/\libhal_bsp.a(alt_getchar.o) (alt_fd_list)
c:/Users/dlerner/Documents/FPGA/EC544_Project/software/mem_test_small_custom_bsp/\libhal_bsp.a(alt_errno.o)
                              c:/Users/dlerner/Documents/FPGA/EC544_Project/software/mem_test_small_custom_bsp/\libhal_bsp.a(alt_write.o) (alt_errno)
c:/Users/dlerner/Documents/FPGA/EC544_Project/software/mem_test_small_custom_bsp/\libhal_bsp.a(alt_icache_flush_all.o)
                              c:/Users/dlerner/Documents/FPGA/EC544_Project/software/mem_test_small_custom_bsp/\libhal_bsp.a(alt_load.o) (alt_icache_flush_all)
c:/Users/dlerner/Documents/FPGA/EC544_Project/software/mem_test_small_custom_bsp/\libhal_bsp.a(altera_nios2_gen2_irq.o)
                              c:/Users/dlerner/Documents/FPGA/EC544_Project/software/mem_test_small_custom_bsp/\libhal_bsp.a(alt_sys_init.o) (altera_nios2_gen2_irq_init)
c:/Users/dlerner/Documents/FPGA/EC544_Project/software/mem_test_small_custom_bsp/\libhal_bsp.a(alt_icache_flush.o)
                              c:/Users/dlerner/Documents/FPGA/EC544_Project/software/mem_test_small_custom_bsp/\libhal_bsp.a(alt_icache_flush_all.o) (alt_icache_flush)
c:/intelfpga_lite/20.1/nios2eds/bin/gnu/h-x86_64-mingw32/bin/../lib/gcc/nios2-elf/10.1.1/../../../../../H-x86_64-mingw32/nios2-elf/lib\libsmallc.a(lib_a-memcpy.o)
                              c:/Users/dlerner/Documents/FPGA/EC544_Project/software/mem_test_small_custom_bsp/\libhal_bsp.a(alt_load.o) (memcpy)

Memory Configuration

Name             Origin             Length             Attributes
reset            0x0000000000008000 0x0000000000000020
onchip_mem       0x0000000000008020 0x0000000000004fe0
*default*        0x0000000000000000 0xffffffffffffffff

Linker script and memory map

LOAD c:/Users/dlerner/Documents/FPGA/EC544_Project/software/mem_test_small_custom_bsp//obj/HAL/src/crt0.o
LOAD obj/default/memtest_small.o
LOAD c:/intelfpga_lite/20.1/nios2eds/bin/gnu/h-x86_64-mingw32/bin/../lib/gcc/nios2-elf/10.1.1/../../../../../H-x86_64-mingw32/nios2-elf/lib\libstdc++.a
LOAD c:/intelfpga_lite/20.1/nios2eds/bin/gnu/h-x86_64-mingw32/bin/../lib/gcc/nios2-elf/10.1.1/../../../../../H-x86_64-mingw32/nios2-elf/lib\libm.a
LOAD c:/intelfpga_lite/20.1/nios2eds/bin/gnu/h-x86_64-mingw32/bin/../lib/gcc/nios2-elf/10.1.1\libgcc.a
START GROUP
LOAD c:/intelfpga_lite/20.1/nios2eds/bin/gnu/h-x86_64-mingw32/bin/../lib/gcc/nios2-elf/10.1.1/../../../../../H-x86_64-mingw32/nios2-elf/lib\libsmallc.a
LOAD c:/intelfpga_lite/20.1/nios2eds/bin/gnu/h-x86_64-mingw32/bin/../lib/gcc/nios2-elf/10.1.1\libgcc.a
LOAD c:/Users/dlerner/Documents/FPGA/EC544_Project/software/mem_test_small_custom_bsp/\libhal_bsp.a
LOAD c:/intelfpga_lite/20.1/nios2eds/bin/gnu/h-x86_64-mingw32/bin/../lib/gcc/nios2-elf/10.1.1/../../../../../H-x86_64-mingw32/nios2-elf/lib\libm.a
END GROUP
LOAD c:/intelfpga_lite/20.1/nios2eds/bin/gnu/h-x86_64-mingw32/bin/../lib/gcc/nios2-elf/10.1.1\libgcc.a
                0x0000000000008000                __alt_mem_onchip_mem = 0x8000

.entry          0x0000000000008000       0x20
 *(.entry)
 .entry         0x0000000000008000       0x20 c:/Users/dlerner/Documents/FPGA/EC544_Project/software/mem_test_small_custom_bsp//obj/HAL/src/crt0.o
                0x0000000000008000                __reset
                0x000000000000801c                _exit

.exceptions     0x0000000000008020        0x0
                0x0000000000008020                PROVIDE (__ram_exceptions_start = ABSOLUTE (.))
                0x0000000000008020                . = ALIGN (0x20)
 *(.irq)
 *(.exceptions.entry.label)
 *(.exceptions.entry.user)
 *(.exceptions.entry.ecc_fatal)
 *(.exceptions.entry)
 *(.exceptions.irqtest.user)
 *(.exceptions.irqtest)
 *(.exceptions.irqhandler.user)
 *(.exceptions.irqhandler)
 *(.exceptions.irqreturn.user)
 *(.exceptions.irqreturn)
 *(.exceptions.notirq.label)
 *(.exceptions.notirq.user)
 *(.exceptions.notirq)
 *(.exceptions.soft.user)
 *(.exceptions.soft)
 *(.exceptions.unknown.user)
 *(.exceptions.unknown)
 *(.exceptions.exit.label)
 *(.exceptions.exit.user)
 *(.exceptions.exit)
 *(.exceptions)
                0x0000000000008020                PROVIDE (__ram_exceptions_end = ABSOLUTE (.))
                0x0000000000008020                PROVIDE (__flash_exceptions_start = LOADADDR (.exceptions))

.text           0x0000000000008020     0x1274
                [!provide]                        PROVIDE (stext = ABSOLUTE (.))
 *(.interp)
 *(.hash)
 *(.dynsym)
 *(.dynstr)
 *(.gnu.version)
 *(.gnu.version_d)
 *(.gnu.version_r)
 *(.rel.init)
 *(.rela.init)
 *(.rel.text .rel.text.* .rel.gnu.linkonce.t.*)
 *(.rela.text .rela.text.* .rela.gnu.linkonce.t.*)
 *(.rel.fini)
 *(.rela.fini)
 *(.rel.rodata .rel.rodata.* .rel.gnu.linkonce.r.*)
 *(.rela.rodata .rela.rodata.* .rela.gnu.linkonce.r.*)
 *(.rel.data .rel.data.* .rel.gnu.linkonce.d.*)
 *(.rela.data .rela.data.* .rela.gnu.linkonce.d.*)
 *(.rel.tdata .rel.tdata.* .rel.gnu.linkonce.td.*)
 *(.rela.tdata .rela.tdata.* .rela.gnu.linkonce.td.*)
 *(.rel.tbss .rel.tbss.* .rel.gnu.linkonce.tb.*)
 *(.rela.tbss .rela.tbss.* .rela.gnu.linkonce.tb.*)
 *(.rel.ctors)
 *(.rela.ctors)
 *(.rel.dtors)
 *(.rela.dtors)
 *(.rel.got)
 *(.rela.got)
 *(.rel.sdata .rel.sdata.* .rel.gnu.linkonce.s.*)
 *(.rela.sdata .rela.sdata.* .rela.gnu.linkonce.s.*)
 *(.rel.sbss .rel.sbss.* .rel.gnu.linkonce.sb.*)
 *(.rela.sbss .rela.sbss.* .rela.gnu.linkonce.sb.*)
 *(.rel.sdata2 .rel.sdata2.* .rel.gnu.linkonce.s2.*)
 *(.rela.sdata2 .rela.sdata2.* .rela.gnu.linkonce.s2.*)
 *(.rel.sbss2 .rel.sbss2.* .rel.gnu.linkonce.sb2.*)
 *(.rela.sbss2 .rela.sbss2.* .rela.gnu.linkonce.sb2.*)
 *(.rel.bss .rel.bss.* .rel.gnu.linkonce.b.*)
 *(.rela.bss .rela.bss.* .rela.gnu.linkonce.b.*)
 *(.rel.plt)
 *(.rela.plt)
 *(.rel.dyn)
 *(.init)
 *(.plt)
 *(.text .stub .text.* .gnu.linkonce.t.*)
 .text          0x0000000000008020       0x3c c:/Users/dlerner/Documents/FPGA/EC544_Project/software/mem_test_small_custom_bsp//obj/HAL/src/crt0.o
                0x0000000000008020                _start
 .text          0x000000000000805c       0x70 obj/default/memtest_small.o
                0x000000000000805c                GetInputString
 .text.startup  0x00000000000080cc      0x2dc obj/default/memtest_small.o
                0x00000000000080cc                main
 .text          0x00000000000083a8        0x0 c:/intelfpga_lite/20.1/nios2eds/bin/gnu/h-x86_64-mingw32/bin/../lib/gcc/nios2-elf/10.1.1/../../../../../H-x86_64-mingw32/nios2-elf/lib\libsmallc.a(lib_a-impure.o)
 .text          0x00000000000083a8        0x0 c:/intelfpga_lite/20.1/nios2eds/bin/gnu/h-x86_64-mingw32/bin/../lib/gcc/nios2-elf/10.1.1/../../../../../H-x86_64-mingw32/nios2-elf/lib\libsmallc.a(lib_a-printf.o)
 .text._printf_r
                0x00000000000083a8       0x3c c:/intelfpga_lite/20.1/nios2eds/bin/gnu/h-x86_64-mingw32/bin/../lib/gcc/nios2-elf/10.1.1/../../../../../H-x86_64-mingw32/nios2-elf/lib\libsmallc.a(lib_a-printf.o)
                0x00000000000083a8                _printf_r
 .text.printf   0x00000000000083e4       0x48 c:/intelfpga_lite/20.1/nios2eds/bin/gnu/h-x86_64-mingw32/bin/../lib/gcc/nios2-elf/10.1.1/../../../../../H-x86_64-mingw32/nios2-elf/lib\libsmallc.a(lib_a-printf.o)
                0x00000000000083e4                printf
 .text          0x000000000000842c        0x0 c:/intelfpga_lite/20.1/nios2eds/bin/gnu/h-x86_64-mingw32/bin/../lib/gcc/nios2-elf/10.1.1/../../../../../H-x86_64-mingw32/nios2-elf/lib\libsmallc.a(lib_a-putchar.o)
 .text._putchar_r
                0x000000000000842c        0x8 c:/intelfpga_lite/20.1/nios2eds/bin/gnu/h-x86_64-mingw32/bin/../lib/gcc/nios2-elf/10.1.1/../../../../../H-x86_64-mingw32/nios2-elf/lib\libsmallc.a(lib_a-putchar.o)
                0x000000000000842c                _putchar_r
 .text.putchar  0x0000000000008434       0x18 c:/intelfpga_lite/20.1/nios2eds/bin/gnu/h-x86_64-mingw32/bin/../lib/gcc/nios2-elf/10.1.1/../../../../../H-x86_64-mingw32/nios2-elf/lib\libsmallc.a(lib_a-putchar.o)
                0x0000000000008434                putchar
 .text          0x000000000000844c        0x0 c:/intelfpga_lite/20.1/nios2eds/bin/gnu/h-x86_64-mingw32/bin/../lib/gcc/nios2-elf/10.1.1/../../../../../H-x86_64-mingw32/nios2-elf/lib\libsmallc.a(lib_a-puts.o)
 .text._puts_r  0x000000000000844c       0x80 c:/intelfpga_lite/20.1/nios2eds/bin/gnu/h-x86_64-mingw32/bin/../lib/gcc/nios2-elf/10.1.1/../../../../../H-x86_64-mingw32/nios2-elf/lib\libsmallc.a(lib_a-puts.o)
                0x000000000000844c                _puts_r
 .text.puts     0x00000000000084cc       0x10 c:/intelfpga_lite/20.1/nios2eds/bin/gnu/h-x86_64-mingw32/bin/../lib/gcc/nios2-elf/10.1.1/../../../../../H-x86_64-mingw32/nios2-elf/lib\libsmallc.a(lib_a-puts.o)
                0x00000000000084cc                puts
 .text          0x00000000000084dc        0x0 c:/intelfpga_lite/20.1/nios2eds/bin/gnu/h-x86_64-mingw32/bin/../lib/gcc/nios2-elf/10.1.1/../../../../../H-x86_64-mingw32/nios2-elf/lib\libsmallc.a(lib_a-strlen.o)
 .text.strlen   0x00000000000084dc       0x1c c:/intelfpga_lite/20.1/nios2eds/bin/gnu/h-x86_64-mingw32/bin/../lib/gcc/nios2-elf/10.1.1/../../../../../H-x86_64-mingw32/nios2-elf/lib\libsmallc.a(lib_a-strlen.o)
                0x00000000000084dc                strlen
 .text          0x00000000000084f8        0x0 c:/intelfpga_lite/20.1/nios2eds/bin/gnu/h-x86_64-mingw32/bin/../lib/gcc/nios2-elf/10.1.1/../../../../../H-x86_64-mingw32/nios2-elf/lib\libsmallc.a(lib_a-strtol.o)
 .text._strtol_l.constprop.0
                0x00000000000084f8      0x200 c:/intelfpga_lite/20.1/nios2eds/bin/gnu/h-x86_64-mingw32/bin/../lib/gcc/nios2-elf/10.1.1/../../../../../H-x86_64-mingw32/nios2-elf/lib\libsmallc.a(lib_a-strtol.o)
 .text._strtol_r
                0x00000000000086f8        0x4 c:/intelfpga_lite/20.1/nios2eds/bin/gnu/h-x86_64-mingw32/bin/../lib/gcc/nios2-elf/10.1.1/../../../../../H-x86_64-mingw32/nios2-elf/lib\libsmallc.a(lib_a-strtol.o)
                0x00000000000086f8                _strtol_r
 .text.strtol_l
                0x00000000000086fc       0x18 c:/intelfpga_lite/20.1/nios2eds/bin/gnu/h-x86_64-mingw32/bin/../lib/gcc/nios2-elf/10.1.1/../../../../../H-x86_64-mingw32/nios2-elf/lib\libsmallc.a(lib_a-strtol.o)
                0x00000000000086fc                strtol_l
 .text.strtol   0x0000000000008714       0x18 c:/intelfpga_lite/20.1/nios2eds/bin/gnu/h-x86_64-mingw32/bin/../lib/gcc/nios2-elf/10.1.1/../../../../../H-x86_64-mingw32/nios2-elf/lib\libsmallc.a(lib_a-strtol.o)
                0x0000000000008714                strtol
 .text          0x000000000000872c        0x0 c:/intelfpga_lite/20.1/nios2eds/bin/gnu/h-x86_64-mingw32/bin/../lib/gcc/nios2-elf/10.1.1/../../../../../H-x86_64-mingw32/nios2-elf/lib\libsmallc.a(lib_a-vfprintf.o)
 .text.print_repeat
                0x000000000000872c       0x6c c:/intelfpga_lite/20.1/nios2eds/bin/gnu/h-x86_64-mingw32/bin/../lib/gcc/nios2-elf/10.1.1/../../../../../H-x86_64-mingw32/nios2-elf/lib\libsmallc.a(lib_a-vfprintf.o)
 .text.___vfprintf_internal_r
                0x0000000000008798      0x4ec c:/intelfpga_lite/20.1/nios2eds/bin/gnu/h-x86_64-mingw32/bin/../lib/gcc/nios2-elf/10.1.1/../../../../../H-x86_64-mingw32/nios2-elf/lib\libsmallc.a(lib_a-vfprintf.o)
                0x0000000000008798                ___vfprintf_internal_r
 .text.__vfprintf_internal
                0x0000000000008c84       0x18 c:/intelfpga_lite/20.1/nios2eds/bin/gnu/h-x86_64-mingw32/bin/../lib/gcc/nios2-elf/10.1.1/../../../../../H-x86_64-mingw32/nios2-elf/lib\libsmallc.a(lib_a-vfprintf.o)
                0x0000000000008c84                __vfprintf_internal
 .text          0x0000000000008c9c        0x0 c:/intelfpga_lite/20.1/nios2eds/bin/gnu/h-x86_64-mingw32/bin/../lib/gcc/nios2-elf/10.1.1/../../../../../H-x86_64-mingw32/nios2-elf/lib\libsmallc.a(lib_a-ctype_.o)
 .text          0x0000000000008c9c        0x0 c:/intelfpga_lite/20.1/nios2eds/bin/gnu/h-x86_64-mingw32/bin/../lib/gcc/nios2-elf/10.1.1/../../../../../H-x86_64-mingw32/nios2-elf/lib\libsmallc.a(lib_a-errno.o)
 .text.__errno  0x0000000000008c9c        0xc c:/intelfpga_lite/20.1/nios2eds/bin/gnu/h-x86_64-mingw32/bin/../lib/gcc/nios2-elf/10.1.1/../../../../../H-x86_64-mingw32/nios2-elf/lib\libsmallc.a(lib_a-errno.o)
                0x0000000000008c9c                __errno
 .text          0x0000000000008ca8        0x0 c:/intelfpga_lite/20.1/nios2eds/bin/gnu/h-x86_64-mingw32/bin/../lib/gcc/nios2-elf/10.1.1/../../../../../H-x86_64-mingw32/nios2-elf/lib\libsmallc.a(lib_a-fvwrite_small_dev.o)
 .text.__sfvwrite_small_dev
                0x0000000000008ca8       0xa8 c:/intelfpga_lite/20.1/nios2eds/bin/gnu/h-x86_64-mingw32/bin/../lib/gcc/nios2-elf/10.1.1/../../../../../H-x86_64-mingw32/nios2-elf/lib\libsmallc.a(lib_a-fvwrite_small_dev.o)
                0x0000000000008ca8                __sfvwrite_small_dev
 .text          0x0000000000008d50        0x0 c:/intelfpga_lite/20.1/nios2eds/bin/gnu/h-x86_64-mingw32/bin/../lib/gcc/nios2-elf/10.1.1/../../../../../H-x86_64-mingw32/nios2-elf/lib\libsmallc.a(lib_a-putc.o)
 .text.putc     0x0000000000008d50       0x50 c:/intelfpga_lite/20.1/nios2eds/bin/gnu/h-x86_64-mingw32/bin/../lib/gcc/nios2-elf/10.1.1/../../../../../H-x86_64-mingw32/nios2-elf/lib\libsmallc.a(lib_a-putc.o)
                0x0000000000008d50                putc
 .text._putc_r  0x0000000000008da0       0x54 c:/intelfpga_lite/20.1/nios2eds/bin/gnu/h-x86_64-mingw32/bin/../lib/gcc/nios2-elf/10.1.1/../../../../../H-x86_64-mingw32/nios2-elf/lib\libsmallc.a(lib_a-putc.o)
                0x0000000000008da0                _putc_r
 .text          0x0000000000008df4        0x0 c:/intelfpga_lite/20.1/nios2eds/bin/gnu/h-x86_64-mingw32/bin/../lib/gcc/nios2-elf/10.1.1/../../../../../H-x86_64-mingw32/nios2-elf/lib\libsmallc.a(lib_a-writer.o)
 .text._write_r
                0x0000000000008df4       0x50 c:/intelfpga_lite/20.1/nios2eds/bin/gnu/h-x86_64-mingw32/bin/../lib/gcc/nios2-elf/10.1.1/../../../../../H-x86_64-mingw32/nios2-elf/lib\libsmallc.a(lib_a-writer.o)
                0x0000000000008df4                _write_r
 .text          0x0000000000008e44        0x0 c:/intelfpga_lite/20.1/nios2eds/bin/gnu/h-x86_64-mingw32/bin/../lib/gcc/nios2-elf/10.1.1/../../../../../H-x86_64-mingw32/nios2-elf/lib\libsmallc.a(lib_a-int_errno.o)
 .text          0x0000000000008e44      0x1b4 c:/intelfpga_lite/20.1/nios2eds/bin/gnu/h-x86_64-mingw32/bin/../lib/gcc/nios2-elf/10.1.1\libgcc.a(lib2-divmod.o)
                0x0000000000008e44                __divsi3
                0x0000000000008ec4                __modsi3
                0x0000000000008f38                __udivsi3
                0x0000000000008f9c                __umodsi3
 .text          0x0000000000008ff8       0x40 c:/Users/dlerner/Documents/FPGA/EC544_Project/software/mem_test_small_custom_bsp/\libhal_bsp.a(alt_getchar.o)
                0x0000000000008ff8                alt_getchar
 .text          0x0000000000009038       0x84 c:/Users/dlerner/Documents/FPGA/EC544_Project/software/mem_test_small_custom_bsp/\libhal_bsp.a(alt_load.o)
                0x0000000000009038                alt_load
 .text          0x00000000000090bc       0x2c c:/Users/dlerner/Documents/FPGA/EC544_Project/software/mem_test_small_custom_bsp/\libhal_bsp.a(alt_main.o)
                0x00000000000090bc                alt_main
 .text          0x00000000000090e8       0x5c c:/Users/dlerner/Documents/FPGA/EC544_Project/software/mem_test_small_custom_bsp/\libhal_bsp.a(alt_write.o)
                0x00000000000090e8                write
 .text          0x0000000000009144       0x24 c:/Users/dlerner/Documents/FPGA/EC544_Project/software/mem_test_small_custom_bsp/\libhal_bsp.a(alt_sys_init.o)
                0x0000000000009144                alt_irq_init
                0x0000000000009164                alt_sys_init
 .text          0x0000000000009168       0x58 c:/Users/dlerner/Documents/FPGA/EC544_Project/software/mem_test_small_custom_bsp/\libhal_bsp.a(altera_avalon_jtag_uart_read.o)
                0x0000000000009168                altera_avalon_jtag_uart_read
 .text          0x00000000000091c0       0x30 c:/Users/dlerner/Documents/FPGA/EC544_Project/software/mem_test_small_custom_bsp/\libhal_bsp.a(altera_avalon_jtag_uart_write.o)
                0x00000000000091c0                altera_avalon_jtag_uart_write
 .text          0x00000000000091f0        0x4 c:/Users/dlerner/Documents/FPGA/EC544_Project/software/mem_test_small_custom_bsp/\libhal_bsp.a(alt_dcache_flush_all.o)
                0x00000000000091f0                alt_dcache_flush_all
 .text          0x00000000000091f4        0x8 c:/Users/dlerner/Documents/FPGA/EC544_Project/software/mem_test_small_custom_bsp/\libhal_bsp.a(alt_dev.o)
 .text          0x00000000000091fc        0x0 c:/Users/dlerner/Documents/FPGA/EC544_Project/software/mem_test_small_custom_bsp/\libhal_bsp.a(alt_errno.o)
 .text          0x00000000000091fc        0xc c:/Users/dlerner/Documents/FPGA/EC544_Project/software/mem_test_small_custom_bsp/\libhal_bsp.a(alt_icache_flush_all.o)
                0x00000000000091fc                alt_icache_flush_all
 .text          0x0000000000009208        0x8 c:/Users/dlerner/Documents/FPGA/EC544_Project/software/mem_test_small_custom_bsp/\libhal_bsp.a(altera_nios2_gen2_irq.o)
                0x0000000000009208                altera_nios2_gen2_irq_init
 .text          0x0000000000009210       0x5c c:/Users/dlerner/Documents/FPGA/EC544_Project/software/mem_test_small_custom_bsp/\libhal_bsp.a(alt_icache_flush.o)
                0x0000000000009210                alt_icache_flush
 .text          0x000000000000926c        0x0 c:/intelfpga_lite/20.1/nios2eds/bin/gnu/h-x86_64-mingw32/bin/../lib/gcc/nios2-elf/10.1.1/../../../../../H-x86_64-mingw32/nios2-elf/lib\libsmallc.a(lib_a-memcpy.o)
 .text.memcpy   0x000000000000926c       0x28 c:/intelfpga_lite/20.1/nios2eds/bin/gnu/h-x86_64-mingw32/bin/../lib/gcc/nios2-elf/10.1.1/../../../../../H-x86_64-mingw32/nios2-elf/lib\libsmallc.a(lib_a-memcpy.o)
                0x000000000000926c                memcpy
 *(.gnu.warning.*)
 *(.fini)
                [!provide]                        PROVIDE (__etext = ABSOLUTE (.))
                [!provide]                        PROVIDE (_etext = ABSOLUTE (.))
                [!provide]                        PROVIDE (etext = ABSOLUTE (.))
 *(.eh_frame_hdr)
                0x0000000000009294                . = ALIGN (0x4)
                [!provide]                        PROVIDE (__preinit_array_start = ABSOLUTE (.))
 *(.preinit_array)
                [!provide]                        PROVIDE (__preinit_array_end = ABSOLUTE (.))
                [!provide]                        PROVIDE (__init_array_start = ABSOLUTE (.))
 *(.init_array)
                [!provide]                        PROVIDE (__init_array_end = ABSOLUTE (.))
                [!provide]                        PROVIDE (__fini_array_start = ABSOLUTE (.))
 *(.fini_array)
                [!provide]                        PROVIDE (__fini_array_end = ABSOLUTE (.))
 *(.eh_frame)
 *(.gcc_except_table .gcc_except_table.*)
 *(.dynamic)
                [!provide]                        PROVIDE (__CTOR_LIST__ = ABSOLUTE (.))
 *(.ctors)
 *(SORT_BY_NAME(.ctors.*))
                [!provide]                        PROVIDE (__CTOR_END__ = ABSOLUTE (.))
                [!provide]                        PROVIDE (__DTOR_LIST__ = ABSOLUTE (.))
 *(.dtors)
 *(SORT_BY_NAME(.dtors.*))
                [!provide]                        PROVIDE (__DTOR_END__ = ABSOLUTE (.))
 *(.jcr)
                0x0000000000009294                . = ALIGN (0x4)

.rodata         0x0000000000009294      0x618
                0x0000000000009294                PROVIDE (__ram_rodata_start = ABSOLUTE (.))
                0x0000000000009294                . = ALIGN (0x4)
 *(.rodata .rodata.* .gnu.linkonce.r.*)
 .rodata.str1.4
                0x0000000000009294      0x385 obj/default/memtest_small.o
                                        0x389 (size before relaxing)
 .rodata._puts_r.str1.4
                0x0000000000009619        0x2 c:/intelfpga_lite/20.1/nios2eds/bin/gnu/h-x86_64-mingw32/bin/../lib/gcc/nios2-elf/10.1.1/../../../../../H-x86_64-mingw32/nios2-elf/lib\libsmallc.a(lib_a-puts.o)
 *fill*         0x0000000000009619        0x3 
 .rodata._ctype_
                0x000000000000961c      0x101 c:/intelfpga_lite/20.1/nios2eds/bin/gnu/h-x86_64-mingw32/bin/../lib/gcc/nios2-elf/10.1.1/../../../../../H-x86_64-mingw32/nios2-elf/lib\libsmallc.a(lib_a-ctype_.o)
                0x000000000000961c                _ctype_
 *fill*         0x000000000000971d        0x3 
 .rodata._ctype_b
                0x0000000000009720      0x180 c:/intelfpga_lite/20.1/nios2eds/bin/gnu/h-x86_64-mingw32/bin/../lib/gcc/nios2-elf/10.1.1/../../../../../H-x86_64-mingw32/nios2-elf/lib\libsmallc.a(lib_a-ctype_.o)
                0x0000000000009720                _ctype_b
 .rodata.str1.4
                0x00000000000098a0        0xa c:/Users/dlerner/Documents/FPGA/EC544_Project/software/mem_test_small_custom_bsp/\libhal_bsp.a(alt_dev.o)
 *(.rodata1)
                0x00000000000098ac                . = ALIGN (0x4)
 *fill*         0x00000000000098aa        0x2 
                0x00000000000098ac                PROVIDE (__ram_rodata_end = ABSOLUTE (.))
                0x0000000000009294                PROVIDE (__flash_rodata_start = LOADADDR (.rodata))

.rwdata         0x00000000000098ac      0x160 load address 0x0000000000009a0c
                0x00000000000098ac                PROVIDE (__ram_rwdata_start = ABSOLUTE (.))
                0x00000000000098ac                . = ALIGN (0x4)
 *(.got.plt)
 *(.got)
 *(.data1)
 *(.data .data.* .gnu.linkonce.d.*)
 .data          0x00000000000098ac        0x0 c:/Users/dlerner/Documents/FPGA/EC544_Project/software/mem_test_small_custom_bsp//obj/HAL/src/crt0.o
 .data          0x00000000000098ac        0x0 obj/default/memtest_small.o
 .data          0x00000000000098ac        0x0 c:/intelfpga_lite/20.1/nios2eds/bin/gnu/h-x86_64-mingw32/bin/../lib/gcc/nios2-elf/10.1.1/../../../../../H-x86_64-mingw32/nios2-elf/lib\libsmallc.a(lib_a-impure.o)
 .data.impure_data
                0x00000000000098ac       0xe4 c:/intelfpga_lite/20.1/nios2eds/bin/gnu/h-x86_64-mingw32/bin/../lib/gcc/nios2-elf/10.1.1/../../../../../H-x86_64-mingw32/nios2-elf/lib\libsmallc.a(lib_a-impure.o)
 .data          0x0000000000009990        0x0 c:/intelfpga_lite/20.1/nios2eds/bin/gnu/h-x86_64-mingw32/bin/../lib/gcc/nios2-elf/10.1.1/../../../../../H-x86_64-mingw32/nios2-elf/lib\libsmallc.a(lib_a-printf.o)
 .data          0x0000000000009990        0x0 c:/intelfpga_lite/20.1/nios2eds/bin/gnu/h-x86_64-mingw32/bin/../lib/gcc/nios2-elf/10.1.1/../../../../../H-x86_64-mingw32/nios2-elf/lib\libsmallc.a(lib_a-putchar.o)
 .data          0x0000000000009990        0x0 c:/intelfpga_lite/20.1/nios2eds/bin/gnu/h-x86_64-mingw32/bin/../lib/gcc/nios2-elf/10.1.1/../../../../../H-x86_64-mingw32/nios2-elf/lib\libsmallc.a(lib_a-puts.o)
 .data          0x0000000000009990        0x0 c:/intelfpga_lite/20.1/nios2eds/bin/gnu/h-x86_64-mingw32/bin/../lib/gcc/nios2-elf/10.1.1/../../../../../H-x86_64-mingw32/nios2-elf/lib\libsmallc.a(lib_a-strlen.o)
 .data          0x0000000000009990        0x0 c:/intelfpga_lite/20.1/nios2eds/bin/gnu/h-x86_64-mingw32/bin/../lib/gcc/nios2-elf/10.1.1/../../../../../H-x86_64-mingw32/nios2-elf/lib\libsmallc.a(lib_a-strtol.o)
 .data          0x0000000000009990        0x0 c:/intelfpga_lite/20.1/nios2eds/bin/gnu/h-x86_64-mingw32/bin/../lib/gcc/nios2-elf/10.1.1/../../../../../H-x86_64-mingw32/nios2-elf/lib\libsmallc.a(lib_a-vfprintf.o)
 .data          0x0000000000009990        0x0 c:/intelfpga_lite/20.1/nios2eds/bin/gnu/h-x86_64-mingw32/bin/../lib/gcc/nios2-elf/10.1.1/../../../../../H-x86_64-mingw32/nios2-elf/lib\libsmallc.a(lib_a-ctype_.o)
 .data          0x0000000000009990        0x0 c:/intelfpga_lite/20.1/nios2eds/bin/gnu/h-x86_64-mingw32/bin/../lib/gcc/nios2-elf/10.1.1/../../../../../H-x86_64-mingw32/nios2-elf/lib\libsmallc.a(lib_a-errno.o)
 .data          0x0000000000009990        0x0 c:/intelfpga_lite/20.1/nios2eds/bin/gnu/h-x86_64-mingw32/bin/../lib/gcc/nios2-elf/10.1.1/../../../../../H-x86_64-mingw32/nios2-elf/lib\libsmallc.a(lib_a-fvwrite_small_dev.o)
 .data          0x0000000000009990        0x0 c:/intelfpga_lite/20.1/nios2eds/bin/gnu/h-x86_64-mingw32/bin/../lib/gcc/nios2-elf/10.1.1/../../../../../H-x86_64-mingw32/nios2-elf/lib\libsmallc.a(lib_a-putc.o)
 .data          0x0000000000009990        0x0 c:/intelfpga_lite/20.1/nios2eds/bin/gnu/h-x86_64-mingw32/bin/../lib/gcc/nios2-elf/10.1.1/../../../../../H-x86_64-mingw32/nios2-elf/lib\libsmallc.a(lib_a-writer.o)
 .data          0x0000000000009990        0x0 c:/intelfpga_lite/20.1/nios2eds/bin/gnu/h-x86_64-mingw32/bin/../lib/gcc/nios2-elf/10.1.1/../../../../../H-x86_64-mingw32/nios2-elf/lib\libsmallc.a(lib_a-int_errno.o)
 .data          0x0000000000009990        0x0 c:/intelfpga_lite/20.1/nios2eds/bin/gnu/h-x86_64-mingw32/bin/../lib/gcc/nios2-elf/10.1.1\libgcc.a(lib2-divmod.o)
 .data          0x0000000000009990        0x0 c:/Users/dlerner/Documents/FPGA/EC544_Project/software/mem_test_small_custom_bsp/\libhal_bsp.a(alt_getchar.o)
 .data          0x0000000000009990        0x0 c:/Users/dlerner/Documents/FPGA/EC544_Project/software/mem_test_small_custom_bsp/\libhal_bsp.a(alt_load.o)
 .data          0x0000000000009990        0x0 c:/Users/dlerner/Documents/FPGA/EC544_Project/software/mem_test_small_custom_bsp/\libhal_bsp.a(alt_main.o)
 .data          0x0000000000009990        0x0 c:/Users/dlerner/Documents/FPGA/EC544_Project/software/mem_test_small_custom_bsp/\libhal_bsp.a(alt_write.o)
 .data          0x0000000000009990        0x0 c:/Users/dlerner/Documents/FPGA/EC544_Project/software/mem_test_small_custom_bsp/\libhal_bsp.a(alt_sys_init.o)
 .data          0x0000000000009990        0x0 c:/Users/dlerner/Documents/FPGA/EC544_Project/software/mem_test_small_custom_bsp/\libhal_bsp.a(altera_avalon_jtag_uart_read.o)
 .data          0x0000000000009990        0x0 c:/Users/dlerner/Documents/FPGA/EC544_Project/software/mem_test_small_custom_bsp/\libhal_bsp.a(altera_avalon_jtag_uart_write.o)
 .data          0x0000000000009990        0x0 c:/Users/dlerner/Documents/FPGA/EC544_Project/software/mem_test_small_custom_bsp/\libhal_bsp.a(alt_dcache_flush_all.o)
 .data          0x0000000000009990       0x58 c:/Users/dlerner/Documents/FPGA/EC544_Project/software/mem_test_small_custom_bsp/\libhal_bsp.a(alt_dev.o)
                0x0000000000009990                alt_fd_list
                0x00000000000099c0                alt_dev_null
 .data          0x00000000000099e8        0x0 c:/Users/dlerner/Documents/FPGA/EC544_Project/software/mem_test_small_custom_bsp/\libhal_bsp.a(alt_errno.o)
 .data          0x00000000000099e8        0x0 c:/Users/dlerner/Documents/FPGA/EC544_Project/software/mem_test_small_custom_bsp/\libhal_bsp.a(alt_icache_flush_all.o)
 .data          0x00000000000099e8        0x0 c:/Users/dlerner/Documents/FPGA/EC544_Project/software/mem_test_small_custom_bsp/\libhal_bsp.a(altera_nios2_gen2_irq.o)
 .data          0x00000000000099e8        0x0 c:/Users/dlerner/Documents/FPGA/EC544_Project/software/mem_test_small_custom_bsp/\libhal_bsp.a(alt_icache_flush.o)
 .data          0x00000000000099e8        0x0 c:/intelfpga_lite/20.1/nios2eds/bin/gnu/h-x86_64-mingw32/bin/../lib/gcc/nios2-elf/10.1.1/../../../../../H-x86_64-mingw32/nios2-elf/lib\libsmallc.a(lib_a-memcpy.o)
                0x00000000000119e8                _gp = ABSOLUTE ((. + 0x8000))
                [!provide]                        PROVIDE (gp = _gp)
 *(.rwdata .rwdata.*)
 *(.sdata .sdata.* .gnu.linkonce.s.*)
 .sdata._global_impure_ptr
                0x00000000000099e8        0x4 c:/intelfpga_lite/20.1/nios2eds/bin/gnu/h-x86_64-mingw32/bin/../lib/gcc/nios2-elf/10.1.1/../../../../../H-x86_64-mingw32/nios2-elf/lib\libsmallc.a(lib_a-impure.o)
                0x00000000000099e8                _global_impure_ptr
 .sdata._impure_ptr
                0x00000000000099ec        0x4 c:/intelfpga_lite/20.1/nios2eds/bin/gnu/h-x86_64-mingw32/bin/../lib/gcc/nios2-elf/10.1.1/../../../../../H-x86_64-mingw32/nios2-elf/lib\libsmallc.a(lib_a-impure.o)
                0x00000000000099ec                _impure_ptr
 .sdata         0x00000000000099f0        0x4 c:/Users/dlerner/Documents/FPGA/EC544_Project/software/mem_test_small_custom_bsp/\libhal_bsp.a(alt_sys_init.o)
                0x00000000000099f0                jtag_uart
 .sdata         0x00000000000099f4       0x14 c:/Users/dlerner/Documents/FPGA/EC544_Project/software/mem_test_small_custom_bsp/\libhal_bsp.a(alt_dev.o)
                0x00000000000099f4                alt_max_fd
                0x00000000000099f8                alt_dev_list
                0x0000000000009a00                alt_fs_list
 .sdata         0x0000000000009a08        0x4 c:/Users/dlerner/Documents/FPGA/EC544_Project/software/mem_test_small_custom_bsp/\libhal_bsp.a(alt_errno.o)
                0x0000000000009a08                alt_errno
 *(.sdata2 .sdata2.* .gnu.linkonce.s2.*)
                0x0000000000009a0c                . = ALIGN (0x4)
                0x0000000000009a0c                _edata = ABSOLUTE (.)
                [!provide]                        PROVIDE (edata = ABSOLUTE (.))
                0x0000000000009a0c                PROVIDE (__ram_rwdata_end = ABSOLUTE (.))
                0x0000000000009a0c                PROVIDE (__flash_rwdata_start = LOADADDR (.rwdata))

.bss            0x0000000000009b6c       0x10
                0x0000000000009b6c                __bss_start = ABSOLUTE (.)
                [!provide]                        PROVIDE (__sbss_start = ABSOLUTE (.))
                [!provide]                        PROVIDE (___sbss_start = ABSOLUTE (.))
 *(.dynsbss)
 *(.sbss .sbss.* .gnu.linkonce.sb.*)
 .sbss.errno    0x0000000000009b6c        0x4 c:/intelfpga_lite/20.1/nios2eds/bin/gnu/h-x86_64-mingw32/bin/../lib/gcc/nios2-elf/10.1.1/../../../../../H-x86_64-mingw32/nios2-elf/lib\libsmallc.a(lib_a-int_errno.o)
                0x0000000000009b6c                errno
 .sbss          0x0000000000009b70        0xc c:/Users/dlerner/Documents/FPGA/EC544_Project/software/mem_test_small_custom_bsp/\libhal_bsp.a(alt_main.o)
                0x0000000000009b70                alt_envp
                0x0000000000009b74                alt_argv
                0x0000000000009b78                alt_argc
 *(.sbss2 .sbss2.* .gnu.linkonce.sb2.*)
 *(.scommon)
                [!provide]                        PROVIDE (__sbss_end = ABSOLUTE (.))
                [!provide]                        PROVIDE (___sbss_end = ABSOLUTE (.))
 *(.dynbss)
 *(.bss .bss.* .gnu.linkonce.b.*)
 .bss           0x0000000000009b7c        0x0 c:/Users/dlerner/Documents/FPGA/EC544_Project/software/mem_test_small_custom_bsp//obj/HAL/src/crt0.o
 .bss           0x0000000000009b7c        0x0 obj/default/memtest_small.o
 .bss           0x0000000000009b7c        0x0 c:/intelfpga_lite/20.1/nios2eds/bin/gnu/h-x86_64-mingw32/bin/../lib/gcc/nios2-elf/10.1.1/../../../../../H-x86_64-mingw32/nios2-elf/lib\libsmallc.a(lib_a-impure.o)
 .bss           0x0000000000009b7c        0x0 c:/intelfpga_lite/20.1/nios2eds/bin/gnu/h-x86_64-mingw32/bin/../lib/gcc/nios2-elf/10.1.1/../../../../../H-x86_64-mingw32/nios2-elf/lib\libsmallc.a(lib_a-printf.o)
 .bss           0x0000000000009b7c        0x0 c:/intelfpga_lite/20.1/nios2eds/bin/gnu/h-x86_64-mingw32/bin/../lib/gcc/nios2-elf/10.1.1/../../../../../H-x86_64-mingw32/nios2-elf/lib\libsmallc.a(lib_a-putchar.o)
 .bss           0x0000000000009b7c        0x0 c:/intelfpga_lite/20.1/nios2eds/bin/gnu/h-x86_64-mingw32/bin/../lib/gcc/nios2-elf/10.1.1/../../../../../H-x86_64-mingw32/nios2-elf/lib\libsmallc.a(lib_a-puts.o)
 .bss           0x0000000000009b7c        0x0 c:/intelfpga_lite/20.1/nios2eds/bin/gnu/h-x86_64-mingw32/bin/../lib/gcc/nios2-elf/10.1.1/../../../../../H-x86_64-mingw32/nios2-elf/lib\libsmallc.a(lib_a-strlen.o)
 .bss           0x0000000000009b7c        0x0 c:/intelfpga_lite/20.1/nios2eds/bin/gnu/h-x86_64-mingw32/bin/../lib/gcc/nios2-elf/10.1.1/../../../../../H-x86_64-mingw32/nios2-elf/lib\libsmallc.a(lib_a-strtol.o)
 .bss           0x0000000000009b7c        0x0 c:/intelfpga_lite/20.1/nios2eds/bin/gnu/h-x86_64-mingw32/bin/../lib/gcc/nios2-elf/10.1.1/../../../../../H-x86_64-mingw32/nios2-elf/lib\libsmallc.a(lib_a-vfprintf.o)
 .bss           0x0000000000009b7c        0x0 c:/intelfpga_lite/20.1/nios2eds/bin/gnu/h-x86_64-mingw32/bin/../lib/gcc/nios2-elf/10.1.1/../../../../../H-x86_64-mingw32/nios2-elf/lib\libsmallc.a(lib_a-ctype_.o)
 .bss           0x0000000000009b7c        0x0 c:/intelfpga_lite/20.1/nios2eds/bin/gnu/h-x86_64-mingw32/bin/../lib/gcc/nios2-elf/10.1.1/../../../../../H-x86_64-mingw32/nios2-elf/lib\libsmallc.a(lib_a-errno.o)
 .bss           0x0000000000009b7c        0x0 c:/intelfpga_lite/20.1/nios2eds/bin/gnu/h-x86_64-mingw32/bin/../lib/gcc/nios2-elf/10.1.1/../../../../../H-x86_64-mingw32/nios2-elf/lib\libsmallc.a(lib_a-fvwrite_small_dev.o)
 .bss           0x0000000000009b7c        0x0 c:/intelfpga_lite/20.1/nios2eds/bin/gnu/h-x86_64-mingw32/bin/../lib/gcc/nios2-elf/10.1.1/../../../../../H-x86_64-mingw32/nios2-elf/lib\libsmallc.a(lib_a-putc.o)
 .bss           0x0000000000009b7c        0x0 c:/intelfpga_lite/20.1/nios2eds/bin/gnu/h-x86_64-mingw32/bin/../lib/gcc/nios2-elf/10.1.1/../../../../../H-x86_64-mingw32/nios2-elf/lib\libsmallc.a(lib_a-writer.o)
 .bss           0x0000000000009b7c        0x0 c:/intelfpga_lite/20.1/nios2eds/bin/gnu/h-x86_64-mingw32/bin/../lib/gcc/nios2-elf/10.1.1/../../../../../H-x86_64-mingw32/nios2-elf/lib\libsmallc.a(lib_a-int_errno.o)
 .bss           0x0000000000009b7c        0x0 c:/intelfpga_lite/20.1/nios2eds/bin/gnu/h-x86_64-mingw32/bin/../lib/gcc/nios2-elf/10.1.1\libgcc.a(lib2-divmod.o)
 .bss           0x0000000000009b7c        0x0 c:/Users/dlerner/Documents/FPGA/EC544_Project/software/mem_test_small_custom_bsp/\libhal_bsp.a(alt_getchar.o)
 .bss           0x0000000000009b7c        0x0 c:/Users/dlerner/Documents/FPGA/EC544_Project/software/mem_test_small_custom_bsp/\libhal_bsp.a(alt_load.o)
 .bss           0x0000000000009b7c        0x0 c:/Users/dlerner/Documents/FPGA/EC544_Project/software/mem_test_small_custom_bsp/\libhal_bsp.a(alt_main.o)
 .bss           0x0000000000009b7c        0x0 c:/Users/dlerner/Documents/FPGA/EC544_Project/software/mem_test_small_custom_bsp/\libhal_bsp.a(alt_write.o)
 .bss           0x0000000000009b7c        0x0 c:/Users/dlerner/Documents/FPGA/EC544_Project/software/mem_test_small_custom_bsp/\libhal_bsp.a(alt_sys_init.o)
 .bss           0x0000000000009b7c        0x0 c:/Users/dlerner/Documents/FPGA/EC544_Project/software/mem_test_small_custom_bsp/\libhal_bsp.a(altera_avalon_jtag_uart_read.o)
 .bss           0x0000000000009b7c        0x0 c:/Users/dlerner/Documents/FPGA/EC544_Project/software/mem_test_small_custom_bsp/\libhal_bsp.a(altera_avalon_jtag_uart_write.o)
 .bss           0x0000000000009b7c        0x0 c:/Users/dlerner/Documents/FPGA/EC544_Project/software/mem_test_small_custom_bsp/\libhal_bsp.a(alt_dcache_flush_all.o)
 .bss           0x0000000000009b7c        0x0 c:/Users/dlerner/Documents/FPGA/EC544_Project/software/mem_test_small_custom_bsp/\libhal_bsp.a(alt_dev.o)
 .bss           0x0000000000009b7c        0x0 c:/Users/dlerner/Documents/FPGA/EC544_Project/software/mem_test_small_custom_bsp/\libhal_bsp.a(alt_errno.o)
 .bss           0x0000000000009b7c        0x0 c:/Users/dlerner/Documents/FPGA/EC544_Project/software/mem_test_small_custom_bsp/\libhal_bsp.a(alt_icache_flush_all.o)
 .bss           0x0000000000009b7c        0x0 c:/Users/dlerner/Documents/FPGA/EC544_Project/software/mem_test_small_custom_bsp/\libhal_bsp.a(altera_nios2_gen2_irq.o)
 .bss           0x0000000000009b7c        0x0 c:/Users/dlerner/Documents/FPGA/EC544_Project/software/mem_test_small_custom_bsp/\libhal_bsp.a(alt_icache_flush.o)
 .bss           0x0000000000009b7c        0x0 c:/intelfpga_lite/20.1/nios2eds/bin/gnu/h-x86_64-mingw32/bin/../lib/gcc/nios2-elf/10.1.1/../../../../../H-x86_64-mingw32/nios2-elf/lib\libsmallc.a(lib_a-memcpy.o)
 *(COMMON)
                0x0000000000009b7c                . = ALIGN (0x4)
                0x0000000000009b7c                __bss_end = ABSOLUTE (.)

.onchip_mem     0x0000000000009b7c        0x0
                [!provide]                        PROVIDE (_alt_partition_onchip_mem_start = ABSOLUTE (.))
 *(.onchip_mem .onchip_mem. onchip_mem.*)
                0x0000000000009b7c                . = ALIGN (0x4)
                [!provide]                        PROVIDE (_alt_partition_onchip_mem_end = ABSOLUTE (.))
                0x0000000000009b7c                _end = ABSOLUTE (.)
                0x0000000000009b7c                end = ABSOLUTE (.)
                0x0000000000009b7c                __alt_stack_base = ABSOLUTE (.)
                [!provide]                        PROVIDE (_alt_partition_onchip_mem_load_addr = LOADADDR (.onchip_mem))

.stab
 *(.stab)

.stabstr
 *(.stabstr)

.stab.excl
 *(.stab.excl)

.stab.exclstr
 *(.stab.exclstr)

.stab.index
 *(.stab.index)

.stab.indexstr
 *(.stab.indexstr)

.comment        0x0000000000000000       0x2d
 *(.comment)
 .comment       0x0000000000000000       0x2d obj/default/memtest_small.o
                                         0x2e (size before relaxing)
 .comment       0x000000000000002d       0x2e c:/intelfpga_lite/20.1/nios2eds/bin/gnu/h-x86_64-mingw32/bin/../lib/gcc/nios2-elf/10.1.1/../../../../../H-x86_64-mingw32/nios2-elf/lib\libsmallc.a(lib_a-impure.o)
 .comment       0x000000000000002d       0x2e c:/intelfpga_lite/20.1/nios2eds/bin/gnu/h-x86_64-mingw32/bin/../lib/gcc/nios2-elf/10.1.1/../../../../../H-x86_64-mingw32/nios2-elf/lib\libsmallc.a(lib_a-printf.o)
 .comment       0x000000000000002d       0x2e c:/intelfpga_lite/20.1/nios2eds/bin/gnu/h-x86_64-mingw32/bin/../lib/gcc/nios2-elf/10.1.1/../../../../../H-x86_64-mingw32/nios2-elf/lib\libsmallc.a(lib_a-putchar.o)
 .comment       0x000000000000002d       0x2e c:/intelfpga_lite/20.1/nios2eds/bin/gnu/h-x86_64-mingw32/bin/../lib/gcc/nios2-elf/10.1.1/../../../../../H-x86_64-mingw32/nios2-elf/lib\libsmallc.a(lib_a-puts.o)
 .comment       0x000000000000002d       0x2e c:/intelfpga_lite/20.1/nios2eds/bin/gnu/h-x86_64-mingw32/bin/../lib/gcc/nios2-elf/10.1.1/../../../../../H-x86_64-mingw32/nios2-elf/lib\libsmallc.a(lib_a-strlen.o)
 .comment       0x000000000000002d       0x2e c:/intelfpga_lite/20.1/nios2eds/bin/gnu/h-x86_64-mingw32/bin/../lib/gcc/nios2-elf/10.1.1/../../../../../H-x86_64-mingw32/nios2-elf/lib\libsmallc.a(lib_a-strtol.o)
 .comment       0x000000000000002d       0x2e c:/intelfpga_lite/20.1/nios2eds/bin/gnu/h-x86_64-mingw32/bin/../lib/gcc/nios2-elf/10.1.1/../../../../../H-x86_64-mingw32/nios2-elf/lib\libsmallc.a(lib_a-vfprintf.o)
 .comment       0x000000000000002d       0x2e c:/intelfpga_lite/20.1/nios2eds/bin/gnu/h-x86_64-mingw32/bin/../lib/gcc/nios2-elf/10.1.1/../../../../../H-x86_64-mingw32/nios2-elf/lib\libsmallc.a(lib_a-ctype_.o)
 .comment       0x000000000000002d       0x2e c:/intelfpga_lite/20.1/nios2eds/bin/gnu/h-x86_64-mingw32/bin/../lib/gcc/nios2-elf/10.1.1/../../../../../H-x86_64-mingw32/nios2-elf/lib\libsmallc.a(lib_a-errno.o)
 .comment       0x000000000000002d       0x2e c:/intelfpga_lite/20.1/nios2eds/bin/gnu/h-x86_64-mingw32/bin/../lib/gcc/nios2-elf/10.1.1/../../../../../H-x86_64-mingw32/nios2-elf/lib\libsmallc.a(lib_a-fvwrite_small_dev.o)
 .comment       0x000000000000002d       0x2e c:/intelfpga_lite/20.1/nios2eds/bin/gnu/h-x86_64-mingw32/bin/../lib/gcc/nios2-elf/10.1.1/../../../../../H-x86_64-mingw32/nios2-elf/lib\libsmallc.a(lib_a-putc.o)
 .comment       0x000000000000002d       0x2e c:/intelfpga_lite/20.1/nios2eds/bin/gnu/h-x86_64-mingw32/bin/../lib/gcc/nios2-elf/10.1.1/../../../../../H-x86_64-mingw32/nios2-elf/lib\libsmallc.a(lib_a-writer.o)
 .comment       0x000000000000002d       0x2e c:/intelfpga_lite/20.1/nios2eds/bin/gnu/h-x86_64-mingw32/bin/../lib/gcc/nios2-elf/10.1.1/../../../../../H-x86_64-mingw32/nios2-elf/lib\libsmallc.a(lib_a-int_errno.o)
 .comment       0x000000000000002d       0x2e c:/intelfpga_lite/20.1/nios2eds/bin/gnu/h-x86_64-mingw32/bin/../lib/gcc/nios2-elf/10.1.1\libgcc.a(lib2-divmod.o)
 .comment       0x000000000000002d       0x2e c:/Users/dlerner/Documents/FPGA/EC544_Project/software/mem_test_small_custom_bsp/\libhal_bsp.a(alt_getchar.o)
 .comment       0x000000000000002d       0x2e c:/Users/dlerner/Documents/FPGA/EC544_Project/software/mem_test_small_custom_bsp/\libhal_bsp.a(alt_load.o)
 .comment       0x000000000000002d       0x2e c:/Users/dlerner/Documents/FPGA/EC544_Project/software/mem_test_small_custom_bsp/\libhal_bsp.a(alt_main.o)
 .comment       0x000000000000002d       0x2e c:/Users/dlerner/Documents/FPGA/EC544_Project/software/mem_test_small_custom_bsp/\libhal_bsp.a(alt_write.o)
 .comment       0x000000000000002d       0x2e c:/Users/dlerner/Documents/FPGA/EC544_Project/software/mem_test_small_custom_bsp/\libhal_bsp.a(alt_sys_init.o)
 .comment       0x000000000000002d       0x2e c:/Users/dlerner/Documents/FPGA/EC544_Project/software/mem_test_small_custom_bsp/\libhal_bsp.a(altera_avalon_jtag_uart_read.o)
 .comment       0x000000000000002d       0x2e c:/Users/dlerner/Documents/FPGA/EC544_Project/software/mem_test_small_custom_bsp/\libhal_bsp.a(altera_avalon_jtag_uart_write.o)
 .comment       0x000000000000002d       0x2e c:/Users/dlerner/Documents/FPGA/EC544_Project/software/mem_test_small_custom_bsp/\libhal_bsp.a(alt_dcache_flush_all.o)
 .comment       0x000000000000002d       0x2e c:/Users/dlerner/Documents/FPGA/EC544_Project/software/mem_test_small_custom_bsp/\libhal_bsp.a(alt_dev.o)
 .comment       0x000000000000002d       0x2e c:/Users/dlerner/Documents/FPGA/EC544_Project/software/mem_test_small_custom_bsp/\libhal_bsp.a(alt_errno.o)
 .comment       0x000000000000002d       0x2e c:/Users/dlerner/Documents/FPGA/EC544_Project/software/mem_test_small_custom_bsp/\libhal_bsp.a(alt_icache_flush_all.o)
 .comment       0x000000000000002d       0x2e c:/Users/dlerner/Documents/FPGA/EC544_Project/software/mem_test_small_custom_bsp/\libhal_bsp.a(altera_nios2_gen2_irq.o)
 .comment       0x000000000000002d       0x2e c:/Users/dlerner/Documents/FPGA/EC544_Project/software/mem_test_small_custom_bsp/\libhal_bsp.a(alt_icache_flush.o)
 .comment       0x000000000000002d       0x2e c:/intelfpga_lite/20.1/nios2eds/bin/gnu/h-x86_64-mingw32/bin/../lib/gcc/nios2-elf/10.1.1/../../../../../H-x86_64-mingw32/nios2-elf/lib\libsmallc.a(lib_a-memcpy.o)

.debug
 *(.debug)

.line
 *(.line)

.debug_srcinfo
 *(.debug_srcinfo)

.debug_sfnames
 *(.debug_sfnames)

.debug_aranges  0x0000000000000000      0x3f8
 *(.debug_aranges)
 .debug_aranges
                0x0000000000000000       0x28 c:/Users/dlerner/Documents/FPGA/EC544_Project/software/mem_test_small_custom_bsp//obj/HAL/src/crt0.o
 .debug_aranges
                0x0000000000000028       0x28 obj/default/memtest_small.o
 .debug_aranges
                0x0000000000000050       0x18 c:/intelfpga_lite/20.1/nios2eds/bin/gnu/h-x86_64-mingw32/bin/../lib/gcc/nios2-elf/10.1.1/../../../../../H-x86_64-mingw32/nios2-elf/lib\libsmallc.a(lib_a-impure.o)
 .debug_aranges
                0x0000000000000068       0x28 c:/intelfpga_lite/20.1/nios2eds/bin/gnu/h-x86_64-mingw32/bin/../lib/gcc/nios2-elf/10.1.1/../../../../../H-x86_64-mingw32/nios2-elf/lib\libsmallc.a(lib_a-printf.o)
 .debug_aranges
                0x0000000000000090       0x28 c:/intelfpga_lite/20.1/nios2eds/bin/gnu/h-x86_64-mingw32/bin/../lib/gcc/nios2-elf/10.1.1/../../../../../H-x86_64-mingw32/nios2-elf/lib\libsmallc.a(lib_a-putchar.o)
 .debug_aranges
                0x00000000000000b8       0x28 c:/intelfpga_lite/20.1/nios2eds/bin/gnu/h-x86_64-mingw32/bin/../lib/gcc/nios2-elf/10.1.1/../../../../../H-x86_64-mingw32/nios2-elf/lib\libsmallc.a(lib_a-puts.o)
 .debug_aranges
                0x00000000000000e0       0x20 c:/intelfpga_lite/20.1/nios2eds/bin/gnu/h-x86_64-mingw32/bin/../lib/gcc/nios2-elf/10.1.1/../../../../../H-x86_64-mingw32/nios2-elf/lib\libsmallc.a(lib_a-strlen.o)
 .debug_aranges
                0x0000000000000100       0x38 c:/intelfpga_lite/20.1/nios2eds/bin/gnu/h-x86_64-mingw32/bin/../lib/gcc/nios2-elf/10.1.1/../../../../../H-x86_64-mingw32/nios2-elf/lib\libsmallc.a(lib_a-strtol.o)
 .debug_aranges
                0x0000000000000138       0x30 c:/intelfpga_lite/20.1/nios2eds/bin/gnu/h-x86_64-mingw32/bin/../lib/gcc/nios2-elf/10.1.1/../../../../../H-x86_64-mingw32/nios2-elf/lib\libsmallc.a(lib_a-vfprintf.o)
 .debug_aranges
                0x0000000000000168       0x18 c:/intelfpga_lite/20.1/nios2eds/bin/gnu/h-x86_64-mingw32/bin/../lib/gcc/nios2-elf/10.1.1/../../../../../H-x86_64-mingw32/nios2-elf/lib\libsmallc.a(lib_a-ctype_.o)
 .debug_aranges
                0x0000000000000180       0x20 c:/intelfpga_lite/20.1/nios2eds/bin/gnu/h-x86_64-mingw32/bin/../lib/gcc/nios2-elf/10.1.1/../../../../../H-x86_64-mingw32/nios2-elf/lib\libsmallc.a(lib_a-errno.o)
 .debug_aranges
                0x00000000000001a0       0x20 c:/intelfpga_lite/20.1/nios2eds/bin/gnu/h-x86_64-mingw32/bin/../lib/gcc/nios2-elf/10.1.1/../../../../../H-x86_64-mingw32/nios2-elf/lib\libsmallc.a(lib_a-fvwrite_small_dev.o)
 .debug_aranges
                0x00000000000001c0       0x28 c:/intelfpga_lite/20.1/nios2eds/bin/gnu/h-x86_64-mingw32/bin/../lib/gcc/nios2-elf/10.1.1/../../../../../H-x86_64-mingw32/nios2-elf/lib\libsmallc.a(lib_a-putc.o)
 .debug_aranges
                0x00000000000001e8       0x20 c:/intelfpga_lite/20.1/nios2eds/bin/gnu/h-x86_64-mingw32/bin/../lib/gcc/nios2-elf/10.1.1/../../../../../H-x86_64-mingw32/nios2-elf/lib\libsmallc.a(lib_a-writer.o)
 .debug_aranges
                0x0000000000000208       0x18 c:/intelfpga_lite/20.1/nios2eds/bin/gnu/h-x86_64-mingw32/bin/../lib/gcc/nios2-elf/10.1.1/../../../../../H-x86_64-mingw32/nios2-elf/lib\libsmallc.a(lib_a-int_errno.o)
 .debug_aranges
                0x0000000000000220       0x20 c:/intelfpga_lite/20.1/nios2eds/bin/gnu/h-x86_64-mingw32/bin/../lib/gcc/nios2-elf/10.1.1\libgcc.a(lib2-divmod.o)
 .debug_aranges
                0x0000000000000240       0x20 c:/Users/dlerner/Documents/FPGA/EC544_Project/software/mem_test_small_custom_bsp/\libhal_bsp.a(alt_getchar.o)
 .debug_aranges
                0x0000000000000260       0x20 c:/Users/dlerner/Documents/FPGA/EC544_Project/software/mem_test_small_custom_bsp/\libhal_bsp.a(alt_load.o)
 .debug_aranges
                0x0000000000000280       0x20 c:/Users/dlerner/Documents/FPGA/EC544_Project/software/mem_test_small_custom_bsp/\libhal_bsp.a(alt_main.o)
 .debug_aranges
                0x00000000000002a0       0x20 c:/Users/dlerner/Documents/FPGA/EC544_Project/software/mem_test_small_custom_bsp/\libhal_bsp.a(alt_write.o)
 .debug_aranges
                0x00000000000002c0       0x20 c:/Users/dlerner/Documents/FPGA/EC544_Project/software/mem_test_small_custom_bsp/\libhal_bsp.a(alt_sys_init.o)
 .debug_aranges
                0x00000000000002e0       0x20 c:/Users/dlerner/Documents/FPGA/EC544_Project/software/mem_test_small_custom_bsp/\libhal_bsp.a(altera_avalon_jtag_uart_read.o)
 .debug_aranges
                0x0000000000000300       0x20 c:/Users/dlerner/Documents/FPGA/EC544_Project/software/mem_test_small_custom_bsp/\libhal_bsp.a(altera_avalon_jtag_uart_write.o)
 .debug_aranges
                0x0000000000000320       0x20 c:/Users/dlerner/Documents/FPGA/EC544_Project/software/mem_test_small_custom_bsp/\libhal_bsp.a(alt_dcache_flush_all.o)
 .debug_aranges
                0x0000000000000340       0x20 c:/Users/dlerner/Documents/FPGA/EC544_Project/software/mem_test_small_custom_bsp/\libhal_bsp.a(alt_dev.o)
 .debug_aranges
                0x0000000000000360       0x18 c:/Users/dlerner/Documents/FPGA/EC544_Project/software/mem_test_small_custom_bsp/\libhal_bsp.a(alt_errno.o)
 .debug_aranges
                0x0000000000000378       0x20 c:/Users/dlerner/Documents/FPGA/EC544_Project/software/mem_test_small_custom_bsp/\libhal_bsp.a(alt_icache_flush_all.o)
 .debug_aranges
                0x0000000000000398       0x20 c:/Users/dlerner/Documents/FPGA/EC544_Project/software/mem_test_small_custom_bsp/\libhal_bsp.a(altera_nios2_gen2_irq.o)
 .debug_aranges
                0x00000000000003b8       0x20 c:/Users/dlerner/Documents/FPGA/EC544_Project/software/mem_test_small_custom_bsp/\libhal_bsp.a(alt_icache_flush.o)
 .debug_aranges
                0x00000000000003d8       0x20 c:/intelfpga_lite/20.1/nios2eds/bin/gnu/h-x86_64-mingw32/bin/../lib/gcc/nios2-elf/10.1.1/../../../../../H-x86_64-mingw32/nios2-elf/lib\libsmallc.a(lib_a-memcpy.o)

.debug_pubnames
 *(.debug_pubnames)

.debug_info     0x0000000000000000     0x7a41
 *(.debug_info .gnu.linkonce.wi.*)
 .debug_info    0x0000000000000000       0x22 c:/Users/dlerner/Documents/FPGA/EC544_Project/software/mem_test_small_custom_bsp//obj/HAL/src/crt0.o
 .debug_info    0x0000000000000022      0xe0e obj/default/memtest_small.o
 .debug_info    0x0000000000000e30      0x61e c:/intelfpga_lite/20.1/nios2eds/bin/gnu/h-x86_64-mingw32/bin/../lib/gcc/nios2-elf/10.1.1/../../../../../H-x86_64-mingw32/nios2-elf/lib\libsmallc.a(lib_a-impure.o)
 .debug_info    0x000000000000144e      0x72b c:/intelfpga_lite/20.1/nios2eds/bin/gnu/h-x86_64-mingw32/bin/../lib/gcc/nios2-elf/10.1.1/../../../../../H-x86_64-mingw32/nios2-elf/lib\libsmallc.a(lib_a-printf.o)
 .debug_info    0x0000000000001b79      0x6a5 c:/intelfpga_lite/20.1/nios2eds/bin/gnu/h-x86_64-mingw32/bin/../lib/gcc/nios2-elf/10.1.1/../../../../../H-x86_64-mingw32/nios2-elf/lib\libsmallc.a(lib_a-putchar.o)
 .debug_info    0x000000000000221e      0x6ea c:/intelfpga_lite/20.1/nios2eds/bin/gnu/h-x86_64-mingw32/bin/../lib/gcc/nios2-elf/10.1.1/../../../../../H-x86_64-mingw32/nios2-elf/lib\libsmallc.a(lib_a-puts.o)
 .debug_info    0x0000000000002908       0xd0 c:/intelfpga_lite/20.1/nios2eds/bin/gnu/h-x86_64-mingw32/bin/../lib/gcc/nios2-elf/10.1.1/../../../../../H-x86_64-mingw32/nios2-elf/lib\libsmallc.a(lib_a-strlen.o)
 .debug_info    0x00000000000029d8      0xc55 c:/intelfpga_lite/20.1/nios2eds/bin/gnu/h-x86_64-mingw32/bin/../lib/gcc/nios2-elf/10.1.1/../../../../../H-x86_64-mingw32/nios2-elf/lib\libsmallc.a(lib_a-strtol.o)
 .debug_info    0x000000000000362d      0xea3 c:/intelfpga_lite/20.1/nios2eds/bin/gnu/h-x86_64-mingw32/bin/../lib/gcc/nios2-elf/10.1.1/../../../../../H-x86_64-mingw32/nios2-elf/lib\libsmallc.a(lib_a-vfprintf.o)
 .debug_info    0x00000000000044d0       0xec c:/intelfpga_lite/20.1/nios2eds/bin/gnu/h-x86_64-mingw32/bin/../lib/gcc/nios2-elf/10.1.1/../../../../../H-x86_64-mingw32/nios2-elf/lib\libsmallc.a(lib_a-ctype_.o)
 .debug_info    0x00000000000045bc      0x608 c:/intelfpga_lite/20.1/nios2eds/bin/gnu/h-x86_64-mingw32/bin/../lib/gcc/nios2-elf/10.1.1/../../../../../H-x86_64-mingw32/nios2-elf/lib\libsmallc.a(lib_a-errno.o)
 .debug_info    0x0000000000004bc4      0x6b3 c:/intelfpga_lite/20.1/nios2eds/bin/gnu/h-x86_64-mingw32/bin/../lib/gcc/nios2-elf/10.1.1/../../../../../H-x86_64-mingw32/nios2-elf/lib\libsmallc.a(lib_a-fvwrite_small_dev.o)
 .debug_info    0x0000000000005277      0x6f5 c:/intelfpga_lite/20.1/nios2eds/bin/gnu/h-x86_64-mingw32/bin/../lib/gcc/nios2-elf/10.1.1/../../../../../H-x86_64-mingw32/nios2-elf/lib\libsmallc.a(lib_a-putc.o)
 .debug_info    0x000000000000596c      0x6b3 c:/intelfpga_lite/20.1/nios2eds/bin/gnu/h-x86_64-mingw32/bin/../lib/gcc/nios2-elf/10.1.1/../../../../../H-x86_64-mingw32/nios2-elf/lib\libsmallc.a(lib_a-writer.o)
 .debug_info    0x000000000000601f       0x84 c:/intelfpga_lite/20.1/nios2eds/bin/gnu/h-x86_64-mingw32/bin/../lib/gcc/nios2-elf/10.1.1/../../../../../H-x86_64-mingw32/nios2-elf/lib\libsmallc.a(lib_a-int_errno.o)
 .debug_info    0x00000000000060a3      0x368 c:/intelfpga_lite/20.1/nios2eds/bin/gnu/h-x86_64-mingw32/bin/../lib/gcc/nios2-elf/10.1.1\libgcc.a(lib2-divmod.o)
 .debug_info    0x000000000000640b      0x32b c:/Users/dlerner/Documents/FPGA/EC544_Project/software/mem_test_small_custom_bsp/\libhal_bsp.a(alt_getchar.o)
 .debug_info    0x0000000000006736      0x267 c:/Users/dlerner/Documents/FPGA/EC544_Project/software/mem_test_small_custom_bsp/\libhal_bsp.a(alt_load.o)
 .debug_info    0x000000000000699d      0x129 c:/Users/dlerner/Documents/FPGA/EC544_Project/software/mem_test_small_custom_bsp/\libhal_bsp.a(alt_main.o)
 .debug_info    0x0000000000006ac6      0x19b c:/Users/dlerner/Documents/FPGA/EC544_Project/software/mem_test_small_custom_bsp/\libhal_bsp.a(alt_write.o)
 .debug_info    0x0000000000006c61      0x12a c:/Users/dlerner/Documents/FPGA/EC544_Project/software/mem_test_small_custom_bsp/\libhal_bsp.a(alt_sys_init.o)
 .debug_info    0x0000000000006d8b      0x173 c:/Users/dlerner/Documents/FPGA/EC544_Project/software/mem_test_small_custom_bsp/\libhal_bsp.a(altera_avalon_jtag_uart_read.o)
 .debug_info    0x0000000000006efe      0x14a c:/Users/dlerner/Documents/FPGA/EC544_Project/software/mem_test_small_custom_bsp/\libhal_bsp.a(altera_avalon_jtag_uart_write.o)
 .debug_info    0x0000000000007048       0x8c c:/Users/dlerner/Documents/FPGA/EC544_Project/software/mem_test_small_custom_bsp/\libhal_bsp.a(alt_dcache_flush_all.o)
 .debug_info    0x00000000000070d4      0x57a c:/Users/dlerner/Documents/FPGA/EC544_Project/software/mem_test_small_custom_bsp/\libhal_bsp.a(alt_dev.o)
 .debug_info    0x000000000000764e       0x9d c:/Users/dlerner/Documents/FPGA/EC544_Project/software/mem_test_small_custom_bsp/\libhal_bsp.a(alt_errno.o)
 .debug_info    0x00000000000076eb       0xb3 c:/Users/dlerner/Documents/FPGA/EC544_Project/software/mem_test_small_custom_bsp/\libhal_bsp.a(alt_icache_flush_all.o)
 .debug_info    0x000000000000779e       0x8c c:/Users/dlerner/Documents/FPGA/EC544_Project/software/mem_test_small_custom_bsp/\libhal_bsp.a(altera_nios2_gen2_irq.o)
 .debug_info    0x000000000000782a       0xef c:/Users/dlerner/Documents/FPGA/EC544_Project/software/mem_test_small_custom_bsp/\libhal_bsp.a(alt_icache_flush.o)
 .debug_info    0x0000000000007919      0x128 c:/intelfpga_lite/20.1/nios2eds/bin/gnu/h-x86_64-mingw32/bin/../lib/gcc/nios2-elf/10.1.1/../../../../../H-x86_64-mingw32/nios2-elf/lib\libsmallc.a(lib_a-memcpy.o)

.debug_abbrev   0x0000000000000000     0x24e1
 *(.debug_abbrev)
 .debug_abbrev  0x0000000000000000       0x12 c:/Users/dlerner/Documents/FPGA/EC544_Project/software/mem_test_small_custom_bsp//obj/HAL/src/crt0.o
 .debug_abbrev  0x0000000000000012      0x31a obj/default/memtest_small.o
 .debug_abbrev  0x000000000000032c      0x17a c:/intelfpga_lite/20.1/nios2eds/bin/gnu/h-x86_64-mingw32/bin/../lib/gcc/nios2-elf/10.1.1/../../../../../H-x86_64-mingw32/nios2-elf/lib\libsmallc.a(lib_a-impure.o)
 .debug_abbrev  0x00000000000004a6      0x216 c:/intelfpga_lite/20.1/nios2eds/bin/gnu/h-x86_64-mingw32/bin/../lib/gcc/nios2-elf/10.1.1/../../../../../H-x86_64-mingw32/nios2-elf/lib\libsmallc.a(lib_a-printf.o)
 .debug_abbrev  0x00000000000006bc      0x1f5 c:/intelfpga_lite/20.1/nios2eds/bin/gnu/h-x86_64-mingw32/bin/../lib/gcc/nios2-elf/10.1.1/../../../../../H-x86_64-mingw32/nios2-elf/lib\libsmallc.a(lib_a-putchar.o)
 .debug_abbrev  0x00000000000008b1      0x20b c:/intelfpga_lite/20.1/nios2eds/bin/gnu/h-x86_64-mingw32/bin/../lib/gcc/nios2-elf/10.1.1/../../../../../H-x86_64-mingw32/nios2-elf/lib\libsmallc.a(lib_a-puts.o)
 .debug_abbrev  0x0000000000000abc       0x8d c:/intelfpga_lite/20.1/nios2eds/bin/gnu/h-x86_64-mingw32/bin/../lib/gcc/nios2-elf/10.1.1/../../../../../H-x86_64-mingw32/nios2-elf/lib\libsmallc.a(lib_a-strlen.o)
 .debug_abbrev  0x0000000000000b49      0x2dc c:/intelfpga_lite/20.1/nios2eds/bin/gnu/h-x86_64-mingw32/bin/../lib/gcc/nios2-elf/10.1.1/../../../../../H-x86_64-mingw32/nios2-elf/lib\libsmallc.a(lib_a-strtol.o)
 .debug_abbrev  0x0000000000000e25      0x2f7 c:/intelfpga_lite/20.1/nios2eds/bin/gnu/h-x86_64-mingw32/bin/../lib/gcc/nios2-elf/10.1.1/../../../../../H-x86_64-mingw32/nios2-elf/lib\libsmallc.a(lib_a-vfprintf.o)
 .debug_abbrev  0x000000000000111c       0x73 c:/intelfpga_lite/20.1/nios2eds/bin/gnu/h-x86_64-mingw32/bin/../lib/gcc/nios2-elf/10.1.1/../../../../../H-x86_64-mingw32/nios2-elf/lib\libsmallc.a(lib_a-ctype_.o)
 .debug_abbrev  0x000000000000118f      0x180 c:/intelfpga_lite/20.1/nios2eds/bin/gnu/h-x86_64-mingw32/bin/../lib/gcc/nios2-elf/10.1.1/../../../../../H-x86_64-mingw32/nios2-elf/lib\libsmallc.a(lib_a-errno.o)
 .debug_abbrev  0x000000000000130f      0x1ed c:/intelfpga_lite/20.1/nios2eds/bin/gnu/h-x86_64-mingw32/bin/../lib/gcc/nios2-elf/10.1.1/../../../../../H-x86_64-mingw32/nios2-elf/lib\libsmallc.a(lib_a-fvwrite_small_dev.o)
 .debug_abbrev  0x00000000000014fc      0x1ef c:/intelfpga_lite/20.1/nios2eds/bin/gnu/h-x86_64-mingw32/bin/../lib/gcc/nios2-elf/10.1.1/../../../../../H-x86_64-mingw32/nios2-elf/lib\libsmallc.a(lib_a-putc.o)
 .debug_abbrev  0x00000000000016eb      0x1d9 c:/intelfpga_lite/20.1/nios2eds/bin/gnu/h-x86_64-mingw32/bin/../lib/gcc/nios2-elf/10.1.1/../../../../../H-x86_64-mingw32/nios2-elf/lib\libsmallc.a(lib_a-writer.o)
 .debug_abbrev  0x00000000000018c4       0x39 c:/intelfpga_lite/20.1/nios2eds/bin/gnu/h-x86_64-mingw32/bin/../lib/gcc/nios2-elf/10.1.1/../../../../../H-x86_64-mingw32/nios2-elf/lib\libsmallc.a(lib_a-int_errno.o)
 .debug_abbrev  0x00000000000018fd      0x103 c:/intelfpga_lite/20.1/nios2eds/bin/gnu/h-x86_64-mingw32/bin/../lib/gcc/nios2-elf/10.1.1\libgcc.a(lib2-divmod.o)
 .debug_abbrev  0x0000000000001a00      0x12f c:/Users/dlerner/Documents/FPGA/EC544_Project/software/mem_test_small_custom_bsp/\libhal_bsp.a(alt_getchar.o)
 .debug_abbrev  0x0000000000001b2f      0x125 c:/Users/dlerner/Documents/FPGA/EC544_Project/software/mem_test_small_custom_bsp/\libhal_bsp.a(alt_load.o)
 .debug_abbrev  0x0000000000001c54       0xba c:/Users/dlerner/Documents/FPGA/EC544_Project/software/mem_test_small_custom_bsp/\libhal_bsp.a(alt_main.o)
 .debug_abbrev  0x0000000000001d0e      0x12b c:/Users/dlerner/Documents/FPGA/EC544_Project/software/mem_test_small_custom_bsp/\libhal_bsp.a(alt_write.o)
 .debug_abbrev  0x0000000000001e39      0x10b c:/Users/dlerner/Documents/FPGA/EC544_Project/software/mem_test_small_custom_bsp/\libhal_bsp.a(alt_sys_init.o)
 .debug_abbrev  0x0000000000001f44       0xea c:/Users/dlerner/Documents/FPGA/EC544_Project/software/mem_test_small_custom_bsp/\libhal_bsp.a(altera_avalon_jtag_uart_read.o)
 .debug_abbrev  0x000000000000202e       0xea c:/Users/dlerner/Documents/FPGA/EC544_Project/software/mem_test_small_custom_bsp/\libhal_bsp.a(altera_avalon_jtag_uart_write.o)
 .debug_abbrev  0x0000000000002118       0x44 c:/Users/dlerner/Documents/FPGA/EC544_Project/software/mem_test_small_custom_bsp/\libhal_bsp.a(alt_dcache_flush_all.o)
 .debug_abbrev  0x000000000000215c      0x117 c:/Users/dlerner/Documents/FPGA/EC544_Project/software/mem_test_small_custom_bsp/\libhal_bsp.a(alt_dev.o)
 .debug_abbrev  0x0000000000002273       0x5a c:/Users/dlerner/Documents/FPGA/EC544_Project/software/mem_test_small_custom_bsp/\libhal_bsp.a(alt_errno.o)
 .debug_abbrev  0x00000000000022cd       0x73 c:/Users/dlerner/Documents/FPGA/EC544_Project/software/mem_test_small_custom_bsp/\libhal_bsp.a(alt_icache_flush_all.o)
 .debug_abbrev  0x0000000000002340       0x44 c:/Users/dlerner/Documents/FPGA/EC544_Project/software/mem_test_small_custom_bsp/\libhal_bsp.a(altera_nios2_gen2_irq.o)
 .debug_abbrev  0x0000000000002384       0x9f c:/Users/dlerner/Documents/FPGA/EC544_Project/software/mem_test_small_custom_bsp/\libhal_bsp.a(alt_icache_flush.o)
 .debug_abbrev  0x0000000000002423       0xbe c:/intelfpga_lite/20.1/nios2eds/bin/gnu/h-x86_64-mingw32/bin/../lib/gcc/nios2-elf/10.1.1/../../../../../H-x86_64-mingw32/nios2-elf/lib\libsmallc.a(lib_a-memcpy.o)

.debug_line     0x0000000000000000     0x334d
 *(.debug_line)
 .debug_line    0x0000000000000000       0x6c c:/Users/dlerner/Documents/FPGA/EC544_Project/software/mem_test_small_custom_bsp//obj/HAL/src/crt0.o
 .debug_line    0x000000000000006c      0x4a0 obj/default/memtest_small.o
 .debug_line    0x000000000000050c      0x15a c:/intelfpga_lite/20.1/nios2eds/bin/gnu/h-x86_64-mingw32/bin/../lib/gcc/nios2-elf/10.1.1/../../../../../H-x86_64-mingw32/nios2-elf/lib\libsmallc.a(lib_a-impure.o)
 .debug_line    0x0000000000000666      0x249 c:/intelfpga_lite/20.1/nios2eds/bin/gnu/h-x86_64-mingw32/bin/../lib/gcc/nios2-elf/10.1.1/../../../../../H-x86_64-mingw32/nios2-elf/lib\libsmallc.a(lib_a-printf.o)
 .debug_line    0x00000000000008af      0x213 c:/intelfpga_lite/20.1/nios2eds/bin/gnu/h-x86_64-mingw32/bin/../lib/gcc/nios2-elf/10.1.1/../../../../../H-x86_64-mingw32/nios2-elf/lib\libsmallc.a(lib_a-putchar.o)
 .debug_line    0x0000000000000ac2      0x23d c:/intelfpga_lite/20.1/nios2eds/bin/gnu/h-x86_64-mingw32/bin/../lib/gcc/nios2-elf/10.1.1/../../../../../H-x86_64-mingw32/nios2-elf/lib\libsmallc.a(lib_a-puts.o)
 .debug_line    0x0000000000000cff      0x17a c:/intelfpga_lite/20.1/nios2eds/bin/gnu/h-x86_64-mingw32/bin/../lib/gcc/nios2-elf/10.1.1/../../../../../H-x86_64-mingw32/nios2-elf/lib\libsmallc.a(lib_a-strlen.o)
 .debug_line    0x0000000000000e79      0x48e c:/intelfpga_lite/20.1/nios2eds/bin/gnu/h-x86_64-mingw32/bin/../lib/gcc/nios2-elf/10.1.1/../../../../../H-x86_64-mingw32/nios2-elf/lib\libsmallc.a(lib_a-strtol.o)
 .debug_line    0x0000000000001307      0x736 c:/intelfpga_lite/20.1/nios2eds/bin/gnu/h-x86_64-mingw32/bin/../lib/gcc/nios2-elf/10.1.1/../../../../../H-x86_64-mingw32/nios2-elf/lib\libsmallc.a(lib_a-vfprintf.o)
 .debug_line    0x0000000000001a3d       0xd5 c:/intelfpga_lite/20.1/nios2eds/bin/gnu/h-x86_64-mingw32/bin/../lib/gcc/nios2-elf/10.1.1/../../../../../H-x86_64-mingw32/nios2-elf/lib\libsmallc.a(lib_a-ctype_.o)
 .debug_line    0x0000000000001b12      0x17c c:/intelfpga_lite/20.1/nios2eds/bin/gnu/h-x86_64-mingw32/bin/../lib/gcc/nios2-elf/10.1.1/../../../../../H-x86_64-mingw32/nios2-elf/lib\libsmallc.a(lib_a-errno.o)
 .debug_line    0x0000000000001c8e      0x250 c:/intelfpga_lite/20.1/nios2eds/bin/gnu/h-x86_64-mingw32/bin/../lib/gcc/nios2-elf/10.1.1/../../../../../H-x86_64-mingw32/nios2-elf/lib\libsmallc.a(lib_a-fvwrite_small_dev.o)
 .debug_line    0x0000000000001ede      0x259 c:/intelfpga_lite/20.1/nios2eds/bin/gnu/h-x86_64-mingw32/bin/../lib/gcc/nios2-elf/10.1.1/../../../../../H-x86_64-mingw32/nios2-elf/lib\libsmallc.a(lib_a-putc.o)
 .debug_line    0x0000000000002137      0x223 c:/intelfpga_lite/20.1/nios2eds/bin/gnu/h-x86_64-mingw32/bin/../lib/gcc/nios2-elf/10.1.1/../../../../../H-x86_64-mingw32/nios2-elf/lib\libsmallc.a(lib_a-writer.o)
 .debug_line    0x000000000000235a       0x5e c:/intelfpga_lite/20.1/nios2eds/bin/gnu/h-x86_64-mingw32/bin/../lib/gcc/nios2-elf/10.1.1/../../../../../H-x86_64-mingw32/nios2-elf/lib\libsmallc.a(lib_a-int_errno.o)
 .debug_line    0x00000000000023b8      0x303 c:/intelfpga_lite/20.1/nios2eds/bin/gnu/h-x86_64-mingw32/bin/../lib/gcc/nios2-elf/10.1.1\libgcc.a(lib2-divmod.o)
 .debug_line    0x00000000000026bb       0xdd c:/Users/dlerner/Documents/FPGA/EC544_Project/software/mem_test_small_custom_bsp/\libhal_bsp.a(alt_getchar.o)
 .debug_line    0x0000000000002798      0x101 c:/Users/dlerner/Documents/FPGA/EC544_Project/software/mem_test_small_custom_bsp/\libhal_bsp.a(alt_load.o)
 .debug_line    0x0000000000002899       0xe0 c:/Users/dlerner/Documents/FPGA/EC544_Project/software/mem_test_small_custom_bsp/\libhal_bsp.a(alt_main.o)
 .debug_line    0x0000000000002979      0x182 c:/Users/dlerner/Documents/FPGA/EC544_Project/software/mem_test_small_custom_bsp/\libhal_bsp.a(alt_write.o)
 .debug_line    0x0000000000002afb       0xe7 c:/Users/dlerner/Documents/FPGA/EC544_Project/software/mem_test_small_custom_bsp/\libhal_bsp.a(alt_sys_init.o)
 .debug_line    0x0000000000002be2      0x11d c:/Users/dlerner/Documents/FPGA/EC544_Project/software/mem_test_small_custom_bsp/\libhal_bsp.a(altera_avalon_jtag_uart_read.o)
 .debug_line    0x0000000000002cff       0xd6 c:/Users/dlerner/Documents/FPGA/EC544_Project/software/mem_test_small_custom_bsp/\libhal_bsp.a(altera_avalon_jtag_uart_write.o)
 .debug_line    0x0000000000002dd5       0x53 c:/Users/dlerner/Documents/FPGA/EC544_Project/software/mem_test_small_custom_bsp/\libhal_bsp.a(alt_dcache_flush_all.o)
 .debug_line    0x0000000000002e28      0x1a0 c:/Users/dlerner/Documents/FPGA/EC544_Project/software/mem_test_small_custom_bsp/\libhal_bsp.a(alt_dev.o)
 .debug_line    0x0000000000002fc8       0x51 c:/Users/dlerner/Documents/FPGA/EC544_Project/software/mem_test_small_custom_bsp/\libhal_bsp.a(alt_errno.o)
 .debug_line    0x0000000000003019       0x77 c:/Users/dlerner/Documents/FPGA/EC544_Project/software/mem_test_small_custom_bsp/\libhal_bsp.a(alt_icache_flush_all.o)
 .debug_line    0x0000000000003090       0x5a c:/Users/dlerner/Documents/FPGA/EC544_Project/software/mem_test_small_custom_bsp/\libhal_bsp.a(altera_nios2_gen2_irq.o)
 .debug_line    0x00000000000030ea       0xd9 c:/Users/dlerner/Documents/FPGA/EC544_Project/software/mem_test_small_custom_bsp/\libhal_bsp.a(alt_icache_flush.o)
 .debug_line    0x00000000000031c3      0x18a c:/intelfpga_lite/20.1/nios2eds/bin/gnu/h-x86_64-mingw32/bin/../lib/gcc/nios2-elf/10.1.1/../../../../../H-x86_64-mingw32/nios2-elf/lib\libsmallc.a(lib_a-memcpy.o)

.debug_frame    0x0000000000000000      0x590
 *(.debug_frame)
 .debug_frame   0x0000000000000000       0x80 obj/default/memtest_small.o
 .debug_frame   0x0000000000000080       0x48 c:/intelfpga_lite/20.1/nios2eds/bin/gnu/h-x86_64-mingw32/bin/../lib/gcc/nios2-elf/10.1.1/../../../../../H-x86_64-mingw32/nios2-elf/lib\libsmallc.a(lib_a-printf.o)
 .debug_frame   0x00000000000000c8       0x30 c:/intelfpga_lite/20.1/nios2eds/bin/gnu/h-x86_64-mingw32/bin/../lib/gcc/nios2-elf/10.1.1/../../../../../H-x86_64-mingw32/nios2-elf/lib\libsmallc.a(lib_a-putchar.o)
 .debug_frame   0x00000000000000f8       0x48 c:/intelfpga_lite/20.1/nios2eds/bin/gnu/h-x86_64-mingw32/bin/../lib/gcc/nios2-elf/10.1.1/../../../../../H-x86_64-mingw32/nios2-elf/lib\libsmallc.a(lib_a-puts.o)
 .debug_frame   0x0000000000000140       0x20 c:/intelfpga_lite/20.1/nios2eds/bin/gnu/h-x86_64-mingw32/bin/../lib/gcc/nios2-elf/10.1.1/../../../../../H-x86_64-mingw32/nios2-elf/lib\libsmallc.a(lib_a-strlen.o)
 .debug_frame   0x0000000000000160       0x84 c:/intelfpga_lite/20.1/nios2eds/bin/gnu/h-x86_64-mingw32/bin/../lib/gcc/nios2-elf/10.1.1/../../../../../H-x86_64-mingw32/nios2-elf/lib\libsmallc.a(lib_a-strtol.o)
 .debug_frame   0x00000000000001e4       0x90 c:/intelfpga_lite/20.1/nios2eds/bin/gnu/h-x86_64-mingw32/bin/../lib/gcc/nios2-elf/10.1.1/../../../../../H-x86_64-mingw32/nios2-elf/lib\libsmallc.a(lib_a-vfprintf.o)
 .debug_frame   0x0000000000000274       0x20 c:/intelfpga_lite/20.1/nios2eds/bin/gnu/h-x86_64-mingw32/bin/../lib/gcc/nios2-elf/10.1.1/../../../../../H-x86_64-mingw32/nios2-elf/lib\libsmallc.a(lib_a-errno.o)
 .debug_frame   0x0000000000000294       0x3c c:/intelfpga_lite/20.1/nios2eds/bin/gnu/h-x86_64-mingw32/bin/../lib/gcc/nios2-elf/10.1.1/../../../../../H-x86_64-mingw32/nios2-elf/lib\libsmallc.a(lib_a-fvwrite_small_dev.o)
 .debug_frame   0x00000000000002d0       0x50 c:/intelfpga_lite/20.1/nios2eds/bin/gnu/h-x86_64-mingw32/bin/../lib/gcc/nios2-elf/10.1.1/../../../../../H-x86_64-mingw32/nios2-elf/lib\libsmallc.a(lib_a-putc.o)
 .debug_frame   0x0000000000000320       0x30 c:/intelfpga_lite/20.1/nios2eds/bin/gnu/h-x86_64-mingw32/bin/../lib/gcc/nios2-elf/10.1.1/../../../../../H-x86_64-mingw32/nios2-elf/lib\libsmallc.a(lib_a-writer.o)
 .debug_frame   0x0000000000000350       0x50 c:/intelfpga_lite/20.1/nios2eds/bin/gnu/h-x86_64-mingw32/bin/../lib/gcc/nios2-elf/10.1.1\libgcc.a(lib2-divmod.o)
 .debug_frame   0x00000000000003a0       0x30 c:/Users/dlerner/Documents/FPGA/EC544_Project/software/mem_test_small_custom_bsp/\libhal_bsp.a(alt_getchar.o)
 .debug_frame   0x00000000000003d0       0x2c c:/Users/dlerner/Documents/FPGA/EC544_Project/software/mem_test_small_custom_bsp/\libhal_bsp.a(alt_load.o)
 .debug_frame   0x00000000000003fc       0x2c c:/Users/dlerner/Documents/FPGA/EC544_Project/software/mem_test_small_custom_bsp/\libhal_bsp.a(alt_main.o)
 .debug_frame   0x0000000000000428       0x2c c:/Users/dlerner/Documents/FPGA/EC544_Project/software/mem_test_small_custom_bsp/\libhal_bsp.a(alt_write.o)
 .debug_frame   0x0000000000000454       0x3c c:/Users/dlerner/Documents/FPGA/EC544_Project/software/mem_test_small_custom_bsp/\libhal_bsp.a(alt_sys_init.o)
 .debug_frame   0x0000000000000490       0x20 c:/Users/dlerner/Documents/FPGA/EC544_Project/software/mem_test_small_custom_bsp/\libhal_bsp.a(altera_avalon_jtag_uart_read.o)
 .debug_frame   0x00000000000004b0       0x20 c:/Users/dlerner/Documents/FPGA/EC544_Project/software/mem_test_small_custom_bsp/\libhal_bsp.a(altera_avalon_jtag_uart_write.o)
 .debug_frame   0x00000000000004d0       0x20 c:/Users/dlerner/Documents/FPGA/EC544_Project/software/mem_test_small_custom_bsp/\libhal_bsp.a(alt_dcache_flush_all.o)
 .debug_frame   0x00000000000004f0       0x20 c:/Users/dlerner/Documents/FPGA/EC544_Project/software/mem_test_small_custom_bsp/\libhal_bsp.a(alt_dev.o)
 .debug_frame   0x0000000000000510       0x20 c:/Users/dlerner/Documents/FPGA/EC544_Project/software/mem_test_small_custom_bsp/\libhal_bsp.a(alt_icache_flush_all.o)
 .debug_frame   0x0000000000000530       0x20 c:/Users/dlerner/Documents/FPGA/EC544_Project/software/mem_test_small_custom_bsp/\libhal_bsp.a(altera_nios2_gen2_irq.o)
 .debug_frame   0x0000000000000550       0x20 c:/Users/dlerner/Documents/FPGA/EC544_Project/software/mem_test_small_custom_bsp/\libhal_bsp.a(alt_icache_flush.o)
 .debug_frame   0x0000000000000570       0x20 c:/intelfpga_lite/20.1/nios2eds/bin/gnu/h-x86_64-mingw32/bin/../lib/gcc/nios2-elf/10.1.1/../../../../../H-x86_64-mingw32/nios2-elf/lib\libsmallc.a(lib_a-memcpy.o)

.debug_str      0x0000000000000000     0x17bd
 *(.debug_str)
 .debug_str     0x0000000000000000       0x6f c:/Users/dlerner/Documents/FPGA/EC544_Project/software/mem_test_small_custom_bsp//obj/HAL/src/crt0.o
 .debug_str     0x000000000000006f      0x53d obj/default/memtest_small.o
                                        0x603 (size before relaxing)
 .debug_str     0x00000000000005ac      0x188 c:/intelfpga_lite/20.1/nios2eds/bin/gnu/h-x86_64-mingw32/bin/../lib/gcc/nios2-elf/10.1.1/../../../../../H-x86_64-mingw32/nios2-elf/lib\libsmallc.a(lib_a-impure.o)
                                        0x4ae (size before relaxing)
 .debug_str     0x0000000000000734      0x11b c:/intelfpga_lite/20.1/nios2eds/bin/gnu/h-x86_64-mingw32/bin/../lib/gcc/nios2-elf/10.1.1/../../../../../H-x86_64-mingw32/nios2-elf/lib\libsmallc.a(lib_a-printf.o)
                                        0x4f4 (size before relaxing)
 .debug_str     0x000000000000084f       0x4f c:/intelfpga_lite/20.1/nios2eds/bin/gnu/h-x86_64-mingw32/bin/../lib/gcc/nios2-elf/10.1.1/../../../../../H-x86_64-mingw32/nios2-elf/lib\libsmallc.a(lib_a-putchar.o)
                                        0x4b1 (size before relaxing)
 .debug_str     0x000000000000089e       0x5d c:/intelfpga_lite/20.1/nios2eds/bin/gnu/h-x86_64-mingw32/bin/../lib/gcc/nios2-elf/10.1.1/../../../../../H-x86_64-mingw32/nios2-elf/lib\libsmallc.a(lib_a-puts.o)
                                        0x4bd (size before relaxing)
 .debug_str     0x00000000000008fb       0xc7 c:/intelfpga_lite/20.1/nios2eds/bin/gnu/h-x86_64-mingw32/bin/../lib/gcc/nios2-elf/10.1.1/../../../../../H-x86_64-mingw32/nios2-elf/lib\libsmallc.a(lib_a-strlen.o)
                                        0x1c2 (size before relaxing)
 .debug_str     0x00000000000009c2      0x2a1 c:/intelfpga_lite/20.1/nios2eds/bin/gnu/h-x86_64-mingw32/bin/../lib/gcc/nios2-elf/10.1.1/../../../../../H-x86_64-mingw32/nios2-elf/lib\libsmallc.a(lib_a-strtol.o)
                                        0x71d (size before relaxing)
 .debug_str     0x0000000000000c63      0x181 c:/intelfpga_lite/20.1/nios2eds/bin/gnu/h-x86_64-mingw32/bin/../lib/gcc/nios2-elf/10.1.1/../../../../../H-x86_64-mingw32/nios2-elf/lib\libsmallc.a(lib_a-vfprintf.o)
                                        0x84e (size before relaxing)
 .debug_str     0x0000000000000de4       0xce c:/intelfpga_lite/20.1/nios2eds/bin/gnu/h-x86_64-mingw32/bin/../lib/gcc/nios2-elf/10.1.1/../../../../../H-x86_64-mingw32/nios2-elf/lib\libsmallc.a(lib_a-ctype_.o)
                                        0x1bd (size before relaxing)
 .debug_str     0x0000000000000eb2       0xc4 c:/intelfpga_lite/20.1/nios2eds/bin/gnu/h-x86_64-mingw32/bin/../lib/gcc/nios2-elf/10.1.1/../../../../../H-x86_64-mingw32/nios2-elf/lib\libsmallc.a(lib_a-errno.o)
                                        0x496 (size before relaxing)
 .debug_str     0x0000000000000f76       0x62 c:/intelfpga_lite/20.1/nios2eds/bin/gnu/h-x86_64-mingw32/bin/../lib/gcc/nios2-elf/10.1.1/../../../../../H-x86_64-mingw32/nios2-elf/lib\libsmallc.a(lib_a-fvwrite_small_dev.o)
                                        0x4c4 (size before relaxing)
 .debug_str     0x0000000000000fd8       0x45 c:/intelfpga_lite/20.1/nios2eds/bin/gnu/h-x86_64-mingw32/bin/../lib/gcc/nios2-elf/10.1.1/../../../../../H-x86_64-mingw32/nios2-elf/lib\libsmallc.a(lib_a-putc.o)
                                        0x4bb (size before relaxing)
 .debug_str     0x000000000000101d       0x44 c:/intelfpga_lite/20.1/nios2eds/bin/gnu/h-x86_64-mingw32/bin/../lib/gcc/nios2-elf/10.1.1/../../../../../H-x86_64-mingw32/nios2-elf/lib\libsmallc.a(lib_a-writer.o)
                                        0x4a8 (size before relaxing)
 .debug_str     0x0000000000001061       0x3e c:/intelfpga_lite/20.1/nios2eds/bin/gnu/h-x86_64-mingw32/bin/../lib/gcc/nios2-elf/10.1.1/../../../../../H-x86_64-mingw32/nios2-elf/lib\libsmallc.a(lib_a-int_errno.o)
                                        0x1b5 (size before relaxing)
 .debug_str     0x000000000000109f      0x167 c:/intelfpga_lite/20.1/nios2eds/bin/gnu/h-x86_64-mingw32/bin/../lib/gcc/nios2-elf/10.1.1\libgcc.a(lib2-divmod.o)
                                        0x1c6 (size before relaxing)
 .debug_str     0x0000000000001206       0xd4 c:/Users/dlerner/Documents/FPGA/EC544_Project/software/mem_test_small_custom_bsp/\libhal_bsp.a(alt_getchar.o)
                                        0x23e (size before relaxing)
 .debug_str     0x00000000000012da      0x12c c:/Users/dlerner/Documents/FPGA/EC544_Project/software/mem_test_small_custom_bsp/\libhal_bsp.a(alt_load.o)
                                        0x269 (size before relaxing)
 .debug_str     0x0000000000001406       0x5e c:/Users/dlerner/Documents/FPGA/EC544_Project/software/mem_test_small_custom_bsp/\libhal_bsp.a(alt_main.o)
                                        0x199 (size before relaxing)
 .debug_str     0x0000000000001464       0x4a c:/Users/dlerner/Documents/FPGA/EC544_Project/software/mem_test_small_custom_bsp/\libhal_bsp.a(alt_write.o)
                                        0x1c2 (size before relaxing)
 .debug_str     0x00000000000014ae       0x66 c:/Users/dlerner/Documents/FPGA/EC544_Project/software/mem_test_small_custom_bsp/\libhal_bsp.a(alt_sys_init.o)
                                        0x1e5 (size before relaxing)
 .debug_str     0x0000000000001514       0x32 c:/Users/dlerner/Documents/FPGA/EC544_Project/software/mem_test_small_custom_bsp/\libhal_bsp.a(altera_avalon_jtag_uart_read.o)
                                        0x1e0 (size before relaxing)
 .debug_str     0x0000000000001546       0x2c c:/Users/dlerner/Documents/FPGA/EC544_Project/software/mem_test_small_custom_bsp/\libhal_bsp.a(altera_avalon_jtag_uart_write.o)
                                        0x1d6 (size before relaxing)
 .debug_str     0x0000000000001572       0x1f c:/Users/dlerner/Documents/FPGA/EC544_Project/software/mem_test_small_custom_bsp/\libhal_bsp.a(alt_dcache_flush_all.o)
                                        0x16a (size before relaxing)
 .debug_str     0x0000000000001591      0x15d c:/Users/dlerner/Documents/FPGA/EC544_Project/software/mem_test_small_custom_bsp/\libhal_bsp.a(alt_dev.o)
                                        0x379 (size before relaxing)
 .debug_str     0x00000000000016ee       0x14 c:/Users/dlerner/Documents/FPGA/EC544_Project/software/mem_test_small_custom_bsp/\libhal_bsp.a(alt_errno.o)
                                        0x154 (size before relaxing)
 .debug_str     0x0000000000001702       0x30 c:/Users/dlerner/Documents/FPGA/EC544_Project/software/mem_test_small_custom_bsp/\libhal_bsp.a(alt_icache_flush_all.o)
                                        0x17b (size before relaxing)
 .debug_str     0x0000000000001732       0x20 c:/Users/dlerner/Documents/FPGA/EC544_Project/software/mem_test_small_custom_bsp/\libhal_bsp.a(altera_nios2_gen2_irq.o)
                                        0x171 (size before relaxing)
 .debug_str     0x0000000000001752       0x1b c:/Users/dlerner/Documents/FPGA/EC544_Project/software/mem_test_small_custom_bsp/\libhal_bsp.a(alt_icache_flush.o)
                                        0x170 (size before relaxing)
 .debug_str     0x000000000000176d       0x50 c:/intelfpga_lite/20.1/nios2eds/bin/gnu/h-x86_64-mingw32/bin/../lib/gcc/nios2-elf/10.1.1/../../../../../H-x86_64-mingw32/nios2-elf/lib\libsmallc.a(lib_a-memcpy.o)
                                        0x1d0 (size before relaxing)

.debug_loc      0x0000000000000000     0x2440
 *(.debug_loc)
 .debug_loc     0x0000000000000000      0x2ea obj/default/memtest_small.o
 .debug_loc     0x00000000000002ea       0xe1 c:/intelfpga_lite/20.1/nios2eds/bin/gnu/h-x86_64-mingw32/bin/../lib/gcc/nios2-elf/10.1.1/../../../../../H-x86_64-mingw32/nios2-elf/lib\libsmallc.a(lib_a-printf.o)
 .debug_loc     0x00000000000003cb       0x91 c:/intelfpga_lite/20.1/nios2eds/bin/gnu/h-x86_64-mingw32/bin/../lib/gcc/nios2-elf/10.1.1/../../../../../H-x86_64-mingw32/nios2-elf/lib\libsmallc.a(lib_a-putchar.o)
 .debug_loc     0x000000000000045c       0xab c:/intelfpga_lite/20.1/nios2eds/bin/gnu/h-x86_64-mingw32/bin/../lib/gcc/nios2-elf/10.1.1/../../../../../H-x86_64-mingw32/nios2-elf/lib\libsmallc.a(lib_a-puts.o)
 .debug_loc     0x0000000000000507       0x44 c:/intelfpga_lite/20.1/nios2eds/bin/gnu/h-x86_64-mingw32/bin/../lib/gcc/nios2-elf/10.1.1/../../../../../H-x86_64-mingw32/nios2-elf/lib\libsmallc.a(lib_a-strlen.o)
 .debug_loc     0x000000000000054b      0x6ca c:/intelfpga_lite/20.1/nios2eds/bin/gnu/h-x86_64-mingw32/bin/../lib/gcc/nios2-elf/10.1.1/../../../../../H-x86_64-mingw32/nios2-elf/lib\libsmallc.a(lib_a-strtol.o)
 .debug_loc     0x0000000000000c15      0xb0d c:/intelfpga_lite/20.1/nios2eds/bin/gnu/h-x86_64-mingw32/bin/../lib/gcc/nios2-elf/10.1.1/../../../../../H-x86_64-mingw32/nios2-elf/lib\libsmallc.a(lib_a-vfprintf.o)
 .debug_loc     0x0000000000001722      0x123 c:/intelfpga_lite/20.1/nios2eds/bin/gnu/h-x86_64-mingw32/bin/../lib/gcc/nios2-elf/10.1.1/../../../../../H-x86_64-mingw32/nios2-elf/lib\libsmallc.a(lib_a-fvwrite_small_dev.o)
 .debug_loc     0x0000000000001845       0xe0 c:/intelfpga_lite/20.1/nios2eds/bin/gnu/h-x86_64-mingw32/bin/../lib/gcc/nios2-elf/10.1.1/../../../../../H-x86_64-mingw32/nios2-elf/lib\libsmallc.a(lib_a-putc.o)
 .debug_loc     0x0000000000001925       0xd0 c:/intelfpga_lite/20.1/nios2eds/bin/gnu/h-x86_64-mingw32/bin/../lib/gcc/nios2-elf/10.1.1/../../../../../H-x86_64-mingw32/nios2-elf/lib\libsmallc.a(lib_a-writer.o)
 .debug_loc     0x00000000000019f5      0x5d0 c:/intelfpga_lite/20.1/nios2eds/bin/gnu/h-x86_64-mingw32/bin/../lib/gcc/nios2-elf/10.1.1\libgcc.a(lib2-divmod.o)
 .debug_loc     0x0000000000001fc5       0xd2 c:/Users/dlerner/Documents/FPGA/EC544_Project/software/mem_test_small_custom_bsp/\libhal_bsp.a(alt_write.o)
 .debug_loc     0x0000000000002097       0x25 c:/Users/dlerner/Documents/FPGA/EC544_Project/software/mem_test_small_custom_bsp/\libhal_bsp.a(alt_sys_init.o)
 .debug_loc     0x00000000000020bc      0x130 c:/Users/dlerner/Documents/FPGA/EC544_Project/software/mem_test_small_custom_bsp/\libhal_bsp.a(altera_avalon_jtag_uart_read.o)
 .debug_loc     0x00000000000021ec       0x93 c:/Users/dlerner/Documents/FPGA/EC544_Project/software/mem_test_small_custom_bsp/\libhal_bsp.a(altera_avalon_jtag_uart_write.o)
 .debug_loc     0x000000000000227f       0x97 c:/Users/dlerner/Documents/FPGA/EC544_Project/software/mem_test_small_custom_bsp/\libhal_bsp.a(alt_icache_flush.o)
 .debug_loc     0x0000000000002316      0x12a c:/intelfpga_lite/20.1/nios2eds/bin/gnu/h-x86_64-mingw32/bin/../lib/gcc/nios2-elf/10.1.1/../../../../../H-x86_64-mingw32/nios2-elf/lib\libsmallc.a(lib_a-memcpy.o)

.debug_macinfo
 *(.debug_macinfo)

.debug_weaknames
 *(.debug_weaknames)

.debug_funcnames
 *(.debug_funcnames)

.debug_typenames
 *(.debug_typenames)

.debug_varnames
 *(.debug_varnames)

.debug_alt_sim_info
                0x0000000000000000       0x20
 *(.debug_alt_sim_info)
 .debug_alt_sim_info
                0x0000000000000000       0x20 c:/Users/dlerner/Documents/FPGA/EC544_Project/software/mem_test_small_custom_bsp//obj/HAL/src/crt0.o
                0x000000000000d000                __alt_data_end = 0xd000
                0x000000000000d000                PROVIDE (__alt_stack_pointer = __alt_data_end)
                [!provide]                        PROVIDE (__alt_stack_limit = __alt_stack_base)
                [!provide]                        PROVIDE (__alt_heap_start = end)
                [!provide]                        PROVIDE (__alt_heap_limit = 0xd000)
OUTPUT(mem_test_small_custom.elf elf32-littlenios2)
LOAD linker stubs

.debug_ranges   0x0000000000000000      0x370
 .debug_ranges  0x0000000000000000       0x20 c:/Users/dlerner/Documents/FPGA/EC544_Project/software/mem_test_small_custom_bsp//obj/HAL/src/crt0.o
 .debug_ranges  0x0000000000000020       0x90 obj/default/memtest_small.o
 .debug_ranges  0x00000000000000b0       0x18 c:/intelfpga_lite/20.1/nios2eds/bin/gnu/h-x86_64-mingw32/bin/../lib/gcc/nios2-elf/10.1.1/../../../../../H-x86_64-mingw32/nios2-elf/lib\libsmallc.a(lib_a-printf.o)
 .debug_ranges  0x00000000000000c8       0x18 c:/intelfpga_lite/20.1/nios2eds/bin/gnu/h-x86_64-mingw32/bin/../lib/gcc/nios2-elf/10.1.1/../../../../../H-x86_64-mingw32/nios2-elf/lib\libsmallc.a(lib_a-putchar.o)
 .debug_ranges  0x00000000000000e0       0x18 c:/intelfpga_lite/20.1/nios2eds/bin/gnu/h-x86_64-mingw32/bin/../lib/gcc/nios2-elf/10.1.1/../../../../../H-x86_64-mingw32/nios2-elf/lib\libsmallc.a(lib_a-puts.o)
 .debug_ranges  0x00000000000000f8       0x10 c:/intelfpga_lite/20.1/nios2eds/bin/gnu/h-x86_64-mingw32/bin/../lib/gcc/nios2-elf/10.1.1/../../../../../H-x86_64-mingw32/nios2-elf/lib\libsmallc.a(lib_a-strlen.o)
 .debug_ranges  0x0000000000000108       0x28 c:/intelfpga_lite/20.1/nios2eds/bin/gnu/h-x86_64-mingw32/bin/../lib/gcc/nios2-elf/10.1.1/../../../../../H-x86_64-mingw32/nios2-elf/lib\libsmallc.a(lib_a-strtol.o)
 .debug_ranges  0x0000000000000130       0xf8 c:/intelfpga_lite/20.1/nios2eds/bin/gnu/h-x86_64-mingw32/bin/../lib/gcc/nios2-elf/10.1.1/../../../../../H-x86_64-mingw32/nios2-elf/lib\libsmallc.a(lib_a-vfprintf.o)
 .debug_ranges  0x0000000000000228       0x10 c:/intelfpga_lite/20.1/nios2eds/bin/gnu/h-x86_64-mingw32/bin/../lib/gcc/nios2-elf/10.1.1/../../../../../H-x86_64-mingw32/nios2-elf/lib\libsmallc.a(lib_a-errno.o)
 .debug_ranges  0x0000000000000238       0x10 c:/intelfpga_lite/20.1/nios2eds/bin/gnu/h-x86_64-mingw32/bin/../lib/gcc/nios2-elf/10.1.1/../../../../../H-x86_64-mingw32/nios2-elf/lib\libsmallc.a(lib_a-fvwrite_small_dev.o)
 .debug_ranges  0x0000000000000248       0x18 c:/intelfpga_lite/20.1/nios2eds/bin/gnu/h-x86_64-mingw32/bin/../lib/gcc/nios2-elf/10.1.1/../../../../../H-x86_64-mingw32/nios2-elf/lib\libsmallc.a(lib_a-putc.o)
 .debug_ranges  0x0000000000000260       0x10 c:/intelfpga_lite/20.1/nios2eds/bin/gnu/h-x86_64-mingw32/bin/../lib/gcc/nios2-elf/10.1.1/../../../../../H-x86_64-mingw32/nios2-elf/lib\libsmallc.a(lib_a-writer.o)
 .debug_ranges  0x0000000000000270       0x70 c:/intelfpga_lite/20.1/nios2eds/bin/gnu/h-x86_64-mingw32/bin/../lib/gcc/nios2-elf/10.1.1\libgcc.a(lib2-divmod.o)
 .debug_ranges  0x00000000000002e0       0x30 c:/Users/dlerner/Documents/FPGA/EC544_Project/software/mem_test_small_custom_bsp/\libhal_bsp.a(alt_load.o)
 .debug_ranges  0x0000000000000310       0x20 c:/Users/dlerner/Documents/FPGA/EC544_Project/software/mem_test_small_custom_bsp/\libhal_bsp.a(alt_write.o)
 .debug_ranges  0x0000000000000330       0x20 c:/Users/dlerner/Documents/FPGA/EC544_Project/software/mem_test_small_custom_bsp/\libhal_bsp.a(altera_avalon_jtag_uart_read.o)
 .debug_ranges  0x0000000000000350       0x10 c:/Users/dlerner/Documents/FPGA/EC544_Project/software/mem_test_small_custom_bsp/\libhal_bsp.a(alt_icache_flush.o)
 .debug_ranges  0x0000000000000360       0x10 c:/intelfpga_lite/20.1/nios2eds/bin/gnu/h-x86_64-mingw32/bin/../lib/gcc/nios2-elf/10.1.1/../../../../../H-x86_64-mingw32/nios2-elf/lib\libsmallc.a(lib_a-memcpy.o)
